Archive member included to satisfy reference by file (symbol)

C:/ST/STM32CubeIDE_1.16.1/STM32CubeIDE/plugins/com.st.stm32cube.ide.mcu.externaltools.gnu-tools-for-stm32.12.3.rel1.win32_1.0.200.202406191623/tools/bin/../lib/gcc/arm-none-eabi/12.3.1/../../../../arm-none-eabi/lib/thumb/v7e-m+fp/hard\libc_nano.a(libc_a-exit.o)
                              C:/ST/STM32CubeIDE_1.16.1/STM32CubeIDE/plugins/com.st.stm32cube.ide.mcu.externaltools.gnu-tools-for-stm32.12.3.rel1.win32_1.0.200.202406191623/tools/bin/../lib/gcc/arm-none-eabi/12.3.1/../../../../arm-none-eabi/lib/thumb/v7e-m+fp/hard/crt0.o (exit)
C:/ST/STM32CubeIDE_1.16.1/STM32CubeIDE/plugins/com.st.stm32cube.ide.mcu.externaltools.gnu-tools-for-stm32.12.3.rel1.win32_1.0.200.202406191623/tools/bin/../lib/gcc/arm-none-eabi/12.3.1/../../../../arm-none-eabi/lib/thumb/v7e-m+fp/hard\libc_nano.a(libc_a-findfp.o)
                              C:/ST/STM32CubeIDE_1.16.1/STM32CubeIDE/plugins/com.st.stm32cube.ide.mcu.externaltools.gnu-tools-for-stm32.12.3.rel1.win32_1.0.200.202406191623/tools/bin/../lib/gcc/arm-none-eabi/12.3.1/../../../../arm-none-eabi/lib/thumb/v7e-m+fp/hard\libc_nano.a(libc_a-exit.o) (__stdio_exit_handler)
C:/ST/STM32CubeIDE_1.16.1/STM32CubeIDE/plugins/com.st.stm32cube.ide.mcu.externaltools.gnu-tools-for-stm32.12.3.rel1.win32_1.0.200.202406191623/tools/bin/../lib/gcc/arm-none-eabi/12.3.1/../../../../arm-none-eabi/lib/thumb/v7e-m+fp/hard\libc_nano.a(libc_a-fwalk.o)
                              C:/ST/STM32CubeIDE_1.16.1/STM32CubeIDE/plugins/com.st.stm32cube.ide.mcu.externaltools.gnu-tools-for-stm32.12.3.rel1.win32_1.0.200.202406191623/tools/bin/../lib/gcc/arm-none-eabi/12.3.1/../../../../arm-none-eabi/lib/thumb/v7e-m+fp/hard\libc_nano.a(libc_a-findfp.o) (_fwalk_sglue)
C:/ST/STM32CubeIDE_1.16.1/STM32CubeIDE/plugins/com.st.stm32cube.ide.mcu.externaltools.gnu-tools-for-stm32.12.3.rel1.win32_1.0.200.202406191623/tools/bin/../lib/gcc/arm-none-eabi/12.3.1/../../../../arm-none-eabi/lib/thumb/v7e-m+fp/hard\libc_nano.a(libc_a-stdio.o)
                              C:/ST/STM32CubeIDE_1.16.1/STM32CubeIDE/plugins/com.st.stm32cube.ide.mcu.externaltools.gnu-tools-for-stm32.12.3.rel1.win32_1.0.200.202406191623/tools/bin/../lib/gcc/arm-none-eabi/12.3.1/../../../../arm-none-eabi/lib/thumb/v7e-m+fp/hard\libc_nano.a(libc_a-findfp.o) (__sread)
C:/ST/STM32CubeIDE_1.16.1/STM32CubeIDE/plugins/com.st.stm32cube.ide.mcu.externaltools.gnu-tools-for-stm32.12.3.rel1.win32_1.0.200.202406191623/tools/bin/../lib/gcc/arm-none-eabi/12.3.1/../../../../arm-none-eabi/lib/thumb/v7e-m+fp/hard\libc_nano.a(libc_a-memset.o)
                              C:/ST/STM32CubeIDE_1.16.1/STM32CubeIDE/plugins/com.st.stm32cube.ide.mcu.externaltools.gnu-tools-for-stm32.12.3.rel1.win32_1.0.200.202406191623/tools/bin/../lib/gcc/arm-none-eabi/12.3.1/../../../../arm-none-eabi/lib/thumb/v7e-m+fp/hard/crt0.o (memset)
C:/ST/STM32CubeIDE_1.16.1/STM32CubeIDE/plugins/com.st.stm32cube.ide.mcu.externaltools.gnu-tools-for-stm32.12.3.rel1.win32_1.0.200.202406191623/tools/bin/../lib/gcc/arm-none-eabi/12.3.1/../../../../arm-none-eabi/lib/thumb/v7e-m+fp/hard\libc_nano.a(libc_a-closer.o)
                              C:/ST/STM32CubeIDE_1.16.1/STM32CubeIDE/plugins/com.st.stm32cube.ide.mcu.externaltools.gnu-tools-for-stm32.12.3.rel1.win32_1.0.200.202406191623/tools/bin/../lib/gcc/arm-none-eabi/12.3.1/../../../../arm-none-eabi/lib/thumb/v7e-m+fp/hard\libc_nano.a(libc_a-stdio.o) (_close_r)
C:/ST/STM32CubeIDE_1.16.1/STM32CubeIDE/plugins/com.st.stm32cube.ide.mcu.externaltools.gnu-tools-for-stm32.12.3.rel1.win32_1.0.200.202406191623/tools/bin/../lib/gcc/arm-none-eabi/12.3.1/../../../../arm-none-eabi/lib/thumb/v7e-m+fp/hard\libc_nano.a(libc_a-reent.o)
                              C:/ST/STM32CubeIDE_1.16.1/STM32CubeIDE/plugins/com.st.stm32cube.ide.mcu.externaltools.gnu-tools-for-stm32.12.3.rel1.win32_1.0.200.202406191623/tools/bin/../lib/gcc/arm-none-eabi/12.3.1/../../../../arm-none-eabi/lib/thumb/v7e-m+fp/hard\libc_nano.a(libc_a-closer.o) (errno)
C:/ST/STM32CubeIDE_1.16.1/STM32CubeIDE/plugins/com.st.stm32cube.ide.mcu.externaltools.gnu-tools-for-stm32.12.3.rel1.win32_1.0.200.202406191623/tools/bin/../lib/gcc/arm-none-eabi/12.3.1/../../../../arm-none-eabi/lib/thumb/v7e-m+fp/hard\libc_nano.a(libc_a-impure.o)
                              C:/ST/STM32CubeIDE_1.16.1/STM32CubeIDE/plugins/com.st.stm32cube.ide.mcu.externaltools.gnu-tools-for-stm32.12.3.rel1.win32_1.0.200.202406191623/tools/bin/../lib/gcc/arm-none-eabi/12.3.1/../../../../arm-none-eabi/lib/thumb/v7e-m+fp/hard\libc_nano.a(libc_a-reent.o) (_impure_ptr)
C:/ST/STM32CubeIDE_1.16.1/STM32CubeIDE/plugins/com.st.stm32cube.ide.mcu.externaltools.gnu-tools-for-stm32.12.3.rel1.win32_1.0.200.202406191623/tools/bin/../lib/gcc/arm-none-eabi/12.3.1/../../../../arm-none-eabi/lib/thumb/v7e-m+fp/hard\libc_nano.a(libc_a-lseekr.o)
[...]
Memory Configuration

Name             Origin             Length             Attributes
RAM              0x20000000         0x00020000         xrw
FLASH            0x08000000         0x00080000         xr
*default*        0x00000000         0xffffffff

Linker script and memory map

LOAD C:/ST/STM32CubeIDE_1.16.1/STM32CubeIDE/plugins/com.st.stm32cube.ide.mcu.externaltools.gnu-tools-for-stm32.12.3.rel1.win32_1.0.200.202406191623/tools/bin/../lib/gcc/arm-none-eabi/12.3.1/thumb/v7e-m+fp/hard/crti.o
LOAD C:/ST/STM32CubeIDE_1.16.1/STM32CubeIDE/plugins/com.st.stm32cube.ide.mcu.externaltools.gnu-tools-for-stm32.12.3.rel1.win32_1.0.200.202406191623/tools/bin/../lib/gcc/arm-none-eabi/12.3.1/thumb/v7e-m+fp/hard/crtbegin.o
LOAD C:/ST/STM32CubeIDE_1.16.1/STM32CubeIDE/plugins/com.st.stm32cube.ide.mcu.externaltools.gnu-tools-for-stm32.12.3.rel1.win32_1.0.200.202406191623/tools/bin/../lib/gcc/arm-none-eabi/12.3.1/../../../../arm-none-eabi/lib/thumb/v7e-m+fp/hard/crt0.o
LOAD ./Core/Src/Libraries/BMP280.o
LOAD ./Core/Src/Libraries/Flash.o
LOAD ./Core/Src/Libraries/MPU6050.o
LOAD ./Core/Src/Libraries/NRF24.o
LOAD ./Core/Src/Modules/BlackBox/BlackBox.o
LOAD ./Core/Src/Modules/INS/altitude.o
LOAD ./Core/Src/Modules/INS/attitude.o
LOAD ./Core/Src/Modules/INS/geo.o
LOAD ./Core/Src/Modules/Status/commands.o
LOAD ./Core/Src/Modules/Status/flight_phase.o
LOAD ./Core/Src/Modules/Status/memory.o
LOAD ./Core/Src/Modules/Status/power.o
LOAD ./Core/Src/Modules/Status/status.o
LOAD ./Core/Src/Modules/Telemetry/payload.o
LOAD ./Core/Src/Modules/Telemetry/telemetry.o
LOAD ./Core/Src/adc.o
LOAD ./Core/Src/dma.o
LOAD ./Core/Src/fatfs_sd.o
LOAD ./Core/Src/gpio.o
LOAD ./Core/Src/i2c.o
LOAD ./Core/Src/main.o
LOAD ./Core/Src/spi.o
LOAD ./Core/Src/stm32f4xx_hal_msp.o
LOAD ./Core/Src/stm32f4xx_it.o
LOAD ./Core/Src/syscalls.o
LOAD ./Core/Src/sysmem.o
LOAD ./Core/Src/system_stm32f4xx.o
LOAD ./Core/Src/tim.o
LOAD ./Core/Startup/startup_stm32f411ceux.o
LOAD ./Drivers/STM32F4xx_HAL_Driver/Src/stm32f4xx_hal.o
LOAD ./Drivers/STM32F4xx_HAL_Driver/Src/stm32f4xx_hal_adc.o
LOAD ./Drivers/STM32F4xx_HAL_Driver/Src/stm32f4xx_hal_adc_ex.o
LOAD ./Drivers/STM32F4xx_HAL_Driver/Src/stm32f4xx_hal_cortex.o
LOAD ./Drivers/STM32F4xx_HAL_Driver/Src/stm32f4xx_hal_dma.o
LOAD ./Drivers/STM32F4xx_HAL_Driver/Src/stm32f4xx_hal_dma_ex.o
LOAD ./Drivers/STM32F4xx_HAL_Driver/Src/stm32f4xx_hal_exti.o
LOAD ./Drivers/STM32F4xx_HAL_Driver/Src/stm32f4xx_hal_flash.o
LOAD ./Drivers/STM32F4xx_HAL_Driver/Src/stm32f4xx_hal_flash_ex.o
LOAD ./Drivers/STM32F4xx_HAL_Driver/Src/stm32f4xx_hal_flash_ramfunc.o
LOAD ./Drivers/STM32F4xx_HAL_Driver/Src/stm32f4xx_hal_gpio.o
LOAD ./Drivers/STM32F4xx_HAL_Driver/Src/stm32f4xx_hal_i2c.o
LOAD ./Drivers/STM32F4xx_HAL_Driver/Src/stm32f4xx_hal_i2c_ex.o
LOAD ./Drivers/STM32F4xx_HAL_Driver/Src/stm32f4xx_hal_pwr.o
LOAD ./Drivers/STM32F4xx_HAL_Driver/Src/stm32f4xx_hal_pwr_ex.o
LOAD ./Drivers/STM32F4xx_HAL_Driver/Src/stm32f4xx_hal_rcc.o
LOAD ./Drivers/STM32F4xx_HAL_Driver/Src/stm32f4xx_hal_rcc_ex.o
LOAD ./Drivers/STM32F4xx_HAL_Driver/Src/stm32f4xx_hal_spi.o
LOAD ./Drivers/STM32F4xx_HAL_Driver/Src/stm32f4xx_hal_tim.o
LOAD ./Drivers/STM32F4xx_HAL_Driver/Src/stm32f4xx_hal_tim_ex.o
LOAD ./Drivers/STM32F4xx_HAL_Driver/Src/stm32f4xx_ll_adc.o
LOAD ./FATFS/App/fatfs.o
LOAD ./FATFS/Target/user_diskio.o
LOAD ./Middlewares/Third_Party/FatFs/src/diskio.o
LOAD ./Middlewares/Third_Party/FatFs/src/ff.o
LOAD ./Middlewares/Third_Party/FatFs/src/ff_gen_drv.o
LOAD ./Middlewares/Third_Party/FatFs/src/option/syscall.o
START GROUP
LOAD C:/ST/STM32CubeIDE_1.16.1/STM32CubeIDE/plugins/com.st.stm32cube.ide.mcu.externaltools.gnu-tools-for-stm32.12.3.rel1.win32_1.0.200.202406191623/tools/bin/../lib/gcc/arm-none-eabi/12.3.1/../../../../arm-none-eabi/lib/thumb/v7e-m+fp/hard\libc_nano.a
LOAD C:/ST/STM32CubeIDE_1.16.1/STM32CubeIDE/plugins/com.st.stm32cube.ide.mcu.externaltools.gnu-tools-for-stm32.12.3.rel1.win32_1.0.200.202406191623/tools/bin/../lib/gcc/arm-none-eabi/12.3.1/../../../../arm-none-eabi/lib/thumb/v7e-m+fp/hard\libm.a
END GROUP
START GROUP
LOAD C:/ST/STM32CubeIDE_1.16.1/STM32CubeIDE/plugins/com.st.stm32cube.ide.mcu.externaltools.gnu-tools-for-stm32.12.3.rel1.win32_1.0.200.202406191623/tools/bin/../lib/gcc/arm-none-eabi/12.3.1/thumb/v7e-m+fp/hard\libgcc.a
LOAD C:/ST/STM32CubeIDE_1.16.1/STM32CubeIDE/plugins/com.st.stm32cube.ide.mcu.externaltools.gnu-tools-for-stm32.12.3.rel1.win32_1.0.200.202406191623/tools/bin/../lib/gcc/arm-none-eabi/12.3.1/../../../../arm-none-eabi/lib/thumb/v7e-m+fp/hard\libc_nano.a
END GROUP
START GROUP
LOAD C:/ST/STM32CubeIDE_1.16.1/STM32CubeIDE/plugins/com.st.stm32cube.ide.mcu.externaltools.gnu-tools-for-stm32.12.3.rel1.win32_1.0.200.202406191623/tools/bin/../lib/gcc/arm-none-eabi/12.3.1/thumb/v7e-m+fp/hard\libgcc.a
LOAD C:/ST/STM32CubeIDE_1.16.1/STM32CubeIDE/plugins/com.st.stm32cube.ide.mcu.externaltools.gnu-tools-for-stm32.12.3.rel1.win32_1.0.200.202406191623/tools/bin/../lib/gcc/arm-none-eabi/12.3.1/../../../../arm-none-eabi/lib/thumb/v7e-m+fp/hard\libc_nano.a
LOAD C:/ST/STM32CubeIDE_1.16.1/STM32CubeIDE/plugins/com.st.stm32cube.ide.mcu.externaltools.gnu-tools-for-stm32.12.3.rel1.win32_1.0.200.202406191623/tools/bin/../lib/gcc/arm-none-eabi/12.3.1/../../../../arm-none-eabi/lib/thumb/v7e-m+fp/hard\libnosys.a
END GROUP
START GROUP
LOAD C:/ST/STM32CubeIDE_1.16.1/STM32CubeIDE/plugins/com.st.stm32cube.ide.mcu.externaltools.gnu-tools-for-stm32.12.3.rel1.win32_1.0.200.202406191623/tools/bin/../lib/gcc/arm-none-eabi/12.3.1/thumb/v7e-m+fp/hard\libgcc.a
LOAD C:/ST/STM32CubeIDE_1.16.1/STM32CubeIDE/plugins/com.st.stm32cube.ide.mcu.externaltools.gnu-tools-for-stm32.12.3.rel1.win32_1.0.200.202406191623/tools/bin/../lib/gcc/arm-none-eabi/12.3.1/../../../../arm-none-eabi/lib/thumb/v7e-m+fp/hard\libc_nano.a
LOAD C:/ST/STM32CubeIDE_1.16.1/STM32CubeIDE/plugins/com.st.stm32cube.ide.mcu.externaltools.gnu-tools-for-stm32.12.3.rel1.win32_1.0.200.202406191623/tools/bin/../lib/gcc/arm-none-eabi/12.3.1/../../../../arm-none-eabi/lib/thumb/v7e-m+fp/hard\libnosys.a
END GROUP
LOAD C:/ST/STM32CubeIDE_1.16.1/STM32CubeIDE/plugins/com.st.stm32cube.ide.mcu.externaltools.gnu-tools-for-stm32.12.3.rel1.win32_1.0.200.202406191623/tools/bin/../lib/gcc/arm-none-eabi/12.3.1/thumb/v7e-m+fp/hard/crtend.o
LOAD C:/ST/STM32CubeIDE_1.16.1/STM32CubeIDE/plugins/com.st.stm32cube.ide.mcu.externaltools.gnu-tools-for-stm32.12.3.rel1.win32_1.0.200.202406191623/tools/bin/../lib/gcc/arm-none-eabi/12.3.1/thumb/v7e-m+fp/hard/crtn.o
                0x20020000                        _estack = (ORIGIN (RAM) + LENGTH (RAM))
                0x00000200                        _Min_Heap_Size = 0x200
                0x00000400                        _Min_Stack_Size = 0x400

.isr_vector     0x08000000      0x198
                0x08000000                        . = ALIGN (0x4)
 *(.isr_vector)
 .isr_vector    0x08000000      0x198 ./Core/Startup/startup_stm32f411ceux.o
                0x08000000                g_pfnVectors
                0x08000198                        . = ALIGN (0x4)

.text           0x08000198     0xdd6c
                0x08000198                        . = ALIGN (0x4)
 *(.text)
 .text          0x08000198       0x40 C:/ST/STM32CubeIDE_1.16.1/STM32CubeIDE/plugins/com.st.stm32cube.ide.mcu.externaltools.gnu-tools-for-stm32.12.3.rel1.win32_1.0.200.202406191623/tools/bin/../lib/gcc/arm-none-eabi/12.3.1/thumb/v7e-m+fp/hard/crtbegin.o
 .text          0x080001d8      0x378 C:/ST/STM32CubeIDE_1.16.1/STM32CubeIDE/plugins/com.st.stm32cube.ide.mcu.externaltools.gnu-tools-for-stm32.12.3.rel1.win32_1.0.200.202406191623/tools/bin/../lib/gcc/arm-none-eabi/12.3.1/thumb/v7e-m+fp/hard\libgcc.a(_arm_addsubdf3.o)
                0x080001d8                __aeabi_drsub
                0x080001e0                __aeabi_dsub
                0x080001e0                __subdf3
                0x080001e4                __aeabi_dadd
                0x080001e4                __adddf3
                0x0800045c                __floatunsidf
                0x0800045c                __aeabi_ui2d
                0x0800047c                __floatsidf
                0x0800047c                __aeabi_i2d
                0x080004a0                __aeabi_f2d
                0x080004a0                __extendsfdf2
                0x080004e4                __floatundidf
                0x080004e4                __aeabi_ul2d
                0x080004f4                __floatdidf
                0x080004f4                __aeabi_l2d
 .text          0x08000550      0x424 C:/ST/STM32CubeIDE_1.16.1/STM32CubeIDE/plugins/com.st.stm32cube.ide.mcu.externaltools.gnu-tools-for-stm32.12.3.rel1.win32_1.0.200.202406191623/tools/bin/../lib/gcc/arm-none-eabi/12.3.1/thumb/v7e-m+fp/hard\libgcc.a(_arm_muldivdf3.o)
                0x08000550                __aeabi_dmul
                0x08000550                __muldf3
                0x080007a4                __divdf3
                0x080007a4                __aeabi_ddiv
 .text          0x08000974      0x110 C:/ST/STM32CubeIDE_1.16.1/STM32CubeIDE/plugins/com.st.stm32cube.ide.mcu.externaltools.gnu-tools-for-stm32.12.3.rel1.win32_1.0.200.202406191623/tools/bin/../lib/gcc/arm-none-eabi/12.3.1/thumb/v7e-m+fp/hard\libgcc.a(_arm_cmpdf2.o)
                0x08000974                __gtdf2
                0x08000974                __gedf2
                0x0800097c                __ltdf2
                0x0800097c                __ledf2
                0x08000984                __nedf2
                0x08000984                __eqdf2
                0x08000984                __cmpdf2
                0x08000a00                __aeabi_cdrcmple
                0x08000a10                __aeabi_cdcmpeq
                0x08000a10                __aeabi_cdcmple
                0x08000a20                __aeabi_dcmpeq
                0x08000a34                __aeabi_dcmplt
                0x08000a48                __aeabi_dcmple
                0x08000a5c                __aeabi_dcmpge
                0x08000a70                __aeabi_dcmpgt
 .text          0x08000a84       0x2c C:/ST/STM32CubeIDE_1.16.1/STM32CubeIDE/plugins/com.st.stm32cube.ide.mcu.externaltools.gnu-tools-for-stm32.12.3.rel1.win32_1.0.200.202406191623/tools/bin/../lib/gcc/arm-none-eabi/12.3.1/thumb/v7e-m+fp/hard\libgcc.a(_arm_unorddf2.o)
                0x08000a84                __unorddf2
                0x08000a84                __aeabi_dcmpun
 .text          0x08000ab0       0x50 C:/ST/STM32CubeIDE_1.16.1/STM32CubeIDE/plugins/com.st.stm32cube.ide.mcu.externaltools.gnu-tools-for-stm32.12.3.rel1.win32_1.0.200.202406191623/tools/bin/../lib/gcc/arm-none-eabi/12.3.1/thumb/v7e-m+fp/hard\libgcc.a(_arm_fixdfsi.o)
                0x08000ab0                __aeabi_d2iz
                0x08000ab0                __fixdfsi
 .text          0x08000b00       0x40 C:/ST/STM32CubeIDE_1.16.1/STM32CubeIDE/plugins/com.st.stm32cube.ide.mcu.externaltools.gnu-tools-for-stm32.12.3.rel1.win32_1.0.200.202406191623/tools/bin/../lib/gcc/arm-none-eabi/12.3.1/thumb/v7e-m+fp/hard\libgcc.a(_arm_fixunsdfsi.o)
                0x08000b00                __aeabi_d2uiz
                0x08000b00                __fixunsdfsi
 .text          0x08000b40       0xa0 C:/ST/STM32CubeIDE_1.16.1/STM32CubeIDE/plugins/com.st.stm32cube.ide.mcu.externaltools.gnu-tools-for-stm32.12.3.rel1.win32_1.0.200.202406191623/tools/bin/../lib/gcc/arm-none-eabi/12.3.1/thumb/v7e-m+fp/hard\libgcc.a(_aeabi_ldivmod.o)
                0x08000b40                __aeabi_ldivmod
 .text          0x08000be0       0x30 C:/ST/STM32CubeIDE_1.16.1/STM32CubeIDE/plugins/com.st.stm32cube.ide.mcu.externaltools.gnu-tools-for-stm32.12.3.rel1.win32_1.0.200.202406191623/tools/bin/../lib/gcc/arm-none-eabi/12.3.1/thumb/v7e-m+fp/hard\libgcc.a(_aeabi_uldivmod.o)
                0x08000be0                __aeabi_uldivmod
 .text          0x08000c10      0x2bc C:/ST/STM32CubeIDE_1.16.1/STM32CubeIDE/plugins/com.st.stm32cube.ide.mcu.externaltools.gnu-tools-for-stm32.12.3.rel1.win32_1.0.200.202406191623/tools/bin/../lib/gcc/arm-none-eabi/12.3.1/thumb/v7e-m+fp/hard\libgcc.a(_udivmoddi4.o)
                0x08000c10                __udivmoddi4
 .text          0x08000ecc        0x4 C:/ST/STM32CubeIDE_1.16.1/STM32CubeIDE/plugins/com.st.stm32cube.ide.mcu.externaltools.gnu-tools-for-stm32.12.3.rel1.win32_1.0.200.202406191623/tools/bin/../lib/gcc/arm-none-eabi/12.3.1/thumb/v7e-m+fp/hard\libgcc.a(_dvmd_tls.o)
                0x08000ecc                __aeabi_idiv0
                0x08000ecc                __aeabi_ldiv0
 *(.text*)
 .text.BMP280_write
                0x08000ed0       0x58 ./Core/Src/Libraries/BMP280.o
                0x08000ed0                BMP280_write
 .text.BMP280_read
                0x08000f28       0x64 ./Core/Src/Libraries/BMP280.o
                0x08000f28                BMP280_read
 .text.BMP280_config
                0x08000f8c       0x18 ./Core/Src/Libraries/BMP280.o
                0x08000f8c                BMP280_config
 .text.BMP280_calibrationData
                0x08000fa4      0x168 ./Core/Src/Libraries/BMP280.o
                0x08000fa4                BMP280_calibrationData
 .text.BMP280_readRawValues
                0x0800110c       0x84 ./Core/Src/Libraries/BMP280.o
                0x0800110c                BMP280_readRawValues
 .text.BMP280_measureT
                0x08001190       0x88 ./Core/Src/Libraries/BMP280.o
                0x08001190                BMP280_measureT
 .text.BMP280_measureP
                0x08001218      0x58c ./Core/Src/Libraries/BMP280.o
                0x08001218                BMP280_measureP
 *fill*         0x080017a4        0x4 
 .text.BMP280_measureH
                0x080017a8       0xdc ./Core/Src/Libraries/BMP280.o
                0x080017a8                BMP280_measureH
 .text.BMP280_init
                0x08001884       0x48 ./Core/Src/Libraries/BMP280.o
                0x08001884                BMP280_init
 .text.BMP280_calculate
                0x080018cc       0x7c ./Core/Src/Libraries/BMP280.o
                0x080018cc                BMP280_calculate
 .text.GetSector
                0x08001948       0xf4 ./Core/Src/Libraries/Flash.o
 .text.Flash_Write
                0x08001a3c       0xb0 ./Core/Src/Libraries/Flash.o
                0x08001a3c                Flash_Write
 .text.Flash_Read
                0x08001aec       0x3c ./Core/Src/Libraries/Flash.o
                0x08001aec                Flash_Read
 .text.MPU6050_getPromModule
                0x08001b28      0x354 ./Core/Src/Libraries/MPU6050.o
                0x08001b28                MPU6050_getPromModule
 .text.MPU6050_status
                0x08001e7c       0xbc ./Core/Src/Libraries/MPU6050.o
                0x08001e7c                MPU6050_status
 .text.MPU6050_memoryRefresh
                0x08001f38       0xa8 ./Core/Src/Libraries/MPU6050.o
                0x08001f38                MPU6050_memoryRefresh
 .text.MPU6050_calibration
                0x08001fe0      0x15c ./Core/Src/Libraries/MPU6050.o
                0x08001fe0                MPU6050_calibration
 .text.MPU6050_Init_Module
                0x0800213c       0xae ./Core/Src/Libraries/MPU6050.o
                0x0800213c                MPU6050_Init_Module
 *fill*         0x080021ea        0x6 
 .text.MPU6050_Read_All
                0x080021f0      0x1fc ./Core/Src/Libraries/MPU6050.o
                0x080021f0                MPU6050_Read_All
 .text.MPU6050_Init
                0x080023ec       0x20 ./Core/Src/Libraries/MPU6050.o
                0x080023ec                MPU6050_Init
 .text.Refresh_data
                0x0800240c      0x134 ./Core/Src/Modules/BlackBox/BlackBox.o
                0x0800240c                Refresh_data
 .text.Get_NewDir
                0x08002540       0xb8 ./Core/Src/Modules/BlackBox/BlackBox.o
                0x08002540                Get_NewDir
 .text.BLACKBOX_Init
                0x080025f8       0x88 ./Core/Src/Modules/BlackBox/BlackBox.o
                0x080025f8                BLACKBOX_Init
 .text.BLACKBOX_NewFile
                0x08002680       0x9c ./Core/Src/Modules/BlackBox/BlackBox.o
                0x08002680                BLACKBOX_NewFile
 .text.BLACKBOX_StoreData
                0x0800271c      0x11c ./Core/Src/Modules/BlackBox/BlackBox.o
                0x0800271c                BLACKBOX_StoreData
 .text.get_ACC  0x08002838      0x3b4 ./Core/Src/Modules/INS/attitude.o
                0x08002838                get_ACC
 .text.Kalman_getAngle
                0x08002bec      0x2b6 ./Core/Src/Modules/INS/attitude.o
                0x08002bec                Kalman_getAngle
 *fill*         0x08002ea2        0x6 
 .text.get_ATTS
                0x08002ea8      0x238 ./Core/Src/Modules/INS/attitude.o
                0x08002ea8                get_ATTS
 .text.MEMORY_init
                0x080030e0       0x30 ./Core/Src/Modules/Status/memory.o
                0x080030e0                MEMORY_init
 .text.MEMORY_write
                0x08003110       0x1c ./Core/Src/Modules/Status/memory.o
                0x08003110                MEMORY_write
 .text.get_STATUS
                0x0800312c       0xa8 ./Core/Src/Modules/Status/status.o
                0x0800312c                get_STATUS
 .text.Emergency_actions
                0x080031d4       0x28 ./Core/Src/Modules/Status/status.o
                0x080031d4                Emergency_actions
 .text.DeployParachute
                0x080031fc       0xc4 ./Core/Src/Modules/Telemetry/payload.o
                0x080031fc                DeployParachute
 .text.MX_ADC1_Init
                0x080032c0       0xa4 ./Core/Src/adc.o
                0x080032c0                MX_ADC1_Init
 .text.HAL_ADC_MspInit
                0x08003364       0x88 ./Core/Src/adc.o
                0x08003364                HAL_ADC_MspInit
 .text.MX_DMA_Init
                0x080033ec       0x60 ./Core/Src/dma.o
                0x080033ec                MX_DMA_Init
 .text.SELECT   0x0800344c       0x18 ./Core/Src/fatfs_sd.o
 .text.DESELECT
                0x08003464       0x18 ./Core/Src/fatfs_sd.o
 .text.SPI_TxByte
                0x0800347c       0x34 ./Core/Src/fatfs_sd.o
 .text.SPI_RxByte
                0x080034b0       0x3c ./Core/Src/fatfs_sd.o
 .text.SPI_RxBytePtr
                0x080034ec       0x1c ./Core/Src/fatfs_sd.o
 .text.SD_ReadyWait
                0x08003508       0x38 ./Core/Src/fatfs_sd.o
 .text.SD_PowerOn
                0x08003540       0x98 ./Core/Src/fatfs_sd.o
 .text.SD_PowerOff
                0x080035d8       0x18 ./Core/Src/fatfs_sd.o
 .text.SD_CheckPower
                0x080035f0       0x18 ./Core/Src/fatfs_sd.o
 .text.SD_RxDataBlock
                0x08003608       0x6c ./Core/Src/fatfs_sd.o
 .text.SD_TxDataBlock
                0x08003674       0xa8 ./Core/Src/fatfs_sd.o
 .text.SD_SendCmd
                0x0800371c       0xa4 ./Core/Src/fatfs_sd.o
 .text.SD_disk_initialize
                0x080037c0      0x1d4 ./Core/Src/fatfs_sd.o
                0x080037c0                SD_disk_initialize
 .text.SD_disk_status
                0x08003994       0x2c ./Core/Src/fatfs_sd.o
                0x08003994                SD_disk_status
 .text.SD_disk_read
                0x080039c0       0xd4 ./Core/Src/fatfs_sd.o
                0x080039c0                SD_disk_read
 .text.SD_disk_write
                0x08003a94      0x108 ./Core/Src/fatfs_sd.o
                0x08003a94                SD_disk_write
 .text.SD_disk_ioctl
                0x08003b9c      0x260 ./Core/Src/fatfs_sd.o
                0x08003b9c                SD_disk_ioctl
 .text.MX_GPIO_Init
                0x08003dfc      0x184 ./Core/Src/gpio.o
                0x08003dfc                MX_GPIO_Init
 .text.MX_I2C1_Init
                0x08003f80       0x5c ./Core/Src/i2c.o
                0x08003f80                MX_I2C1_Init
 .text.MX_I2C2_Init
                0x08003fdc       0x5c ./Core/Src/i2c.o
                0x08003fdc                MX_I2C2_Init
 .text.MX_I2C3_Init
                0x08004038       0x5c ./Core/Src/i2c.o
                0x08004038                MX_I2C3_Init
 .text.HAL_I2C_MspInit
                0x08004094      0x1c4 ./Core/Src/i2c.o
                0x08004094                HAL_I2C_MspInit
 .text.main     0x08004258       0xa8 ./Core/Src/main.o
                0x08004258                main
 .text.SystemClock_Config
                0x08004300       0xd0 ./Core/Src/main.o
                0x08004300                SystemClock_Config
 .text.PWM_Process_Input
                0x080043d0       0xaa ./Core/Src/main.o
                0x080043d0                PWM_Process_Input
 *fill*         0x0800447a        0x2 
 .text.HAL_TIM_IC_CaptureCallback
                0x0800447c       0x2c ./Core/Src/main.o
                0x0800447c                HAL_TIM_IC_CaptureCallback
 .text.HAL_TIM_PeriodElapsedCallback
                0x080044a8       0x14 ./Core/Src/main.o
                0x080044a8                HAL_TIM_PeriodElapsedCallback
 .text.Error_Handler
                0x080044bc        0xc ./Core/Src/main.o
                0x080044bc                Error_Handler
 .text.MX_SPI1_Init
                0x080044c8       0x6c ./Core/Src/spi.o
                0x080044c8                MX_SPI1_Init
 .text.MX_SPI2_Init
                0x08004534       0x6c ./Core/Src/spi.o
                0x08004534                MX_SPI2_Init
 .text.MX_SPI3_Init
                0x080045a0       0x6c ./Core/Src/spi.o
                0x080045a0                MX_SPI3_Init
 .text.HAL_SPI_MspInit
                0x0800460c      0x2c4 ./Core/Src/spi.o
                0x0800460c                HAL_SPI_MspInit
 .text.HAL_MspInit
                0x080048d0       0x50 ./Core/Src/stm32f4xx_hal_msp.o
                0x080048d0                HAL_MspInit
 .text.SDTimer_Handler
                0x08004920       0x48 ./Core/Src/stm32f4xx_it.o
                0x08004920                SDTimer_Handler
 .text.NMI_Handler
                0x08004968        0x8 ./Core/Src/stm32f4xx_it.o
                0x08004968                NMI_Handler
 .text.HardFault_Handler
                0x08004970        0x8 ./Core/Src/stm32f4xx_it.o
                0x08004970                HardFault_Handler
 .text.MemManage_Handler
                0x08004978        0x8 ./Core/Src/stm32f4xx_it.o
                0x08004978                MemManage_Handler
 .text.BusFault_Handler
                0x08004980        0x8 ./Core/Src/stm32f4xx_it.o
                0x08004980                BusFault_Handler
 .text.UsageFault_Handler
                0x08004988        0x8 ./Core/Src/stm32f4xx_it.o
                0x08004988                UsageFault_Handler
 .text.SVC_Handler
                0x08004990        0xe ./Core/Src/stm32f4xx_it.o
                0x08004990                SVC_Handler
 .text.DebugMon_Handler
                0x0800499e        0xe ./Core/Src/stm32f4xx_it.o
                0x0800499e                DebugMon_Handler
 .text.PendSV_Handler
                0x080049ac        0xe ./Core/Src/stm32f4xx_it.o
                0x080049ac                PendSV_Handler
 *fill*         0x080049ba        0x2 
 .text.SysTick_Handler
                0x080049bc       0x34 ./Core/Src/stm32f4xx_it.o
                0x080049bc                SysTick_Handler
 .text.DMA1_Stream0_IRQHandler
                0x080049f0       0x14 ./Core/Src/stm32f4xx_it.o
                0x080049f0                DMA1_Stream0_IRQHandler
 .text.DMA1_Stream3_IRQHandler
                0x08004a04       0x14 ./Core/Src/stm32f4xx_it.o
                0x08004a04                DMA1_Stream3_IRQHandler
 .text.DMA1_Stream5_IRQHandler
                0x08004a18       0x14 ./Core/Src/stm32f4xx_it.o
                0x08004a18                DMA1_Stream5_IRQHandler
 .text.TIM1_CC_IRQHandler
                0x08004a2c       0x14 ./Core/Src/stm32f4xx_it.o
                0x08004a2c                TIM1_CC_IRQHandler
 .text.SPI2_IRQHandler
                0x08004a40       0x14 ./Core/Src/stm32f4xx_it.o
                0x08004a40                SPI2_IRQHandler
 .text.TIM5_IRQHandler
                0x08004a54       0x14 ./Core/Src/stm32f4xx_it.o
                0x08004a54                TIM5_IRQHandler
 .text.SystemInit
                0x08004a68       0x24 ./Core/Src/system_stm32f4xx.o
                0x08004a68                SystemInit
 .text.MX_TIM1_Init
                0x08004a8c       0xac ./Core/Src/tim.o
                0x08004a8c                MX_TIM1_Init
 .text.MX_TIM2_Init
                0x08004b38       0xec ./Core/Src/tim.o
                0x08004b38                MX_TIM2_Init
 .text.MX_TIM5_Init
                0x08004c24       0x9c ./Core/Src/tim.o
                0x08004c24                MX_TIM5_Init
 .text.HAL_TIM_IC_MspInit
                0x08004cc0       0xa0 ./Core/Src/tim.o
                0x08004cc0                HAL_TIM_IC_MspInit
 .text.HAL_TIM_Base_MspInit
                0x08004d60       0x78 ./Core/Src/tim.o
                0x08004d60                HAL_TIM_Base_MspInit
 .text.HAL_TIM_MspPostInit
                0x08004dd8       0x70 ./Core/Src/tim.o
                0x08004dd8                HAL_TIM_MspPostInit
 .text.Reset_Handler
                0x08004e48       0x50 ./Core/Startup/startup_stm32f411ceux.o
                0x08004e48                Reset_Handler
 .text.Default_Handler
                0x08004e98        0x2 ./Core/Startup/startup_stm32f411ceux.o
                0x08004e98                RTC_Alarm_IRQHandler
                0x08004e98                EXTI2_IRQHandler
                0x08004e98                SPI4_IRQHandler
                0x08004e98                DMA2_Stream5_IRQHandler
                0x08004e98                PVD_IRQHandler
                0x08004e98                SDIO_IRQHandler
                0x08004e98                TAMP_STAMP_IRQHandler
                0x08004e98                EXTI3_IRQHandler
                0x08004e98                TIM1_UP_TIM10_IRQHandler
                0x08004e98                I2C3_ER_IRQHandler
                0x08004e98                EXTI0_IRQHandler
                0x08004e98                I2C2_EV_IRQHandler
                0x08004e98                DMA1_Stream2_IRQHandler
                0x08004e98                FPU_IRQHandler
                0x08004e98                DMA2_Stream2_IRQHandler
                0x08004e98                SPI1_IRQHandler
                0x08004e98                TIM1_BRK_TIM9_IRQHandler
                0x08004e98                DMA2_Stream3_IRQHandler
                0x08004e98                USART6_IRQHandler
                0x08004e98                DMA2_Stream0_IRQHandler
                0x08004e98                TIM4_IRQHandler
                0x08004e98                I2C1_EV_IRQHandler
                0x08004e98                DMA1_Stream6_IRQHandler
                0x08004e98                DMA1_Stream1_IRQHandler
                0x08004e98                TIM3_IRQHandler
                0x08004e98                RCC_IRQHandler
                0x08004e98                Default_Handler
                0x08004e98                EXTI15_10_IRQHandler
                0x08004e98                ADC_IRQHandler
                0x08004e98                DMA1_Stream7_IRQHandler
                0x08004e98                SPI5_IRQHandler
                0x08004e98                DMA2_Stream7_IRQHandler
                0x08004e98                I2C3_EV_IRQHandler
                0x08004e98                EXTI9_5_IRQHandler
                0x08004e98                RTC_WKUP_IRQHandler
                0x08004e98                EXTI4_IRQHandler
                0x08004e98                WWDG_IRQHandler
                0x08004e98                TIM2_IRQHandler
                0x08004e98                OTG_FS_WKUP_IRQHandler
                0x08004e98                TIM1_TRG_COM_TIM11_IRQHandler
                0x08004e98                EXTI1_IRQHandler
                0x08004e98                USART2_IRQHandler
                0x08004e98                I2C2_ER_IRQHandler
                0x08004e98                DMA2_Stream1_IRQHandler
                0x08004e98                FLASH_IRQHandler
                0x08004e98                DMA2_Stream4_IRQHandler
                0x08004e98                USART1_IRQHandler
                0x08004e98                OTG_FS_IRQHandler
                0x08004e98                SPI3_IRQHandler
                0x08004e98                DMA1_Stream4_IRQHandler
                0x08004e98                I2C1_ER_IRQHandler
                0x08004e98                DMA2_Stream6_IRQHandler
 *fill*         0x08004e9a        0x2 
 .text.HAL_Init
                0x08004e9c       0x44 ./Drivers/STM32F4xx_HAL_Driver/Src/stm32f4xx_hal.o
                0x08004e9c                HAL_Init
 .text.HAL_InitTick
                0x08004ee0       0x60 ./Drivers/STM32F4xx_HAL_Driver/Src/stm32f4xx_hal.o
                0x08004ee0                HAL_InitTick
 .text.HAL_IncTick
                0x08004f40       0x28 ./Drivers/STM32F4xx_HAL_Driver/Src/stm32f4xx_hal.o
                0x08004f40                HAL_IncTick
 .text.HAL_GetTick
                0x08004f68       0x18 ./Drivers/STM32F4xx_HAL_Driver/Src/stm32f4xx_hal.o
                0x08004f68                HAL_GetTick
 .text.HAL_ADC_Init
                0x08004f80       0x86 ./Drivers/STM32F4xx_HAL_Driver/Src/stm32f4xx_hal_adc.o
                0x08004f80                HAL_ADC_Init
 *fill*         0x08005006        0x2 
 .text.HAL_ADC_ConfigChannel
                0x08005008      0x264 ./Drivers/STM32F4xx_HAL_Driver/Src/stm32f4xx_hal_adc.o
                0x08005008                HAL_ADC_ConfigChannel
 .text.ADC_Init
                0x0800526c      0x1f8 ./Drivers/STM32F4xx_HAL_Driver/Src/stm32f4xx_hal_adc.o
 .text.__NVIC_SetPriorityGrouping
                0x08005464       0x48 ./Drivers/STM32F4xx_HAL_Driver/Src/stm32f4xx_hal_cortex.o
 .text.__NVIC_GetPriorityGrouping
                0x080054ac       0x1c ./Drivers/STM32F4xx_HAL_Driver/Src/stm32f4xx_hal_cortex.o
 .text.__NVIC_EnableIRQ
                0x080054c8       0x3c ./Drivers/STM32F4xx_HAL_Driver/Src/stm32f4xx_hal_cortex.o
 .text.__NVIC_SetPriority
                0x08005504       0x54 ./Drivers/STM32F4xx_HAL_Driver/Src/stm32f4xx_hal_cortex.o
 .text.NVIC_EncodePriority
                0x08005558       0x66 ./Drivers/STM32F4xx_HAL_Driver/Src/stm32f4xx_hal_cortex.o
 *fill*         0x080055be        0x2 
 .text.SysTick_Config
                0x080055c0       0x44 ./Drivers/STM32F4xx_HAL_Driver/Src/stm32f4xx_hal_cortex.o
 .text.HAL_NVIC_SetPriorityGrouping
                0x08005604       0x16 ./Drivers/STM32F4xx_HAL_Driver/Src/stm32f4xx_hal_cortex.o
                0x08005604                HAL_NVIC_SetPriorityGrouping
 .text.HAL_NVIC_SetPriority
                0x0800561a       0x38 ./Drivers/STM32F4xx_HAL_Driver/Src/stm32f4xx_hal_cortex.o
                0x0800561a                HAL_NVIC_SetPriority
 .text.HAL_NVIC_EnableIRQ
                0x08005652       0x1c ./Drivers/STM32F4xx_HAL_Driver/Src/stm32f4xx_hal_cortex.o
                0x08005652                HAL_NVIC_EnableIRQ
 .text.HAL_SYSTICK_Config
                0x0800566e       0x18 ./Drivers/STM32F4xx_HAL_Driver/Src/stm32f4xx_hal_cortex.o
                0x0800566e                HAL_SYSTICK_Config
 *fill*         0x08005686        0x2 
 .text.HAL_DMA_Init
                0x08005688      0x15c ./Drivers/STM32F4xx_HAL_Driver/Src/stm32f4xx_hal_dma.o
                0x08005688                HAL_DMA_Init
 .text.HAL_DMA_Abort_IT
                0x080057e4       0x44 ./Drivers/STM32F4xx_HAL_Driver/Src/stm32f4xx_hal_dma.o
                0x080057e4                HAL_DMA_Abort_IT
 .text.HAL_DMA_IRQHandler
                0x08005828      0x314 ./Drivers/STM32F4xx_HAL_Driver/Src/stm32f4xx_hal_dma.o
                0x08005828                HAL_DMA_IRQHandler
 .text.DMA_CalcBaseAndBitshift
                0x08005b3c       0x6c ./Drivers/STM32F4xx_HAL_Driver/Src/stm32f4xx_hal_dma.o
 .text.DMA_CheckFifoParam
                0x08005ba8       0xf8 ./Drivers/STM32F4xx_HAL_Driver/Src/stm32f4xx_hal_dma.o
 .text.HAL_FLASH_Program
                0x08005ca0       0xa8 ./Drivers/STM32F4xx_HAL_Driver/Src/stm32f4xx_hal_flash.o
                0x08005ca0                HAL_FLASH_Program
 .text.HAL_FLASH_Unlock
                0x08005d48       0x44 ./Drivers/STM32F4xx_HAL_Driver/Src/stm32f4xx_hal_flash.o
                0x08005d48                HAL_FLASH_Unlock
 .text.HAL_FLASH_Lock
                0x08005d8c       0x20 ./Drivers/STM32F4xx_HAL_Driver/Src/stm32f4xx_hal_flash.o
                0x08005d8c                HAL_FLASH_Lock
 .text.HAL_FLASH_GetError
                0x08005dac       0x18 ./Drivers/STM32F4xx_HAL_Driver/Src/stm32f4xx_hal_flash.o
                0x08005dac                HAL_FLASH_GetError
 .text.FLASH_WaitForLastOperation
                0x08005dc4       0x80 ./Drivers/STM32F4xx_HAL_Driver/Src/stm32f4xx_hal_flash.o
                0x08005dc4                FLASH_WaitForLastOperation
 .text.FLASH_Program_DoubleWord
                0x08005e44       0x64 ./Drivers/STM32F4xx_HAL_Driver/Src/stm32f4xx_hal_flash.o
 .text.FLASH_Program_Word
                0x08005ea8       0x44 ./Drivers/STM32F4xx_HAL_Driver/Src/stm32f4xx_hal_flash.o
 .text.FLASH_Program_HalfWord
                0x08005eec       0x48 ./Drivers/STM32F4xx_HAL_Driver/Src/stm32f4xx_hal_flash.o
 .text.FLASH_Program_Byte
                0x08005f34       0x44 ./Drivers/STM32F4xx_HAL_Driver/Src/stm32f4xx_hal_flash.o
 .text.FLASH_SetErrorCode
                0x08005f78       0xcc ./Drivers/STM32F4xx_HAL_Driver/Src/stm32f4xx_hal_flash.o
 .text.HAL_FLASHEx_Erase
                0x08006044       0xe0 ./Drivers/STM32F4xx_HAL_Driver/Src/stm32f4xx_hal_flash_ex.o
                0x08006044                HAL_FLASHEx_Erase
 .text.FLASH_MassErase
                0x08006124       0x48 ./Drivers/STM32F4xx_HAL_Driver/Src/stm32f4xx_hal_flash_ex.o
 .text.FLASH_Erase_Sector
                0x0800616c       0x90 ./Drivers/STM32F4xx_HAL_Driver/Src/stm32f4xx_hal_flash_ex.o
                0x0800616c                FLASH_Erase_Sector
 .text.FLASH_FlushCaches
                0x080061fc       0x8c ./Drivers/STM32F4xx_HAL_Driver/Src/stm32f4xx_hal_flash_ex.o
                0x080061fc                FLASH_FlushCaches
 .text.HAL_GPIO_Init
                0x08006288      0x308 ./Drivers/STM32F4xx_HAL_Driver/Src/stm32f4xx_hal_gpio.o
                0x08006288                HAL_GPIO_Init
 .text.HAL_GPIO_WritePin
                0x08006590       0x32 ./Drivers/STM32F4xx_HAL_Driver/Src/stm32f4xx_hal_gpio.o
                0x08006590                HAL_GPIO_WritePin
 *fill*         0x080065c2        0x2 
 .text.HAL_I2C_Init
                0x080065c4      0x288 ./Drivers/STM32F4xx_HAL_Driver/Src/stm32f4xx_hal_i2c.o
                0x080065c4                HAL_I2C_Init
 .text.HAL_I2C_Mem_Write
                0x0800684c      0x1f4 ./Drivers/STM32F4xx_HAL_Driver/Src/stm32f4xx_hal_i2c.o
                0x0800684c                HAL_I2C_Mem_Write
 .text.HAL_I2C_Mem_Read
                0x08006a40      0x464 ./Drivers/STM32F4xx_HAL_Driver/Src/stm32f4xx_hal_i2c.o
                0x08006a40                HAL_I2C_Mem_Read
 .text.I2C_RequestMemoryWrite
                0x08006ea4      0x12c ./Drivers/STM32F4xx_HAL_Driver/Src/stm32f4xx_hal_i2c.o
 .text.I2C_RequestMemoryRead
                0x08006fd0      0x1d0 ./Drivers/STM32F4xx_HAL_Driver/Src/stm32f4xx_hal_i2c.o
 .text.I2C_WaitOnFlagUntilTimeout
                0x080071a0       0xf4 ./Drivers/STM32F4xx_HAL_Driver/Src/stm32f4xx_hal_i2c.o
 .text.I2C_WaitOnMasterAddressFlagUntilTimeout
                0x08007294      0x140 ./Drivers/STM32F4xx_HAL_Driver/Src/stm32f4xx_hal_i2c.o
 .text.I2C_WaitOnTXEFlagUntilTimeout
                0x080073d4       0x90 ./Drivers/STM32F4xx_HAL_Driver/Src/stm32f4xx_hal_i2c.o
 .text.I2C_WaitOnBTFFlagUntilTimeout
                0x08007464       0x90 ./Drivers/STM32F4xx_HAL_Driver/Src/stm32f4xx_hal_i2c.o
 .text.I2C_WaitOnRXNEFlagUntilTimeout
                0x080074f4       0xba ./Drivers/STM32F4xx_HAL_Driver/Src/stm32f4xx_hal_i2c.o
 .text.I2C_IsAcknowledgeFailed
                0x080075ae       0x5e ./Drivers/STM32F4xx_HAL_Driver/Src/stm32f4xx_hal_i2c.o
 .text.HAL_RCC_OscConfig
                0x0800760c      0x4f0 ./Drivers/STM32F4xx_HAL_Driver/Src/stm32f4xx_hal_rcc.o
                0x0800760c                HAL_RCC_OscConfig
 .text.HAL_RCC_ClockConfig
                0x08007afc      0x1cc ./Drivers/STM32F4xx_HAL_Driver/Src/stm32f4xx_hal_rcc.o
                0x08007afc                HAL_RCC_ClockConfig
 .text.HAL_RCC_GetSysClockFreq
                0x08007cc8      0x18c ./Drivers/STM32F4xx_HAL_Driver/Src/stm32f4xx_hal_rcc.o
                0x08007cc8                HAL_RCC_GetSysClockFreq
 .text.HAL_RCC_GetHCLKFreq
                0x08007e54       0x18 ./Drivers/STM32F4xx_HAL_Driver/Src/stm32f4xx_hal_rcc.o
                0x08007e54                HAL_RCC_GetHCLKFreq
 .text.HAL_RCC_GetPCLK1Freq
                0x08007e6c       0x28 ./Drivers/STM32F4xx_HAL_Driver/Src/stm32f4xx_hal_rcc.o
                0x08007e6c                HAL_RCC_GetPCLK1Freq
 .text.HAL_SPI_Init
                0x08007e94      0x112 ./Drivers/STM32F4xx_HAL_Driver/Src/stm32f4xx_hal_spi.o
                0x08007e94                HAL_SPI_Init
 .text.HAL_SPI_Transmit
                0x08007fa6      0x288 ./Drivers/STM32F4xx_HAL_Driver/Src/stm32f4xx_hal_spi.o
                0x08007fa6                HAL_SPI_Transmit
 .text.HAL_SPI_Receive
                0x0800822e      0x232 ./Drivers/STM32F4xx_HAL_Driver/Src/stm32f4xx_hal_spi.o
                0x0800822e                HAL_SPI_Receive
 .text.HAL_SPI_TransmitReceive
                0x08008460      0x352 ./Drivers/STM32F4xx_HAL_Driver/Src/stm32f4xx_hal_spi.o
                0x08008460                HAL_SPI_TransmitReceive
 *fill*         0x080087b2        0x2 
 .text.HAL_SPI_IRQHandler
                0x080087b4      0x1e8 ./Drivers/STM32F4xx_HAL_Driver/Src/stm32f4xx_hal_spi.o
                0x080087b4                HAL_SPI_IRQHandler
 .text.HAL_SPI_ErrorCallback
                0x0800899c       0x14 ./Drivers/STM32F4xx_HAL_Driver/Src/stm32f4xx_hal_spi.o
                0x0800899c                HAL_SPI_ErrorCallback
 .text.HAL_SPI_GetState
                0x080089b0       0x1c ./Drivers/STM32F4xx_HAL_Driver/Src/stm32f4xx_hal_spi.o
                0x080089b0                HAL_SPI_GetState
 .text.SPI_DMAAbortOnError
                0x080089cc       0x28 ./Drivers/STM32F4xx_HAL_Driver/Src/stm32f4xx_hal_spi.o
 .text.SPI_WaitFlagStateUntilTimeout
                0x080089f4      0x110 ./Drivers/STM32F4xx_HAL_Driver/Src/stm32f4xx_hal_spi.o
 .text.SPI_EndRxTransaction
                0x08008b04       0xca ./Drivers/STM32F4xx_HAL_Driver/Src/stm32f4xx_hal_spi.o
 *fill*         0x08008bce        0x2 
 .text.SPI_EndRxTxTransaction
                0x08008bd0       0xa8 ./Drivers/STM32F4xx_HAL_Driver/Src/stm32f4xx_hal_spi.o
 .text.HAL_TIM_Base_Init
                0x08008c78       0x9e ./Drivers/STM32F4xx_HAL_Driver/Src/stm32f4xx_hal_tim.o
                0x08008c78                HAL_TIM_Base_Init
 *fill*         0x08008d16        0x2 
 .text.HAL_TIM_Base_Start_IT
                0x08008d18       0xc4 ./Drivers/STM32F4xx_HAL_Driver/Src/stm32f4xx_hal_tim.o
                0x08008d18                HAL_TIM_Base_Start_IT
 .text.HAL_TIM_PWM_Init
                0x08008ddc       0x9e ./Drivers/STM32F4xx_HAL_Driver/Src/stm32f4xx_hal_tim.o
                0x08008ddc                HAL_TIM_PWM_Init
 .text.HAL_TIM_PWM_MspInit
                0x08008e7a       0x14 ./Drivers/STM32F4xx_HAL_Driver/Src/stm32f4xx_hal_tim.o
                0x08008e7a                HAL_TIM_PWM_MspInit
 *fill*         0x08008e8e        0x2 
 .text.HAL_TIM_PWM_Start
                0x08008e90      0x160 ./Drivers/STM32F4xx_HAL_Driver/Src/stm32f4xx_hal_tim.o
                0x08008e90                HAL_TIM_PWM_Start
 .text.HAL_TIM_IC_Init
                0x08008ff0       0x9e ./Drivers/STM32F4xx_HAL_Driver/Src/stm32f4xx_hal_tim.o
                0x08008ff0                HAL_TIM_IC_Init
 *fill*         0x0800908e        0x2 
 .text.HAL_TIM_IC_Start_IT
                0x08009090      0x234 ./Drivers/STM32F4xx_HAL_Driver/Src/stm32f4xx_hal_tim.o
                0x08009090                HAL_TIM_IC_Start_IT
 .text.HAL_TIM_IRQHandler
                0x080092c4      0x1e0 ./Drivers/STM32F4xx_HAL_Driver/Src/stm32f4xx_hal_tim.o
                0x080092c4                HAL_TIM_IRQHandler
 .text.HAL_TIM_IC_ConfigChannel
                0x080094a4      0x138 ./Drivers/STM32F4xx_HAL_Driver/Src/stm32f4xx_hal_tim.o
                0x080094a4                HAL_TIM_IC_ConfigChannel
 .text.HAL_TIM_PWM_ConfigChannel
                0x080095dc      0x184 ./Drivers/STM32F4xx_HAL_Driver/Src/stm32f4xx_hal_tim.o
                0x080095dc                HAL_TIM_PWM_ConfigChannel
 .text.HAL_TIM_ConfigClockSource
                0x08009760      0x18e ./Drivers/STM32F4xx_HAL_Driver/Src/stm32f4xx_hal_tim.o
                0x08009760                HAL_TIM_ConfigClockSource
 *fill*         0x080098ee        0x2 
 .text.HAL_TIM_ReadCapturedValue
                0x080098f0       0x88 ./Drivers/STM32F4xx_HAL_Driver/Src/stm32f4xx_hal_tim.o
                0x080098f0                HAL_TIM_ReadCapturedValue
 .text.HAL_TIM_OC_DelayElapsedCallback
                0x08009978       0x14 ./Drivers/STM32F4xx_HAL_Driver/Src/stm32f4xx_hal_tim.o
                0x08009978                HAL_TIM_OC_DelayElapsedCallback
 .text.HAL_TIM_PWM_PulseFinishedCallback
                0x0800998c       0x14 ./Drivers/STM32F4xx_HAL_Driver/Src/stm32f4xx_hal_tim.o
                0x0800998c                HAL_TIM_PWM_PulseFinishedCallback
 .text.HAL_TIM_TriggerCallback
                0x080099a0       0x14 ./Drivers/STM32F4xx_HAL_Driver/Src/stm32f4xx_hal_tim.o
                0x080099a0                HAL_TIM_TriggerCallback
 .text.TIM_Base_SetConfig
                0x080099b4      0x118 ./Drivers/STM32F4xx_HAL_Driver/Src/stm32f4xx_hal_tim.o
                0x080099b4                TIM_Base_SetConfig
 .text.TIM_OC1_SetConfig
                0x08009acc       0xcc ./Drivers/STM32F4xx_HAL_Driver/Src/stm32f4xx_hal_tim.o
 .text.TIM_OC2_SetConfig
                0x08009b98       0xd8 ./Drivers/STM32F4xx_HAL_Driver/Src/stm32f4xx_hal_tim.o
                0x08009b98                TIM_OC2_SetConfig
 .text.TIM_OC3_SetConfig
                0x08009c70       0xd4 ./Drivers/STM32F4xx_HAL_Driver/Src/stm32f4xx_hal_tim.o
 .text.TIM_OC4_SetConfig
                0x08009d44       0xa0 ./Drivers/STM32F4xx_HAL_Driver/Src/stm32f4xx_hal_tim.o
 .text.TIM_TI1_SetConfig
                0x08009de4       0xd0 ./Drivers/STM32F4xx_HAL_Driver/Src/stm32f4xx_hal_tim.o
                0x08009de4                TIM_TI1_SetConfig
 .text.TIM_TI1_ConfigInputStage
                0x08009eb4       0x5e ./Drivers/STM32F4xx_HAL_Driver/Src/stm32f4xx_hal_tim.o
 .text.TIM_TI2_SetConfig
                0x08009f12       0x7a ./Drivers/STM32F4xx_HAL_Driver/Src/stm32f4xx_hal_tim.o
 .text.TIM_TI2_ConfigInputStage
                0x08009f8c       0x60 ./Drivers/STM32F4xx_HAL_Driver/Src/stm32f4xx_hal_tim.o
 .text.TIM_TI3_SetConfig
                0x08009fec       0x78 ./Drivers/STM32F4xx_HAL_Driver/Src/stm32f4xx_hal_tim.o
 .text.TIM_TI4_SetConfig
                0x0800a064       0x7a ./Drivers/STM32F4xx_HAL_Driver/Src/stm32f4xx_hal_tim.o
 .text.TIM_ITRx_SetConfig
                0x0800a0de       0x36 ./Drivers/STM32F4xx_HAL_Driver/Src/stm32f4xx_hal_tim.o
 .text.TIM_ETR_SetConfig
                0x0800a114       0x40 ./Drivers/STM32F4xx_HAL_Driver/Src/stm32f4xx_hal_tim.o
                0x0800a114                TIM_ETR_SetConfig
 .text.TIM_CCxChannelCmd
                0x0800a154       0x4a ./Drivers/STM32F4xx_HAL_Driver/Src/stm32f4xx_hal_tim.o
                0x0800a154                TIM_CCxChannelCmd
 *fill*         0x0800a19e        0x2 
 .text.HAL_TIMEx_MasterConfigSynchronization
                0x0800a1a0       0xdc ./Drivers/STM32F4xx_HAL_Driver/Src/stm32f4xx_hal_tim_ex.o
                0x0800a1a0                HAL_TIMEx_MasterConfigSynchronization
 .text.HAL_TIMEx_CommutCallback
                0x0800a27c       0x14 ./Drivers/STM32F4xx_HAL_Driver/Src/stm32f4xx_hal_tim_ex.o
                0x0800a27c                HAL_TIMEx_CommutCallback
 .text.HAL_TIMEx_BreakCallback
                0x0800a290       0x14 ./Drivers/STM32F4xx_HAL_Driver/Src/stm32f4xx_hal_tim_ex.o
                0x0800a290                HAL_TIMEx_BreakCallback
 .text.MX_FATFS_Init
                0x0800a2a4       0x24 ./FATFS/App/fatfs.o
                0x0800a2a4                MX_FATFS_Init
 .text.get_fattime
                0x0800a2c8       0x10 ./FATFS/App/fatfs.o
                0x0800a2c8                get_fattime
 .text.USER_initialize
                0x0800a2d8       0x2c ./FATFS/Target/user_diskio.o
                0x0800a2d8                USER_initialize
 .text.USER_status
                0x0800a304       0x1c ./FATFS/Target/user_diskio.o
                0x0800a304                USER_status
 .text.USER_read
                0x0800a320       0x26 ./FATFS/Target/user_diskio.o
                0x0800a320                USER_read
 .text.USER_write
                0x0800a346       0x26 ./FATFS/Target/user_diskio.o
                0x0800a346                USER_write
 .text.USER_ioctl
                0x0800a36c       0x26 ./FATFS/Target/user_diskio.o
                0x0800a36c                USER_ioctl
 *fill*         0x0800a392        0x2 
 .text.disk_status
                0x0800a394       0x34 ./Middlewares/Third_Party/FatFs/src/diskio.o
                0x0800a394                disk_status
 .text.disk_initialize
                0x0800a3c8       0x50 ./Middlewares/Third_Party/FatFs/src/diskio.o
                0x0800a3c8                disk_initialize
 .text.disk_read
                0x0800a418       0x40 ./Middlewares/Third_Party/FatFs/src/diskio.o
                0x0800a418                disk_read
 .text.disk_write
                0x0800a458       0x40 ./Middlewares/Third_Party/FatFs/src/diskio.o
                0x0800a458                disk_write
 .text.disk_ioctl
                0x0800a498       0x3c ./Middlewares/Third_Party/FatFs/src/diskio.o
                0x0800a498                disk_ioctl
 .text.ld_word  0x0800a4d4       0x30 ./Middlewares/Third_Party/FatFs/src/ff.o
 .text.ld_dword
                0x0800a504       0x46 ./Middlewares/Third_Party/FatFs/src/ff.o
 .text.st_word  0x0800a54a       0x36 ./Middlewares/Third_Party/FatFs/src/ff.o
 .text.st_dword
                0x0800a580       0x58 ./Middlewares/Third_Party/FatFs/src/ff.o
 .text.mem_cpy  0x0800a5d8       0x42 ./Middlewares/Third_Party/FatFs/src/ff.o
 .text.mem_set  0x0800a61a       0x36 ./Middlewares/Third_Party/FatFs/src/ff.o
 .text.mem_cmp  0x0800a650       0x4e ./Middlewares/Third_Party/FatFs/src/ff.o
 .text.chk_chr  0x0800a69e       0x36 ./Middlewares/Third_Party/FatFs/src/ff.o
 .text.chk_lock
                0x0800a6d4       0xb8 ./Middlewares/Third_Party/FatFs/src/ff.o
 .text.enq_lock
                0x0800a78c       0x44 ./Middlewares/Third_Party/FatFs/src/ff.o
 .text.inc_lock
                0x0800a7d0      0x11c ./Middlewares/Third_Party/FatFs/src/ff.o
 .text.dec_lock
                0x0800a8ec       0x78 ./Middlewares/Third_Party/FatFs/src/ff.o
 .text.clear_lock
                0x0800a964       0x48 ./Middlewares/Third_Party/FatFs/src/ff.o
 .text.sync_window
                0x0800a9ac       0x88 ./Middlewares/Third_Party/FatFs/src/ff.o
 .text.move_window
                0x0800aa34       0x5a ./Middlewares/Third_Party/FatFs/src/ff.o
 *fill*         0x0800aa8e        0x2 
 .text.sync_fs  0x0800aa90       0xdc ./Middlewares/Third_Party/FatFs/src/ff.o
 .text.clust2sect
                0x0800ab6c       0x3e ./Middlewares/Third_Party/FatFs/src/ff.o
 .text.get_fat  0x0800abaa      0x14e ./Middlewares/Third_Party/FatFs/src/ff.o
 .text.put_fat  0x0800acf8      0x1d4 ./Middlewares/Third_Party/FatFs/src/ff.o
 .text.remove_chain
                0x0800aecc       0xca ./Middlewares/Third_Party/FatFs/src/ff.o
 .text.create_chain
                0x0800af96      0x130 ./Middlewares/Third_Party/FatFs/src/ff.o
 .text.clmt_clust
                0x0800b0c6       0x68 ./Middlewares/Third_Party/FatFs/src/ff.o
 .text.dir_sdi  0x0800b12e       0xf6 ./Middlewares/Third_Party/FatFs/src/ff.o
 .text.dir_next
                0x0800b224      0x18a ./Middlewares/Third_Party/FatFs/src/ff.o
 .text.dir_alloc
                0x0800b3ae       0x8e ./Middlewares/Third_Party/FatFs/src/ff.o
 .text.ld_clust
                0x0800b43c       0x3e ./Middlewares/Third_Party/FatFs/src/ff.o
 .text.st_clust
                0x0800b47a       0x40 ./Middlewares/Third_Party/FatFs/src/ff.o
 .text.dir_find
                0x0800b4ba       0xaa ./Middlewares/Third_Party/FatFs/src/ff.o
 .text.dir_register
                0x0800b564       0x64 ./Middlewares/Third_Party/FatFs/src/ff.o
 .text.create_name
                0x0800b5c8      0x194 ./Middlewares/Third_Party/FatFs/src/ff.o
 .text.follow_path
                0x0800b75c      0x120 ./Middlewares/Third_Party/FatFs/src/ff.o
 .text.get_ldnumber
                0x0800b87c       0x88 ./Middlewares/Third_Party/FatFs/src/ff.o
 .text.check_fs
                0x0800b904       0xac ./Middlewares/Third_Party/FatFs/src/ff.o
 .text.find_volume
                0x0800b9b0      0x49c ./Middlewares/Third_Party/FatFs/src/ff.o
 .text.validate
                0x0800be4c       0x6a ./Middlewares/Third_Party/FatFs/src/ff.o
 *fill*         0x0800beb6        0x2 
 .text.f_mount  0x0800beb8       0x8c ./Middlewares/Third_Party/FatFs/src/ff.o
                0x0800beb8                f_mount
 .text.f_open   0x0800bf44      0x374 ./Middlewares/Third_Party/FatFs/src/ff.o
                0x0800bf44                f_open
 .text.f_write  0x0800c2b8      0x2ea ./Middlewares/Third_Party/FatFs/src/ff.o
                0x0800c2b8                f_write
 .text.f_sync   0x0800c5a2       0xfc ./Middlewares/Third_Party/FatFs/src/ff.o
                0x0800c5a2                f_sync
 .text.f_close  0x0800c69e       0x54 ./Middlewares/Third_Party/FatFs/src/ff.o
                0x0800c69e                f_close
 .text.f_chdir  0x0800c6f2       0x94 ./Middlewares/Third_Party/FatFs/src/ff.o
                0x0800c6f2                f_chdir
 .text.f_lseek  0x0800c786      0x412 ./Middlewares/Third_Party/FatFs/src/ff.o
                0x0800c786                f_lseek
 .text.f_mkdir  0x0800cb98      0x228 ./Middlewares/Third_Party/FatFs/src/ff.o
                0x0800cb98                f_mkdir
 .text.putc_bfd
                0x0800cdc0       0x7a ./Middlewares/Third_Party/FatFs/src/ff.o
 .text.putc_flush
                0x0800ce3a       0x4a ./Middlewares/Third_Party/FatFs/src/ff.o
 .text.putc_init
                0x0800ce84       0x2a ./Middlewares/Third_Party/FatFs/src/ff.o
 *fill*         0x0800ceae        0x2 
 .text.f_printf
                0x0800ceb0      0x43c ./Middlewares/Third_Party/FatFs/src/ff.o
                0x0800ceb0                f_printf
 .text.FATFS_LinkDriverEx
                0x0800d2ec       0x98 ./Middlewares/Third_Party/FatFs/src/ff_gen_drv.o
                0x0800d2ec                FATFS_LinkDriverEx
 .text.FATFS_LinkDriver
                0x0800d384       0x1e ./Middlewares/Third_Party/FatFs/src/ff_gen_drv.o
                0x0800d384                FATFS_LinkDriver
 .text.memset   0x0800d3a2       0x10 C:/ST/STM32CubeIDE_1.16.1/STM32CubeIDE/plugins/com.st.stm32cube.ide.mcu.externaltools.gnu-tools-for-stm32.12.3.rel1.win32_1.0.200.202406191623/tools/bin/../lib/gcc/arm-none-eabi/12.3.1/../../../../arm-none-eabi/lib/thumb/v7e-m+fp/hard\libc_nano.a(libc_a-memset.o)
                0x0800d3a2                memset
 *fill*         0x0800d3b2        0x2 
 .text.__errno  0x0800d3b4        0xc C:/ST/STM32CubeIDE_1.16.1/STM32CubeIDE/plugins/com.st.stm32cube.ide.mcu.externaltools.gnu-tools-for-stm32.12.3.rel1.win32_1.0.200.202406191623/tools/bin/../lib/gcc/arm-none-eabi/12.3.1/../../../../arm-none-eabi/lib/thumb/v7e-m+fp/hard\libc_nano.a(libc_a-errno.o)
                0x0800d3b4                __errno
 .text.__libc_init_array
                0x0800d3c0       0x48 C:/ST/STM32CubeIDE_1.16.1/STM32CubeIDE/plugins/com.st.stm32cube.ide.mcu.externaltools.gnu-tools-for-stm32.12.3.rel1.win32_1.0.200.202406191623/tools/bin/../lib/gcc/arm-none-eabi/12.3.1/../../../../arm-none-eabi/lib/thumb/v7e-m+fp/hard\libc_nano.a(libc_a-init.o)
                0x0800d3c0                __libc_init_array
 .text.atan2    0x0800d408        0x4 C:/ST/STM32CubeIDE_1.16.1/STM32CubeIDE/plugins/com.st.stm32cube.ide.mcu.externaltools.gnu-tools-for-stm32.12.3.rel1.win32_1.0.200.202406191623/tools/bin/../lib/gcc/arm-none-eabi/12.3.1/../../../../arm-none-eabi/lib/thumb/v7e-m+fp/hard\libm.a(libm_a-w_atan2.o)
                0x0800d408                atan2
 *fill*         0x0800d40c        0x4 
 .text.log      0x0800d410       0x7c C:/ST/STM32CubeIDE_1.16.1/STM32CubeIDE/plugins/com.st.stm32cube.ide.mcu.externaltools.gnu-tools-for-stm32.12.3.rel1.win32_1.0.200.202406191623/tools/bin/../lib/gcc/arm-none-eabi/12.3.1/../../../../arm-none-eabi/lib/thumb/v7e-m+fp/hard\libm.a(libm_a-w_log.o)
                0x0800d410                log
 .text.sqrt     0x0800d48c       0x58 C:/ST/STM32CubeIDE_1.16.1/STM32CubeIDE/plugins/com.st.stm32cube.ide.mcu.externaltools.gnu-tools-for-stm32.12.3.rel1.win32_1.0.200.202406191623/tools/bin/../lib/gcc/arm-none-eabi/12.3.1/../../../../arm-none-eabi/lib/thumb/v7e-m+fp/hard\libm.a(libm_a-w_sqrt.o)
                0x0800d48c                sqrt
 *fill*         0x0800d4e4        0x4 
 .text.atan     0x0800d4e8      0x330 C:/ST/STM32CubeIDE_1.16.1/STM32CubeIDE/plugins/com.st.stm32cube.ide.mcu.externaltools.gnu-tools-for-stm32.12.3.rel1.win32_1.0.200.202406191623/tools/bin/../lib/gcc/arm-none-eabi/12.3.1/../../../../arm-none-eabi/lib/thumb/v7e-m+fp/hard\libm.a(libm_a-s_atan.o)
                0x0800d4e8                atan
 .text.fabs     0x0800d818       0x10 C:/ST/STM32CubeIDE_1.16.1/STM32CubeIDE/plugins/com.st.stm32cube.ide.mcu.externaltools.gnu-tools-for-stm32.12.3.rel1.win32_1.0.200.202406191623/tools/bin/../lib/gcc/arm-none-eabi/12.3.1/../../../../arm-none-eabi/lib/thumb/v7e-m+fp/hard\libm.a(libm_a-s_fabs.o)
                0x0800d818                fabs
 .text.nan      0x0800d828       0x10 C:/ST/STM32CubeIDE_1.16.1/STM32CubeIDE/plugins/com.st.stm32cube.ide.mcu.externaltools.gnu-tools-for-stm32.12.3.rel1.win32_1.0.200.202406191623/tools/bin/../lib/gcc/arm-none-eabi/12.3.1/../../../../arm-none-eabi/lib/thumb/v7e-m+fp/hard\libm.a(libm_a-s_nan.o)
                0x0800d828                nan
 .text.__ieee754_sqrt
                0x0800d838      0x1b4 C:/ST/STM32CubeIDE_1.16.1/STM32CubeIDE/plugins/com.st.stm32cube.ide.mcu.externaltools.gnu-tools-for-stm32.12.3.rel1.win32_1.0.200.202406191623/tools/bin/../lib/gcc/arm-none-eabi/12.3.1/../../../../arm-none-eabi/lib/thumb/v7e-m+fp/hard\libm.a(libm_a-e_sqrt.o)
                0x0800d838                __ieee754_sqrt
 *fill*         0x0800d9ec        0x4 
 .text.__ieee754_atan2
                0x0800d9f0      0x18c C:/ST/STM32CubeIDE_1.16.1/STM32CubeIDE/plugins/com.st.stm32cube.ide.mcu.externaltools.gnu-tools-for-stm32.12.3.rel1.win32_1.0.200.202406191623/tools/bin/../lib/gcc/arm-none-eabi/12.3.1/../../../../arm-none-eabi/lib/thumb/v7e-m+fp/hard\libm.a(libm_a-e_atan2.o)
                0x0800d9f0                __ieee754_atan2
 *fill*         0x0800db7c        0x4 
 .text.__ieee754_log
                0x0800db80      0x36c C:/ST/STM32CubeIDE_1.16.1/STM32CubeIDE/plugins/com.st.stm32cube.ide.mcu.externaltools.gnu-tools-for-stm32.12.3.rel1.win32_1.0.200.202406191623/tools/bin/../lib/gcc/arm-none-eabi/12.3.1/../../../../arm-none-eabi/lib/thumb/v7e-m+fp/hard\libm.a(libm_a-e_log.o)
                0x0800db80                __ieee754_log
 *(.glue_7)
 .glue_7        0x0800deec        0x0 linker stubs
 *(.glue_7t)
 .glue_7t       0x0800deec        0x0 linker stubs
 *(.eh_frame)
 .eh_frame      0x0800deec        0x0 C:/ST/STM32CubeIDE_1.16.1/STM32CubeIDE/plugins/com.st.stm32cube.ide.mcu.externaltools.gnu-tools-for-stm32.12.3.rel1.win32_1.0.200.202406191623/tools/bin/../lib/gcc/arm-none-eabi/12.3.1/thumb/v7e-m+fp/hard/crtbegin.o
 *(.init)
 .init          0x0800deec        0x4 C:/ST/STM32CubeIDE_1.16.1/STM32CubeIDE/plugins/com.st.stm32cube.ide.mcu.externaltools.gnu-tools-for-stm32.12.3.rel1.win32_1.0.200.202406191623/tools/bin/../lib/gcc/arm-none-eabi/12.3.1/thumb/v7e-m+fp/hard/crti.o
                0x0800deec                _init
 .init          0x0800def0        0x8 C:/ST/STM32CubeIDE_1.16.1/STM32CubeIDE/plugins/com.st.stm32cube.ide.mcu.externaltools.gnu-tools-for-stm32.12.3.rel1.win32_1.0.200.202406191623/tools/bin/../lib/gcc/arm-none-eabi/12.3.1/thumb/v7e-m+fp/hard/crtn.o
 *(.fini)
 .fini          0x0800def8        0x4 C:/ST/STM32CubeIDE_1.16.1/STM32CubeIDE/plugins/com.st.stm32cube.ide.mcu.externaltools.gnu-tools-for-stm32.12.3.rel1.win32_1.0.200.202406191623/tools/bin/../lib/gcc/arm-none-eabi/12.3.1/thumb/v7e-m+fp/hard/crti.o
                0x0800def8                _fini
 .fini          0x0800defc        0x8 C:/ST/STM32CubeIDE_1.16.1/STM32CubeIDE/plugins/com.st.stm32cube.ide.mcu.externaltools.gnu-tools-for-stm32.12.3.rel1.win32_1.0.200.202406191623/tools/bin/../lib/gcc/arm-none-eabi/12.3.1/thumb/v7e-m+fp/hard/crtn.o
                0x0800df04                        . = ALIGN (0x4)
                0x0800df04                        _etext = .

.vfp11_veneer   0x0800df04        0x0
 .vfp11_veneer  0x0800df04        0x0 linker stubs

.v4_bx          0x0800df04        0x0
 .v4_bx         0x0800df04        0x0 linker stubs

.iplt           0x0800df04        0x0
 .iplt          0x0800df04        0x0 C:/ST/STM32CubeIDE_1.16.1/STM32CubeIDE/plugins/com.st.stm32cube.ide.mcu.externaltools.gnu-tools-for-stm32.12.3.rel1.win32_1.0.200.202406191623/tools/bin/../lib/gcc/arm-none-eabi/12.3.1/thumb/v7e-m+fp/hard/crtbegin.o

.rodata         0x0800df08      0x1e0
                0x0800df08                        . = ALIGN (0x4)
 *(.rodata)
 .rodata        0x0800df08       0x84 ./Core/Src/Modules/BlackBox/BlackBox.o
 .rodata        0x0800df8c       0x44 ./Middlewares/Third_Party/FatFs/src/ff.o
 *(.rodata*)
 .rodata.AHBPrescTable
                0x0800dfd0       0x10 ./Core/Src/system_stm32f4xx.o
                0x0800dfd0                AHBPrescTable
 .rodata.APBPrescTable
                0x0800dfe0        0x8 ./Core/Src/system_stm32f4xx.o
                0x0800dfe0                APBPrescTable
 .rodata.flagBitshiftOffset.0
                0x0800dfe8        0x8 ./Drivers/STM32F4xx_HAL_Driver/Src/stm32f4xx_hal_dma.o
 .rodata.ExCvt  0x0800dff0       0x80 ./Middlewares/Third_Party/FatFs/src/ff.o
 .rodata.log.str1.1
                0x0800e070        0x1 C:/ST/STM32CubeIDE_1.16.1/STM32CubeIDE/plugins/com.st.stm32cube.ide.mcu.externaltools.gnu-tools-for-stm32.12.3.rel1.win32_1.0.200.202406191623/tools/bin/../lib/gcc/arm-none-eabi/12.3.1/../../../../arm-none-eabi/lib/thumb/v7e-m+fp/hard\libm.a(libm_a-w_log.o)
 *fill*         0x0800e071        0x7 
 .rodata.atanlo
                0x0800e078       0x20 C:/ST/STM32CubeIDE_1.16.1/STM32CubeIDE/plugins/com.st.stm32cube.ide.mcu.externaltools.gnu-tools-for-stm32.12.3.rel1.win32_1.0.200.202406191623/tools/bin/../lib/gcc/arm-none-eabi/12.3.1/../../../../arm-none-eabi/lib/thumb/v7e-m+fp/hard\libm.a(libm_a-s_atan.o)
 .rodata.atanhi
                0x0800e098       0x20 C:/ST/STM32CubeIDE_1.16.1/STM32CubeIDE/plugins/com.st.stm32cube.ide.mcu.externaltools.gnu-tools-for-stm32.12.3.rel1.win32_1.0.200.202406191623/tools/bin/../lib/gcc/arm-none-eabi/12.3.1/../../../../arm-none-eabi/lib/thumb/v7e-m+fp/hard\libm.a(libm_a-s_atan.o)
 .rodata.CSWTCH.9
                0x0800e0b8       0x18 C:/ST/STM32CubeIDE_1.16.1/STM32CubeIDE/plugins/com.st.stm32cube.ide.mcu.externaltools.gnu-tools-for-stm32.12.3.rel1.win32_1.0.200.202406191623/tools/bin/../lib/gcc/arm-none-eabi/12.3.1/../../../../arm-none-eabi/lib/thumb/v7e-m+fp/hard\libm.a(libm_a-e_atan2.o)
 .rodata.CSWTCH.8
                0x0800e0d0       0x18 C:/ST/STM32CubeIDE_1.16.1/STM32CubeIDE/plugins/com.st.stm32cube.ide.mcu.externaltools.gnu-tools-for-stm32.12.3.rel1.win32_1.0.200.202406191623/tools/bin/../lib/gcc/arm-none-eabi/12.3.1/../../../../arm-none-eabi/lib/thumb/v7e-m+fp/hard\libm.a(libm_a-e_atan2.o)
                0x0800e0e8                        . = ALIGN (0x4)

.ARM.extab      0x0800e0e8        0x0
                0x0800e0e8                        . = ALIGN (0x4)
 *(.ARM.extab* .gnu.linkonce.armextab.*)
                0x0800e0e8                        . = ALIGN (0x4)

.ARM            0x0800e0e8        0x8
                0x0800e0e8                        . = ALIGN (0x4)
                0x0800e0e8                        __exidx_start = .
 *(.ARM.exidx*)
 .ARM.exidx     0x0800e0e8        0x8 C:/ST/STM32CubeIDE_1.16.1/STM32CubeIDE/plugins/com.st.stm32cube.ide.mcu.externaltools.gnu-tools-for-stm32.12.3.rel1.win32_1.0.200.202406191623/tools/bin/../lib/gcc/arm-none-eabi/12.3.1/thumb/v7e-m+fp/hard\libgcc.a(_udivmoddi4.o)
                0x0800e0f0                        __exidx_end = .
                0x0800e0f0                        . = ALIGN (0x4)

.preinit_array  0x0800e0f0        0x0
                0x0800e0f0                        . = ALIGN (0x4)
                0x0800e0f0                        PROVIDE (__preinit_array_start = .)
 *(.preinit_array*)
                0x0800e0f0                        PROVIDE (__preinit_array_end = .)
                0x0800e0f0                        . = ALIGN (0x4)

.init_array     0x0800e0f0        0x4
                0x0800e0f0                        . = ALIGN (0x4)
                0x0800e0f0                        PROVIDE (__init_array_start = .)
 *(SORT_BY_NAME(.init_array.*))
 *(.init_array*)
 .init_array    0x0800e0f0        0x4 C:/ST/STM32CubeIDE_1.16.1/STM32CubeIDE/plugins/com.st.stm32cube.ide.mcu.externaltools.gnu-tools-for-stm32.12.3.rel1.win32_1.0.200.202406191623/tools/bin/../lib/gcc/arm-none-eabi/12.3.1/thumb/v7e-m+fp/hard/crtbegin.o
                0x0800e0f4                        PROVIDE (__init_array_end = .)
                0x0800e0f4                        . = ALIGN (0x4)

.fini_array     0x0800e0f4        0x4
                0x0800e0f4                        . = ALIGN (0x4)
                [!provide]                        PROVIDE (__fini_array_start = .)
 *(SORT_BY_NAME(.fini_array.*))
 *(.fini_array*)
 .fini_array    0x0800e0f4        0x4 C:/ST/STM32CubeIDE_1.16.1/STM32CubeIDE/plugins/com.st.stm32cube.ide.mcu.externaltools.gnu-tools-for-stm32.12.3.rel1.win32_1.0.200.202406191623/tools/bin/../lib/gcc/arm-none-eabi/12.3.1/thumb/v7e-m+fp/hard/crtbegin.o
                [!provide]                        PROVIDE (__fini_array_end = .)
                0x0800e0f8                        . = ALIGN (0x4)
                0x0800e0f8                        _sidata = LOADADDR (.data)

.rel.dyn        0x0800e0f8        0x0
 .rel.iplt      0x0800e0f8        0x0 C:/ST/STM32CubeIDE_1.16.1/STM32CubeIDE/plugins/com.st.stm32cube.ide.mcu.externaltools.gnu-tools-for-stm32.12.3.rel1.win32_1.0.200.202406191623/tools/bin/../lib/gcc/arm-none-eabi/12.3.1/thumb/v7e-m+fp/hard/crtbegin.o

.data           0x20000000      0x130 load address 0x0800e0f8
                0x20000000                        . = ALIGN (0x4)
                0x20000000                        _sdata = .
 *(.data)
 *(.data*)
 .data.pahtName
                0x20000000        0x7 ./Core/Src/Modules/BlackBox/BlackBox.o
                0x20000000                pahtName
 *fill*         0x20000007        0x1 
 .data.fileName
                0x20000008        0xa ./Core/Src/Modules/BlackBox/BlackBox.o
                0x20000008                fileName
 .data.SaveChanges.1
                0x20000012        0x1 ./Core/Src/Modules/BlackBox/BlackBox.o
 *fill*         0x20000013        0x5 
 .data.KalmanX  0x20000018       0x48 ./Core/Src/Modules/INS/attitude.o
                0x20000018                KalmanX
 .data.KalmanY  0x20000060       0x48 ./Core/Src/Modules/INS/attitude.o
                0x20000060                KalmanY
 .data.init.0   0x200000a8        0x1 ./Core/Src/Modules/Status/status.o
 .data.Stat     0x200000a9        0x1 ./Core/Src/fatfs_sd.o
 *fill*         0x200000aa        0x2 
 .data.SystemCoreClock
                0x200000ac        0x4 ./Core/Src/system_stm32f4xx.o
                0x200000ac                SystemCoreClock
 .data.uwTickPrio
                0x200000b0        0x4 ./Drivers/STM32F4xx_HAL_Driver/Src/stm32f4xx_hal.o
                0x200000b0                uwTickPrio
 .data.uwTickFreq
                0x200000b4        0x1 ./Drivers/STM32F4xx_HAL_Driver/Src/stm32f4xx_hal.o
                0x200000b4                uwTickFreq
 .data.Stat     0x200000b5        0x1 ./FATFS/Target/user_diskio.o
 *fill*         0x200000b6        0x2 
 .data.USER_Driver
                0x200000b8       0x14 ./FATFS/Target/user_diskio.o
                0x200000b8                USER_Driver
 .data._impure_ptr
                0x200000cc        0x4 C:/ST/STM32CubeIDE_1.16.1/STM32CubeIDE/plugins/com.st.stm32cube.ide.mcu.externaltools.gnu-tools-for-stm32.12.3.rel1.win32_1.0.200.202406191623/tools/bin/../lib/gcc/arm-none-eabi/12.3.1/../../../../arm-none-eabi/lib/thumb/v7e-m+fp/hard\libc_nano.a(libc_a-impure.o)
                0x200000cc                _impure_ptr
 .data._impure_data
                0x200000d0       0x4c C:/ST/STM32CubeIDE_1.16.1/STM32CubeIDE/plugins/com.st.stm32cube.ide.mcu.externaltools.gnu-tools-for-stm32.12.3.rel1.win32_1.0.200.202406191623/tools/bin/../lib/gcc/arm-none-eabi/12.3.1/../../../../arm-none-eabi/lib/thumb/v7e-m+fp/hard\libc_nano.a(libc_a-impure.o)
                0x200000d0                _impure_data
 *fill*         0x2000011c        0x4 
 .data.tiny     0x20000120        0x8 C:/ST/STM32CubeIDE_1.16.1/STM32CubeIDE/plugins/com.st.stm32cube.ide.mcu.externaltools.gnu-tools-for-stm32.12.3.rel1.win32_1.0.200.202406191623/tools/bin/../lib/gcc/arm-none-eabi/12.3.1/../../../../arm-none-eabi/lib/thumb/v7e-m+fp/hard\libm.a(libm_a-e_sqrt.o)
 .data.one      0x20000128        0x8 C:/ST/STM32CubeIDE_1.16.1/STM32CubeIDE/plugins/com.st.stm32cube.ide.mcu.externaltools.gnu-tools-for-stm32.12.3.rel1.win32_1.0.200.202406191623/tools/bin/../lib/gcc/arm-none-eabi/12.3.1/../../../../arm-none-eabi/lib/thumb/v7e-m+fp/hard\libm.a(libm_a-e_sqrt.o)
 *(.RamFunc)
 *(.RamFunc*)
                0x20000130                        . = ALIGN (0x4)
                0x20000130                        _edata = .

.igot.plt       0x20000130        0x0 load address 0x0800e228
 .igot.plt      0x20000130        0x0 C:/ST/STM32CubeIDE_1.16.1/STM32CubeIDE/plugins/com.st.stm32cube.ide.mcu.externaltools.gnu-tools-for-stm32.12.3.rel1.win32_1.0.200.202406191623/tools/bin/../lib/gcc/arm-none-eabi/12.3.1/thumb/v7e-m+fp/hard/crtbegin.o
                0x20000130                        . = ALIGN (0x4)

.bss            0x20000130      0xd34 load address 0x0800e228
                0x20000130                        _sbss = .
                0x20000130                        __bss_start__ = _sbss
 *(.bss)
 .bss           0x20000130       0x1c C:/ST/STM32CubeIDE_1.16.1/STM32CubeIDE/plugins/com.st.stm32cube.ide.mcu.externaltools.gnu-tools-for-stm32.12.3.rel1.win32_1.0.200.202406191623/tools/bin/../lib/gcc/arm-none-eabi/12.3.1/thumb/v7e-m+fp/hard/crtbegin.o
 *(.bss*)
 .bss.BMP280    0x2000014c       0x14 ./Core/Src/Libraries/BMP280.o
                0x2000014c                BMP280
 .bss.dig_T1    0x20000160        0x2 ./Core/Src/Libraries/BMP280.o
                0x20000160                dig_T1
 .bss.dig_P1    0x20000162        0x2 ./Core/Src/Libraries/BMP280.o
                0x20000162                dig_P1
 .bss.dig_T2    0x20000164        0x2 ./Core/Src/Libraries/BMP280.o
                0x20000164                dig_T2
 .bss.dig_T3    0x20000166        0x2 ./Core/Src/Libraries/BMP280.o
                0x20000166                dig_T3
 .bss.dig_P2    0x20000168        0x2 ./Core/Src/Libraries/BMP280.o
                0x20000168                dig_P2
 .bss.dig_P3    0x2000016a        0x2 ./Core/Src/Libraries/BMP280.o
                0x2000016a                dig_P3
 .bss.dig_P4    0x2000016c        0x2 ./Core/Src/Libraries/BMP280.o
                0x2000016c                dig_P4
 .bss.dig_P5    0x2000016e        0x2 ./Core/Src/Libraries/BMP280.o
                0x2000016e                dig_P5
 .bss.dig_P6    0x20000170        0x2 ./Core/Src/Libraries/BMP280.o
                0x20000170                dig_P6
 .bss.dig_P7    0x20000172        0x2 ./Core/Src/Libraries/BMP280.o
                0x20000172                dig_P7
 .bss.dig_P8    0x20000174        0x2 ./Core/Src/Libraries/BMP280.o
                0x20000174                dig_P8
 .bss.dig_P9    0x20000176        0x2 ./Core/Src/Libraries/BMP280.o
                0x20000176                dig_P9
 .bss.T_raw     0x20000178        0x4 ./Core/Src/Libraries/BMP280.o
                0x20000178                T_raw
 .bss.P_raw     0x2000017c        0x4 ./Core/Src/Libraries/BMP280.o
                0x2000017c                P_raw
 .bss.t_fine    0x20000180        0x4 ./Core/Src/Libraries/BMP280.o
                0x20000180                t_fine
 .bss.EraseInitStruct.0
                0x20000184       0x14 ./Core/Src/Libraries/Flash.o
 .bss.MPU6050   0x20000198      0x220 ./Core/Src/Libraries/MPU6050.o
                0x20000198                MPU6050
 .bss.eCont1.1  0x200003b8        0x1 ./Core/Src/Libraries/MPU6050.o
 .bss.eCont2.0  0x200003b9        0x1 ./Core/Src/Libraries/MPU6050.o
 *fill*         0x200003ba        0x2 
 .bss.fs        0x200003bc      0x234 ./Core/Src/Modules/BlackBox/BlackBox.o
                0x200003bc                fs
 .bss.fil       0x200005f0      0x230 ./Core/Src/Modules/BlackBox/BlackBox.o
                0x200005f0                fil
 .bss.fresult   0x20000820        0x1 ./Core/Src/Modules/BlackBox/BlackBox.o
                0x20000820                fresult
 *fill*         0x20000821        0x3 
 .bss.BLACKBOX  0x20000824       0x16 ./Core/Src/Modules/BlackBox/BlackBox.o
                0x20000824                BLACKBOX
 .bss.r.5       0x2000083a        0x1 ./Core/Src/Modules/BlackBox/BlackBox.o
 .bss.r2.4      0x2000083b        0x1 ./Core/Src/Modules/BlackBox/BlackBox.o
 .bss.r3.3      0x2000083c        0x1 ./Core/Src/Modules/BlackBox/BlackBox.o
 *fill*         0x2000083d        0x1 
 .bss.RstCont.2
                0x2000083e        0x2 ./Core/Src/Modules/BlackBox/BlackBox.o
 .bss.N_MSG.0   0x20000840        0x4 ./Core/Src/Modules/BlackBox/BlackBox.o
 .bss.timer     0x20000844        0x4 ./Core/Src/Modules/INS/attitude.o
                0x20000844                timer
 .bss.MEMORY    0x20000848       0x20 ./Core/Src/Modules/Status/memory.o
                0x20000848                MEMORY
 .bss.SYSTEM_STATUS
                0x20000868        0x1 ./Core/Src/Modules/Status/status.o
                0x20000868                SYSTEM_STATUS
 .bss.Parachute_Status
                0x20000869        0x1 ./Core/Src/Modules/Telemetry/payload.o
                0x20000869                Parachute_Status
 *fill*         0x2000086a        0x2 
 .bss.hadc1     0x2000086c       0x48 ./Core/Src/adc.o
                0x2000086c                hadc1
 .bss.CardType  0x200008b4        0x1 ./Core/Src/fatfs_sd.o
 .bss.PowerFlag
                0x200008b5        0x1 ./Core/Src/fatfs_sd.o
 *fill*         0x200008b6        0x2 
 .bss.hi2c1     0x200008b8       0x54 ./Core/Src/i2c.o
                0x200008b8                hi2c1
 .bss.hi2c2     0x2000090c       0x54 ./Core/Src/i2c.o
                0x2000090c                hi2c2
 .bss.hi2c3     0x20000960       0x54 ./Core/Src/i2c.o
                0x20000960                hi2c3
 .bss.test      0x200009b4        0x1 ./Core/Src/main.o
                0x200009b4                test
 *fill*         0x200009b5        0x3 
 .bss.channel_1_past
                0x200009b8        0x4 ./Core/Src/main.o
                0x200009b8                channel_1_past
 .bss.channel_1_validation
                0x200009bc        0xc ./Core/Src/main.o
                0x200009bc                channel_1_validation
 .bss.hspi1     0x200009c8       0x58 ./Core/Src/spi.o
                0x200009c8                hspi1
 .bss.hspi2     0x20000a20       0x58 ./Core/Src/spi.o
                0x20000a20                hspi2
 .bss.hspi3     0x20000a78       0x58 ./Core/Src/spi.o
                0x20000a78                hspi3
 .bss.hdma_spi2_rx
                0x20000ad0       0x60 ./Core/Src/spi.o
                0x20000ad0                hdma_spi2_rx
 .bss.hdma_spi3_rx
                0x20000b30       0x60 ./Core/Src/spi.o
                0x20000b30                hdma_spi3_rx
 .bss.hdma_spi3_tx
                0x20000b90       0x60 ./Core/Src/spi.o
                0x20000b90                hdma_spi3_tx
 .bss.FatFsCnt  0x20000bf0        0x1 ./Core/Src/stm32f4xx_it.o
                0x20000bf0                FatFsCnt
 .bss.Timer1    0x20000bf1        0x1 ./Core/Src/stm32f4xx_it.o
                0x20000bf1                Timer1
 .bss.Timer2    0x20000bf2        0x1 ./Core/Src/stm32f4xx_it.o
                0x20000bf2                Timer2
 *fill*         0x20000bf3        0x1 
 .bss.htim1     0x20000bf4       0x48 ./Core/Src/tim.o
                0x20000bf4                htim1
 .bss.htim2     0x20000c3c       0x48 ./Core/Src/tim.o
                0x20000c3c                htim2
 .bss.htim5     0x20000c84       0x48 ./Core/Src/tim.o
                0x20000c84                htim5
 .bss.uwTick    0x20000ccc        0x4 ./Drivers/STM32F4xx_HAL_Driver/Src/stm32f4xx_hal.o
                0x20000ccc                uwTick
 .bss.pFlash    0x20000cd0       0x20 ./Drivers/STM32F4xx_HAL_Driver/Src/stm32f4xx_hal_flash.o
                0x20000cd0                pFlash
 .bss.retUSER   0x20000cf0        0x1 ./FATFS/App/fatfs.o
                0x20000cf0                retUSER
 *fill*         0x20000cf1        0x3 
 .bss.USERPath  0x20000cf4        0x4 ./FATFS/App/fatfs.o
                0x20000cf4                USERPath
 .bss.FatFs     0x20000cf8        0x4 ./Middlewares/Third_Party/FatFs/src/ff.o
 .bss.Fsid      0x20000cfc        0x2 ./Middlewares/Third_Party/FatFs/src/ff.o
 *fill*         0x20000cfe        0x2 
 .bss.Files     0x20000d00       0x20 ./Middlewares/Third_Party/FatFs/src/ff.o
 .bss.disk      0x20000d20        0xc ./Middlewares/Third_Party/FatFs/src/ff_gen_drv.o
                0x20000d20                disk
 .bss.__sf      0x20000d2c      0x138 C:/ST/STM32CubeIDE_1.16.1/STM32CubeIDE/plugins/com.st.stm32cube.ide.mcu.externaltools.gnu-tools-for-stm32.12.3.rel1.win32_1.0.200.202406191623/tools/bin/../lib/gcc/arm-none-eabi/12.3.1/../../../../arm-none-eabi/lib/thumb/v7e-m+fp/hard\libc_nano.a(libc_a-findfp.o)
                0x20000d2c                __sf
 *(COMMON)
                0x20000e64                        . = ALIGN (0x4)
                0x20000e64                        _ebss = .
                0x20000e64                        __bss_end__ = _ebss

._user_heap_stack
                0x20000e64      0x604 load address 0x0800e228
                0x20000e68                        . = ALIGN (0x8)
 *fill*         0x20000e64        0x4 
                [!provide]                        PROVIDE (end = .)
                0x20000e68                        PROVIDE (_end = .)
                0x20001068                        . = (. + _Min_Heap_Size)
 *fill*         0x20000e68      0x200 
                0x20001468                        . = (. + _Min_Stack_Size)
 *fill*         0x20001068      0x400 
                0x20001468                        . = ALIGN (0x8)

/DISCARD/
 libc.a(*)
 libm.a(*)
 libgcc.a(*)

.ARM.attributes
                0x00000000       0x30
 *(.ARM.attributes)
 .ARM.attributes
                0x00000000       0x22 C:/ST/STM32CubeIDE_1.16.1/STM32CubeIDE/plugins/com.st.stm32cube.ide.mcu.externaltools.gnu-tools-for-stm32.12.3.rel1.win32_1.0.200.202406191623/tools/bin/../lib/gcc/arm-none-eabi/12.3.1/thumb/v7e-m+fp/hard/crti.o
 .ARM.attributes
                0x00000022       0x34 C:/ST/STM32CubeIDE_1.16.1/STM32CubeIDE/plugins/com.st.stm32cube.ide.mcu.externaltools.gnu-tools-for-stm32.12.3.rel1.win32_1.0.200.202406191623/tools/bin/../lib/gcc/arm-none-eabi/12.3.1/thumb/v7e-m+fp/hard/crtbegin.o
 .ARM.attributes
                0x00000056       0x34 ./Core/Src/Libraries/BMP280.o
 .ARM.attributes
                0x0000008a       0x34 ./Core/Src/Libraries/Flash.o
 .ARM.attributes
                0x000000be       0x34 ./Core/Src/Libraries/MPU6050.o
 .ARM.attributes
                0x000000f2       0x34 ./Core/Src/Modules/BlackBox/BlackBox.o
 .ARM.attributes
                0x00000126       0x34 ./Core/Src/Modules/INS/attitude.o
 .ARM.attributes
                0x0000015a       0x34 ./Core/Src/Modules/Status/memory.o
 .ARM.attributes
                0x0000018e       0x34 ./Core/Src/Modules/Status/status.o
 .ARM.attributes
                0x000001c2       0x34 ./Core/Src/Modules/Telemetry/payload.o
 .ARM.attributes
                0x000001f6       0x34 ./Core/Src/adc.o
 .ARM.attributes
                0x0000022a       0x34 ./Core/Src/dma.o
 .ARM.attributes
                0x0000025e       0x34 ./Core/Src/fatfs_sd.o
 .ARM.attributes
                0x00000292       0x34 ./Core/Src/gpio.o
 .ARM.attributes
                0x000002c6       0x34 ./Core/Src/i2c.o
 .ARM.attributes
                0x000002fa       0x34 ./Core/Src/main.o
 .ARM.attributes
                0x0000032e       0x34 ./Core/Src/spi.o
 .ARM.attributes
                0x00000362       0x34 ./Core/Src/stm32f4xx_hal_msp.o
 .ARM.attributes
                0x00000396       0x34 ./Core/Src/stm32f4xx_it.o
 .ARM.attributes
                0x000003ca       0x34 ./Core/Src/system_stm32f4xx.o
 .ARM.attributes
                0x000003fe       0x34 ./Core/Src/tim.o
 .ARM.attributes
                0x00000432       0x21 ./Core/Startup/startup_stm32f411ceux.o
 .ARM.attributes
                0x00000453       0x34 ./Drivers/STM32F4xx_HAL_Driver/Src/stm32f4xx_hal.o
 .ARM.attributes
                0x00000487       0x34 ./Drivers/STM32F4xx_HAL_Driver/Src/stm32f4xx_hal_adc.o
 .ARM.attributes
                0x000004bb       0x34 ./Drivers/STM32F4xx_HAL_Driver/Src/stm32f4xx_hal_cortex.o
 .ARM.attributes
                0x000004ef       0x34 ./Drivers/STM32F4xx_HAL_Driver/Src/stm32f4xx_hal_dma.o
 .ARM.attributes
                0x00000523       0x34 ./Drivers/STM32F4xx_HAL_Driver/Src/stm32f4xx_hal_flash.o
 .ARM.attributes
                0x00000557       0x34 ./Drivers/STM32F4xx_HAL_Driver/Src/stm32f4xx_hal_flash_ex.o
 .ARM.attributes
                0x0000058b       0x34 ./Drivers/STM32F4xx_HAL_Driver/Src/stm32f4xx_hal_gpio.o
 .ARM.attributes
                0x000005bf       0x34 ./Drivers/STM32F4xx_HAL_Driver/Src/stm32f4xx_hal_i2c.o
 .ARM.attributes
                0x000005f3       0x34 ./Drivers/STM32F4xx_HAL_Driver/Src/stm32f4xx_hal_rcc.o
 .ARM.attributes
                0x00000627       0x34 ./Drivers/STM32F4xx_HAL_Driver/Src/stm32f4xx_hal_spi.o
 .ARM.attributes
                0x0000065b       0x34 ./Drivers/STM32F4xx_HAL_Driver/Src/stm32f4xx_hal_tim.o
 .ARM.attributes
                0x0000068f       0x34 ./Drivers/STM32F4xx_HAL_Driver/Src/stm32f4xx_hal_tim_ex.o
 .ARM.attributes
                0x000006c3       0x34 ./FATFS/App/fatfs.o
 .ARM.attributes
                0x000006f7       0x34 ./FATFS/Target/user_diskio.o
 .ARM.attributes
                0x0000072b       0x34 ./Middlewares/Third_Party/FatFs/src/diskio.o
 .ARM.attributes
                0x0000075f       0x34 ./Middlewares/Third_Party/FatFs/src/ff.o
 .ARM.attributes
                0x00000793       0x34 ./Middlewares/Third_Party/FatFs/src/ff_gen_drv.o
 .ARM.attributes
                0x000007c7       0x34 C:/ST/STM32CubeIDE_1.16.1/STM32CubeIDE/plugins/com.st.stm32cube.ide.mcu.externaltools.gnu-tools-for-stm32.12.3.rel1.win32_1.0.200.202406191623/tools/bin/../lib/gcc/arm-none-eabi/12.3.1/../../../../arm-none-eabi/lib/thumb/v7e-m+fp/hard\libc_nano.a(libc_a-findfp.o)
 .ARM.attributes
                0x000007fb       0x34 C:/ST/STM32CubeIDE_1.16.1/STM32CubeIDE/plugins/com.st.stm32cube.ide.mcu.externaltools.gnu-tools-for-stm32.12.3.rel1.win32_1.0.200.202406191623/tools/bin/../lib/gcc/arm-none-eabi/12.3.1/../../../../arm-none-eabi/lib/thumb/v7e-m+fp/hard\libc_nano.a(libc_a-memset.o)
 .ARM.attributes
                0x0000082f       0x34 C:/ST/STM32CubeIDE_1.16.1/STM32CubeIDE/plugins/com.st.stm32cube.ide.mcu.externaltools.gnu-tools-for-stm32.12.3.rel1.win32_1.0.200.202406191623/tools/bin/../lib/gcc/arm-none-eabi/12.3.1/../../../../arm-none-eabi/lib/thumb/v7e-m+fp/hard\libc_nano.a(libc_a-impure.o)
 .ARM.attributes
                0x00000863       0x34 C:/ST/STM32CubeIDE_1.16.1/STM32CubeIDE/plugins/com.st.stm32cube.ide.mcu.externaltools.gnu-tools-for-stm32.12.3.rel1.win32_1.0.200.202406191623/tools/bin/../lib/gcc/arm-none-eabi/12.3.1/../../../../arm-none-eabi/lib/thumb/v7e-m+fp/hard\libc_nano.a(libc_a-errno.o)
 .ARM.attributes
                0x00000897       0x34 C:/ST/STM32CubeIDE_1.16.1/STM32CubeIDE/plugins/com.st.stm32cube.ide.mcu.externaltools.gnu-tools-for-stm32.12.3.rel1.win32_1.0.200.202406191623/tools/bin/../lib/gcc/arm-none-eabi/12.3.1/../../../../arm-none-eabi/lib/thumb/v7e-m+fp/hard\libc_nano.a(libc_a-init.o)
 .ARM.attributes
                0x000008cb       0x34 C:/ST/STM32CubeIDE_1.16.1/STM32CubeIDE/plugins/com.st.stm32cube.ide.mcu.externaltools.gnu-tools-for-stm32.12.3.rel1.win32_1.0.200.202406191623/tools/bin/../lib/gcc/arm-none-eabi/12.3.1/../../../../arm-none-eabi/lib/thumb/v7e-m+fp/hard\libm.a(libm_a-w_atan2.o)
 .ARM.attributes
                0x000008ff       0x34 C:/ST/STM32CubeIDE_1.16.1/STM32CubeIDE/plugins/com.st.stm32cube.ide.mcu.externaltools.gnu-tools-for-stm32.12.3.rel1.win32_1.0.200.202406191623/tools/bin/../lib/gcc/arm-none-eabi/12.3.1/../../../../arm-none-eabi/lib/thumb/v7e-m+fp/hard\libm.a(libm_a-w_log.o)
 .ARM.attributes
                0x00000933       0x34 C:/ST/STM32CubeIDE_1.16.1/STM32CubeIDE/plugins/com.st.stm32cube.ide.mcu.externaltools.gnu-tools-for-stm32.12.3.rel1.win32_1.0.200.202406191623/tools/bin/../lib/gcc/arm-none-eabi/12.3.1/../../../../arm-none-eabi/lib/thumb/v7e-m+fp/hard\libm.a(libm_a-w_sqrt.o)
 .ARM.attributes
                0x00000967       0x34 C:/ST/STM32CubeIDE_1.16.1/STM32CubeIDE/plugins/com.st.stm32cube.ide.mcu.externaltools.gnu-tools-for-stm32.12.3.rel1.win32_1.0.200.202406191623/tools/bin/../lib/gcc/arm-none-eabi/12.3.1/../../../../arm-none-eabi/lib/thumb/v7e-m+fp/hard\libm.a(libm_a-s_atan.o)
 .ARM.attributes
                0x0000099b       0x34 C:/ST/STM32CubeIDE_1.16.1/STM32CubeIDE/plugins/com.st.stm32cube.ide.mcu.externaltools.gnu-tools-for-stm32.12.3.rel1.win32_1.0.200.202406191623/tools/bin/../lib/gcc/arm-none-eabi/12.3.1/../../../../arm-none-eabi/lib/thumb/v7e-m+fp/hard\libm.a(libm_a-s_fabs.o)
 .ARM.attributes
                0x000009cf       0x34 C:/ST/STM32CubeIDE_1.16.1/STM32CubeIDE/plugins/com.st.stm32cube.ide.mcu.externaltools.gnu-tools-for-stm32.12.3.rel1.win32_1.0.200.202406191623/tools/bin/../lib/gcc/arm-none-eabi/12.3.1/../../../../arm-none-eabi/lib/thumb/v7e-m+fp/hard\libm.a(libm_a-s_nan.o)
 .ARM.attributes
                0x00000a03       0x34 C:/ST/STM32CubeIDE_1.16.1/STM32CubeIDE/plugins/com.st.stm32cube.ide.mcu.externaltools.gnu-tools-for-stm32.12.3.rel1.win32_1.0.200.202406191623/tools/bin/../lib/gcc/arm-none-eabi/12.3.1/../../../../arm-none-eabi/lib/thumb/v7e-m+fp/hard\libm.a(libm_a-e_sqrt.o)
 .ARM.attributes
                0x00000a37       0x34 C:/ST/STM32CubeIDE_1.16.1/STM32CubeIDE/plugins/com.st.stm32cube.ide.mcu.externaltools.gnu-tools-for-stm32.12.3.rel1.win32_1.0.200.202406191623/tools/bin/../lib/gcc/arm-none-eabi/12.3.1/../../../../arm-none-eabi/lib/thumb/v7e-m+fp/hard\libm.a(libm_a-e_atan2.o)
 .ARM.attributes
                0x00000a6b       0x34 C:/ST/STM32CubeIDE_1.16.1/STM32CubeIDE/plugins/com.st.stm32cube.ide.mcu.externaltools.gnu-tools-for-stm32.12.3.rel1.win32_1.0.200.202406191623/tools/bin/../lib/gcc/arm-none-eabi/12.3.1/../../../../arm-none-eabi/lib/thumb/v7e-m+fp/hard\libm.a(libm_a-e_log.o)
 .ARM.attributes
                0x00000a9f       0x22 C:/ST/STM32CubeIDE_1.16.1/STM32CubeIDE/plugins/com.st.stm32cube.ide.mcu.externaltools.gnu-tools-for-stm32.12.3.rel1.win32_1.0.200.202406191623/tools/bin/../lib/gcc/arm-none-eabi/12.3.1/thumb/v7e-m+fp/hard\libgcc.a(_arm_addsubdf3.o)
 .ARM.attributes
                0x00000ac1       0x22 C:/ST/STM32CubeIDE_1.16.1/STM32CubeIDE/plugins/com.st.stm32cube.ide.mcu.externaltools.gnu-tools-for-stm32.12.3.rel1.win32_1.0.200.202406191623/tools/bin/../lib/gcc/arm-none-eabi/12.3.1/thumb/v7e-m+fp/hard\libgcc.a(_arm_muldivdf3.o)
 .ARM.attributes
                0x00000ae3       0x22 C:/ST/STM32CubeIDE_1.16.1/STM32CubeIDE/plugins/com.st.stm32cube.ide.mcu.externaltools.gnu-tools-for-stm32.12.3.rel1.win32_1.0.200.202406191623/tools/bin/../lib/gcc/arm-none-eabi/12.3.1/thumb/v7e-m+fp/hard\libgcc.a(_arm_cmpdf2.o)
 .ARM.attributes
                0x00000b05       0x22 C:/ST/STM32CubeIDE_1.16.1/STM32CubeIDE/plugins/com.st.stm32cube.ide.mcu.externaltools.gnu-tools-for-stm32.12.3.rel1.win32_1.0.200.202406191623/tools/bin/../lib/gcc/arm-none-eabi/12.3.1/thumb/v7e-m+fp/hard\libgcc.a(_arm_unorddf2.o)
 .ARM.attributes
                0x00000b27       0x22 C:/ST/STM32CubeIDE_1.16.1/STM32CubeIDE/plugins/com.st.stm32cube.ide.mcu.externaltools.gnu-tools-for-stm32.12.3.rel1.win32_1.0.200.202406191623/tools/bin/../lib/gcc/arm-none-eabi/12.3.1/thumb/v7e-m+fp/hard\libgcc.a(_arm_fixdfsi.o)
 .ARM.attributes
                0x00000b49       0x22 C:/ST/STM32CubeIDE_1.16.1/STM32CubeIDE/plugins/com.st.stm32cube.ide.mcu.externaltools.gnu-tools-for-stm32.12.3.rel1.win32_1.0.200.202406191623/tools/bin/../lib/gcc/arm-none-eabi/12.3.1/thumb/v7e-m+fp/hard\libgcc.a(_arm_fixunsdfsi.o)
 .ARM.attributes
                0x00000b6b       0x22 C:/ST/STM32CubeIDE_1.16.1/STM32CubeIDE/plugins/com.st.stm32cube.ide.mcu.externaltools.gnu-tools-for-stm32.12.3.rel1.win32_1.0.200.202406191623/tools/bin/../lib/gcc/arm-none-eabi/12.3.1/thumb/v7e-m+fp/hard\libgcc.a(_aeabi_ldivmod.o)
 .ARM.attributes
                0x00000b8d       0x22 C:/ST/STM32CubeIDE_1.16.1/STM32CubeIDE/plugins/com.st.stm32cube.ide.mcu.externaltools.gnu-tools-for-stm32.12.3.rel1.win32_1.0.200.202406191623/tools/bin/../lib/gcc/arm-none-eabi/12.3.1/thumb/v7e-m+fp/hard\libgcc.a(_aeabi_uldivmod.o)
 .ARM.attributes
                0x00000baf       0x34 C:/ST/STM32CubeIDE_1.16.1/STM32CubeIDE/plugins/com.st.stm32cube.ide.mcu.externaltools.gnu-tools-for-stm32.12.3.rel1.win32_1.0.200.202406191623/tools/bin/../lib/gcc/arm-none-eabi/12.3.1/thumb/v7e-m+fp/hard\libgcc.a(_udivmoddi4.o)
 .ARM.attributes
                0x00000be3       0x22 C:/ST/STM32CubeIDE_1.16.1/STM32CubeIDE/plugins/com.st.stm32cube.ide.mcu.externaltools.gnu-tools-for-stm32.12.3.rel1.win32_1.0.200.202406191623/tools/bin/../lib/gcc/arm-none-eabi/12.3.1/thumb/v7e-m+fp/hard\libgcc.a(_dvmd_tls.o)
 .ARM.attributes
                0x00000c05       0x22 C:/ST/STM32CubeIDE_1.16.1/STM32CubeIDE/plugins/com.st.stm32cube.ide.mcu.externaltools.gnu-tools-for-stm32.12.3.rel1.win32_1.0.200.202406191623/tools/bin/../lib/gcc/arm-none-eabi/12.3.1/thumb/v7e-m+fp/hard/crtn.o
OUTPUT(RFC_SD.elf elf32-littlearm)
LOAD linker stubs
LOAD C:/ST/STM32CubeIDE_1.16.1/STM32CubeIDE/plugins/com.st.stm32cube.ide.mcu.externaltools.gnu-tools-for-stm32.12.3.rel1.win32_1.0.200.202406191623/tools/bin/../lib/gcc/arm-none-eabi/12.3.1/../../../../arm-none-eabi/lib/thumb/v7e-m+fp/hard\libc.a
LOAD C:/ST/STM32CubeIDE_1.16.1/STM32CubeIDE/plugins/com.st.stm32cube.ide.mcu.externaltools.gnu-tools-for-stm32.12.3.rel1.win32_1.0.200.202406191623/tools/bin/../lib/gcc/arm-none-eabi/12.3.1/../../../../arm-none-eabi/lib/thumb/v7e-m+fp/hard\libm.a
LOAD C:/ST/STM32CubeIDE_1.16.1/STM32CubeIDE/plugins/com.st.stm32cube.ide.mcu.externaltools.gnu-tools-for-stm32.12.3.rel1.win32_1.0.200.202406191623/tools/bin/../lib/gcc/arm-none-eabi/12.3.1/thumb/v7e-m+fp/hard\libgcc.a

.debug_info     0x00000000    0x19fac
 .debug_info    0x00000000      0xb6c ./Core/Src/Libraries/BMP280.o
 .debug_info    0x00000b6c      0x2c0 ./Core/Src/Libraries/Flash.o
 .debug_info    0x00000e2c      0xc6b ./Core/Src/Libraries/MPU6050.o
 .debug_info    0x00001a97     0x11fe ./Core/Src/Modules/BlackBox/BlackBox.o
 .debug_info    0x00002c95      0xab4 ./Core/Src/Modules/INS/attitude.o
 .debug_info    0x00003749      0x2bb ./Core/Src/Modules/Status/memory.o
 .debug_info    0x00003a04      0x2e7 ./Core/Src/Modules/Status/status.o
 .debug_info    0x00003ceb      0x90c ./Core/Src/Modules/Telemetry/payload.o
 .debug_info    0x000045f7      0x9c6 ./Core/Src/adc.o
 .debug_info    0x00004fbd      0x445 ./Core/Src/dma.o
 .debug_info    0x00005402      0xc40 ./Core/Src/fatfs_sd.o
 .debug_info    0x00006042      0x433 ./Core/Src/gpio.o
 .debug_info    0x00006475      0xa77 ./Core/Src/i2c.o
 .debug_info    0x00006eec      0xf48 ./Core/Src/main.o
 .debug_info    0x00007e34      0xc79 ./Core/Src/spi.o
 .debug_info    0x00008aad      0x291 ./Core/Src/stm32f4xx_hal_msp.o
 .debug_info    0x00008d3e      0xa8a ./Core/Src/stm32f4xx_it.o
 .debug_info    0x000097c8      0x53e ./Core/Src/system_stm32f4xx.o
 .debug_info    0x00009d06      0xfbd ./Core/Src/tim.o
 .debug_info    0x0000acc3       0x30 ./Core/Startup/startup_stm32f411ceux.o
 .debug_info    0x0000acf3      0x8c4 ./Drivers/STM32F4xx_HAL_Driver/Src/stm32f4xx_hal.o
 .debug_info    0x0000b5b7      0xcd1 ./Drivers/STM32F4xx_HAL_Driver/Src/stm32f4xx_hal_adc.o
 .debug_info    0x0000c288      0xcfc ./Drivers/STM32F4xx_HAL_Driver/Src/stm32f4xx_hal_cortex.o
 .debug_info    0x0000cf84      0x8e6 ./Drivers/STM32F4xx_HAL_Driver/Src/stm32f4xx_hal_dma.o
 .debug_info    0x0000d86a      0x58c ./Drivers/STM32F4xx_HAL_Driver/Src/stm32f4xx_hal_flash.o
 .debug_info    0x0000ddf6      0x7db ./Drivers/STM32F4xx_HAL_Driver/Src/stm32f4xx_hal_flash_ex.o
 .debug_info    0x0000e5d1      0x6f9 ./Drivers/STM32F4xx_HAL_Driver/Src/stm32f4xx_hal_gpio.o
 .debug_info    0x0000ecca     0x2426 ./Drivers/STM32F4xx_HAL_Driver/Src/stm32f4xx_hal_i2c.o
 .debug_info    0x000110f0      0x8f0 ./Drivers/STM32F4xx_HAL_Driver/Src/stm32f4xx_hal_rcc.o
 .debug_info    0x000119e0     0x1530 ./Drivers/STM32F4xx_HAL_Driver/Src/stm32f4xx_hal_spi.o
 .debug_info    0x00012f10     0x2996 ./Drivers/STM32F4xx_HAL_Driver/Src/stm32f4xx_hal_tim.o
 .debug_info    0x000158a6     0x14d4 ./Drivers/STM32F4xx_HAL_Driver/Src/stm32f4xx_hal_tim_ex.o
 .debug_info    0x00016d7a      0x4ea ./FATFS/App/fatfs.o
 .debug_info    0x00017264      0x3a5 ./FATFS/Target/user_diskio.o
 .debug_info    0x00017609      0x3df ./Middlewares/Third_Party/FatFs/src/diskio.o
 .debug_info    0x000179e8     0x2245 ./Middlewares/Third_Party/FatFs/src/ff.o
 .debug_info    0x00019c2d      0x37f ./Middlewares/Third_Party/FatFs/src/ff_gen_drv.o

.debug_abbrev   0x00000000     0x4951
 .debug_abbrev  0x00000000      0x273 ./Core/Src/Libraries/BMP280.o
 .debug_abbrev  0x00000273      0x12d ./Core/Src/Libraries/Flash.o
 .debug_abbrev  0x000003a0      0x297 ./Core/Src/Libraries/MPU6050.o
 .debug_abbrev  0x00000637      0x28e ./Core/Src/Modules/BlackBox/BlackBox.o
 .debug_abbrev  0x000008c5      0x245 ./Core/Src/Modules/INS/attitude.o
 .debug_abbrev  0x00000b0a      0x119 ./Core/Src/Modules/Status/memory.o
 .debug_abbrev  0x00000c23      0x194 ./Core/Src/Modules/Status/status.o
 .debug_abbrev  0x00000db7      0x1ab ./Core/Src/Modules/Telemetry/payload.o
 .debug_abbrev  0x00000f62      0x1f2 ./Core/Src/adc.o
 .debug_abbrev  0x00001154      0x10e ./Core/Src/dma.o
 .debug_abbrev  0x00001262      0x2c7 ./Core/Src/fatfs_sd.o
 .debug_abbrev  0x00001529      0x151 ./Core/Src/gpio.o
 .debug_abbrev  0x0000167a      0x1f6 ./Core/Src/i2c.o
 .debug_abbrev  0x00001870      0x286 ./Core/Src/main.o
 .debug_abbrev  0x00001af6      0x25c ./Core/Src/spi.o
 .debug_abbrev  0x00001d52       0xd8 ./Core/Src/stm32f4xx_hal_msp.o
 .debug_abbrev  0x00001e2a      0x1dc ./Core/Src/stm32f4xx_it.o
 .debug_abbrev  0x00002006      0x11a ./Core/Src/system_stm32f4xx.o
 .debug_abbrev  0x00002120      0x25d ./Core/Src/tim.o
 .debug_abbrev  0x0000237d       0x24 ./Core/Startup/startup_stm32f411ceux.o
 .debug_abbrev  0x000023a1      0x24b ./Drivers/STM32F4xx_HAL_Driver/Src/stm32f4xx_hal.o
 .debug_abbrev  0x000025ec      0x20e ./Drivers/STM32F4xx_HAL_Driver/Src/stm32f4xx_hal_adc.o
 .debug_abbrev  0x000027fa      0x31d ./Drivers/STM32F4xx_HAL_Driver/Src/stm32f4xx_hal_cortex.o
 .debug_abbrev  0x00002b17      0x221 ./Drivers/STM32F4xx_HAL_Driver/Src/stm32f4xx_hal_dma.o
 .debug_abbrev  0x00002d38      0x28d ./Drivers/STM32F4xx_HAL_Driver/Src/stm32f4xx_hal_flash.o
 .debug_abbrev  0x00002fc5      0x26e ./Drivers/STM32F4xx_HAL_Driver/Src/stm32f4xx_hal_flash_ex.o
 .debug_abbrev  0x00003233      0x1d3 ./Drivers/STM32F4xx_HAL_Driver/Src/stm32f4xx_hal_gpio.o
 .debug_abbrev  0x00003406      0x2bc ./Drivers/STM32F4xx_HAL_Driver/Src/stm32f4xx_hal_i2c.o
 .debug_abbrev  0x000036c2      0x2b6 ./Drivers/STM32F4xx_HAL_Driver/Src/stm32f4xx_hal_rcc.o
 .debug_abbrev  0x00003978      0x276 ./Drivers/STM32F4xx_HAL_Driver/Src/stm32f4xx_hal_spi.o
 .debug_abbrev  0x00003bee      0x28b ./Drivers/STM32F4xx_HAL_Driver/Src/stm32f4xx_hal_tim.o
 .debug_abbrev  0x00003e79      0x296 ./Drivers/STM32F4xx_HAL_Driver/Src/stm32f4xx_hal_tim_ex.o
 .debug_abbrev  0x0000410f      0x15e ./FATFS/App/fatfs.o
 .debug_abbrev  0x0000426d      0x144 ./FATFS/Target/user_diskio.o
 .debug_abbrev  0x000043b1      0x181 ./Middlewares/Third_Party/FatFs/src/diskio.o
 .debug_abbrev  0x00004532      0x280 ./Middlewares/Third_Party/FatFs/src/ff.o
 .debug_abbrev  0x000047b2      0x19f ./Middlewares/Third_Party/FatFs/src/ff_gen_drv.o

.debug_aranges  0x00000000     0x1798
 .debug_aranges
                0x00000000       0x70 ./Core/Src/Libraries/BMP280.o
 .debug_aranges
                0x00000070       0x30 ./Core/Src/Libraries/Flash.o
 .debug_aranges
                0x000000a0       0x50 ./Core/Src/Libraries/MPU6050.o
 .debug_aranges
                0x000000f0       0x40 ./Core/Src/Modules/BlackBox/BlackBox.o
 .debug_aranges
                0x00000130       0x30 ./Core/Src/Modules/INS/attitude.o
 .debug_aranges
                0x00000160       0x28 ./Core/Src/Modules/Status/memory.o
 .debug_aranges
                0x00000188       0x28 ./Core/Src/Modules/Status/status.o
 .debug_aranges
                0x000001b0       0x20 ./Core/Src/Modules/Telemetry/payload.o
 .debug_aranges
                0x000001d0       0x30 ./Core/Src/adc.o
 .debug_aranges
                0x00000200       0x20 ./Core/Src/dma.o
 .debug_aranges
                0x00000220       0xa0 ./Core/Src/fatfs_sd.o
 .debug_aranges
                0x000002c0       0x20 ./Core/Src/gpio.o