../Core/Src/stm32f4xx_it.c:57:6:SDTimer_Handler	4	static
../Core/Src/stm32f4xx_it.c:83:6:NMI_Handler	4	static
../Core/Src/stm32f4xx_it.c:98:6:HardFault_Handler	4	static
../Core/Src/stm32f4xx_it.c:113:6:MemManage_Handler	4	static
../Core/Src/stm32f4xx_it.c:128:6:BusFault_Handler	4	static
../Core/Src/stm32f4xx_it.c:143:6:UsageFault_Handler	4	static
../Core/Src/stm32f4xx_it.c:158:6:SVC_Handler	4	static
../Core/Src/stm32f4xx_it.c:171:6:DebugMon_Handler	4	static
../Core/Src/stm32f4xx_it.c:184:6:PendSV_Handler	4	static
../Core/Src/stm32f4xx_it.c:197:6:SysTick_Handler	8	static
../Core/Src/stm32f4xx_it.c:225:6:DMA1_Stream0_IRQHandler	8	static
../Core/Src/stm32f4xx_it.c:239:6:DMA1_Stream3_IRQHandler	8	static
../Core/Src/stm32f4xx_it.c:253:6:DMA1_Stream5_IRQHandler	8	static
../Core/Src/stm32f4xx_it.c:267:6:SPI2_IRQHandler	8	static
../Core/Src/stm32f4xx_it.c:281:6:TIM5_IRQHandler	8	static
