../Core/Src/RTOS/RTOS.c:14:6:init_task_1ms	8	static
../Core/Src/RTOS/RTOS.c:18:6:init_task_5ms	8	static
../Core/Src/RTOS/RTOS.c:24:6:init_task_10ms	4	static
../Core/Src/RTOS/RTOS.c:28:6:init_task_50ms	4	static
../Core/Src/RTOS/RTOS.c:32:6:init_task_100ms	4	static
../Core/Src/RTOS/RTOS.c:36:6:init_task_500ms	4	static
../Core/Src/RTOS/RTOS.c:42:6:task_1ms	8	static
../Core/Src/RTOS/RTOS.c:47:6:task_5ms	8	static
../Core/Src/RTOS/RTOS.c:53:6:task_10ms	8	static
../Core/Src/RTOS/RTOS.c:61:6:task_50ms	8	static
../Core/Src/RTOS/RTOS.c:66:6:task_100ms	4	static
../Core/Src/RTOS/RTOS.c:72:6:task_500ms	8	static
