../Core/Src/RTOS/RTOS.c:12:6:init_task_1ms	8	static
../Core/Src/RTOS/RTOS.c:17:6:init_task_5ms	8	static
../Core/Src/RTOS/RTOS.c:21:6:init_task_10ms	4	static
../Core/Src/RTOS/RTOS.c:25:6:init_task_50ms	4	static
../Core/Src/RTOS/RTOS.c:29:6:init_task_100ms	4	static
../Core/Src/RTOS/RTOS.c:33:6:init_task_500ms	4	static
../Core/Src/RTOS/RTOS.c:39:6:task_1ms	8	static
../Core/Src/RTOS/RTOS.c:43:6:task_5ms	8	static
../Core/Src/RTOS/RTOS.c:47:6:task_10ms	4	static
../Core/Src/RTOS/RTOS.c:51:6:task_50ms	4	static
../Core/Src/RTOS/RTOS.c:55:6:task_100ms	4	static
../Core/Src/RTOS/RTOS.c:59:6:task_500ms	4	static
