Archive member included to satisfy reference by file (symbol)

C:/ST/STM32CubeIDE_1.16.1/STM32CubeIDE/plugins/com.st.stm32cube.ide.mcu.externaltools.gnu-tools-for-stm32.12.3.rel1.win32_1.0.200.202406191623/tools/bin/../lib/gcc/arm-none-eabi/12.3.1/../../../../arm-none-eabi/lib/thumb/v7e-m+fp/hard\libc_nano.a(libc_a-exit.o)
                              C:/ST/STM32CubeIDE_1.16.1/STM32CubeIDE/plugins/com.st.stm32cube.ide.mcu.externaltools.gnu-tools-for-stm32.12.3.rel1.win32_1.0.200.202406191623/tools/bin/../lib/gcc/arm-none-eabi/12.3.1/../../../../arm-none-eabi/lib/thumb/v7e-m+fp/hard/crt0.o (exit)
C:/ST/STM32CubeIDE_1.16.1/STM32CubeIDE/plugins/com.st.stm32cube.ide.mcu.externaltools.gnu-tools-for-stm32.12.3.rel1.win32_1.0.200.202406191623/tools/bin/../lib/gcc/arm-none-eabi/12.3.1/../../../../arm-none-eabi/lib/thumb/v7e-m+fp/hard\libc_nano.a(libc_a-findfp.o)
                              C:/ST/STM32CubeIDE_1.16.1/STM32CubeIDE/plugins/com.st.stm32cube.ide.mcu.externaltools.gnu-tools-for-stm32.12.3.rel1.win32_1.0.200.202406191623/tools/bin/../lib/gcc/arm-none-eabi/12.3.1/../../../../arm-none-eabi/lib/thumb/v7e-m+fp/hard\libc_nano.a(libc_a-exit.o) (__stdio_exit_handler)
C:/ST/STM32CubeIDE_1.16.1/STM32CubeIDE/plugins/com.st.stm32cube.ide.mcu.externaltools.gnu-tools-for-stm32.12.3.rel1.win32_1.0.200.202406191623/tools/bin/../lib/gcc/arm-none-eabi/12.3.1/../../../../arm-none-eabi/lib/thumb/v7e-m+fp/hard\libc_nano.a(libc_a-fwalk.o)
                              C:/ST/STM32CubeIDE_1.16.1/STM32CubeIDE/plugins/com.st.stm32cube.ide.mcu.externaltools.gnu-tools-for-stm32.12.3.rel1.win32_1.0.200.202406191623/tools/bin/../lib/gcc/arm-none-eabi/12.3.1/../../../../arm-none-eabi/lib/thumb/v7e-m+fp/hard\libc_nano.a(libc_a-findfp.o) (_fwalk_sglue)
C:/ST/STM32CubeIDE_1.16.1/STM32CubeIDE/plugins/com.st.stm32cube.ide.mcu.externaltools.gnu-tools-for-stm32.12.3.rel1.win32_1.0.200.202406191623/tools/bin/../lib/gcc/arm-none-eabi/12.3.1/../../../../arm-none-eabi/lib/thumb/v7e-m+fp/hard\libc_nano.a(libc_a-stdio.o)
                              C:/ST/STM32CubeIDE_1.16.1/STM32CubeIDE/plugins/com.st.stm32cube.ide.mcu.externaltools.gnu-tools-for-stm32.12.3.rel1.win32_1.0.200.202406191623/tools/bin/../lib/gcc/arm-none-eabi/12.3.1/../../../../arm-none-eabi/lib/thumb/v7e-m+fp/hard\libc_nano.a(libc_a-findfp.o) (__sread)
C:/ST/STM32CubeIDE_1.16.1/STM32CubeIDE/plugins/com.st.stm32cube.ide.mcu.externaltools.gnu-tools-for-stm32.12.3.rel1.win32_1.0.200.202406191623/tools/bin/../lib/gcc/arm-none-eabi/12.3.1/../../../../arm-none-eabi/lib/thumb/v7e-m+fp/hard\libc_nano.a(libc_a-memset.o)
                              C:/ST/STM32CubeIDE_1.16.1/STM32CubeIDE/plugins/com.st.stm32cube.ide.mcu.externaltools.gnu-tools-for-stm32.12.3.rel1.win32_1.0.200.202406191623/tools/bin/../lib/gcc/arm-none-eabi/12.3.1/../../../../arm-none-eabi/lib/thumb/v7e-m+fp/hard/crt0.o (memset)
C:/ST/STM32CubeIDE_1.16.1/STM32CubeIDE/plugins/com.st.stm32cube.ide.mcu.externaltools.gnu-tools-for-stm32.12.3.rel1.win32_1.0.200.202406191623/tools/bin/../lib/gcc/arm-none-eabi/12.3.1/../../../../arm-none-eabi/lib/thumb/v7e-m+fp/hard\libc_nano.a(libc_a-closer.o)
                              C:/ST/STM32CubeIDE_1.16.1/STM32CubeIDE/plugins/com.st.stm32cube.ide.mcu.externaltools.gnu-tools-for-stm32.12.3.rel1.win32_1.0.200.202406191623/tools/bin/../lib/gcc/arm-none-eabi/12.3.1/../../../../arm-none-eabi/lib/thumb/v7e-m+fp/hard\libc_nano.a(libc_a-stdio.o) (_close_r)
C:/ST/STM32CubeIDE_1.16.1/STM32CubeIDE/plugins/com.st.stm32cube.ide.mcu.externaltools.gnu-tools-for-stm32.12.3.rel1.win32_1.0.200.202406191623/tools/bin/../lib/gcc/arm-none-eabi/12.3.1/../../../../arm-none-eabi/lib/thumb/v7e-m+fp/hard\libc_nano.a(libc_a-reent.o)
                              C:/ST/STM32CubeIDE_1.16.1/STM32CubeIDE/plugins/com.st.stm32cube.ide.mcu.externaltools.gnu-tools-for-stm32.12.3.rel1.win32_1.0.200.202406191623/tools/bin/../lib/gcc/arm-none-eabi/12.3.1/../../../../arm-none-eabi/lib/thumb/v7e-m+fp/hard\libc_nano.a(libc_a-closer.o) (errno)
C:/ST/STM32CubeIDE_1.16.1/STM32CubeIDE/plugins/com.st.stm32cube.ide.mcu.externaltools.gnu-tools-for-stm32.12.3.rel1.win32_1.0.200.202406191623/tools/bin/../lib/gcc/arm-none-eabi/12.3.1/../../../../arm-none-eabi/lib/thumb/v7e-m+fp/hard\libc_nano.a(libc_a-impure.o)
                              C:/ST/STM32CubeIDE_1.16.1/STM32CubeIDE/plugins/com.st.stm32cube.ide.mcu.externaltools.gnu-tools-for-stm32.12.3.rel1.win32_1.0.200.202406191623/tools/bin/../lib/gcc/arm-none-eabi/12.3.1/../../../../arm-none-eabi/lib/thumb/v7e-m+fp/hard\libc_nano.a(libc_a-reent.o) (_impure_ptr)
C:/ST/STM32CubeIDE_1.16.1/STM32CubeIDE/plugins/com.st.stm32cube.ide.mcu.externaltools.gnu-tools-for-stm32.12.3.rel1.win32_1.0.200.202406191623/tools/bin/../lib/gcc/arm-none-eabi/12.3.1/../../../../arm-none-eabi/lib/thumb/v7e-m+fp/hard\libc_nano.a(libc_a-lseekr.o)
[...]
Memory Configuration

Name             Origin             Length             Attributes
RAM              0x20000000         0x00020000         xrw
FLASH            0x08000000         0x00080000         xr
*default*        0x00000000         0xffffffff

Linker script and memory map

LOAD C:/ST/STM32CubeIDE_1.16.1/STM32CubeIDE/plugins/com.st.stm32cube.ide.mcu.externaltools.gnu-tools-for-stm32.12.3.rel1.win32_1.0.200.202406191623/tools/bin/../lib/gcc/arm-none-eabi/12.3.1/thumb/v7e-m+fp/hard/crti.o
LOAD C:/ST/STM32CubeIDE_1.16.1/STM32CubeIDE/plugins/com.st.stm32cube.ide.mcu.externaltools.gnu-tools-for-stm32.12.3.rel1.win32_1.0.200.202406191623/tools/bin/../lib/gcc/arm-none-eabi/12.3.1/thumb/v7e-m+fp/hard/crtbegin.o
LOAD C:/ST/STM32CubeIDE_1.16.1/STM32CubeIDE/plugins/com.st.stm32cube.ide.mcu.externaltools.gnu-tools-for-stm32.12.3.rel1.win32_1.0.200.202406191623/tools/bin/../lib/gcc/arm-none-eabi/12.3.1/../../../../arm-none-eabi/lib/thumb/v7e-m+fp/hard/crt0.o
LOAD ./Core/Src/Libraries/BMP280.o
LOAD ./Core/Src/Libraries/Flash.o
LOAD ./Core/Src/Libraries/MPU6050.o
LOAD ./Core/Src/Libraries/NRF24.o
LOAD ./Core/Src/Modules/BlackBox/blackbox.o
LOAD ./Core/Src/Modules/INS/altitude.o
LOAD ./Core/Src/Modules/INS/attitude.o
LOAD ./Core/Src/Modules/INS/geo.o
LOAD ./Core/Src/Modules/Status/commands.o
LOAD ./Core/Src/Modules/Status/flight_phase.o
LOAD ./Core/Src/Modules/Status/memory.o
LOAD ./Core/Src/Modules/Status/power.o
LOAD ./Core/Src/Modules/Telemetry/payload.o
LOAD ./Core/Src/Modules/Telemetry/telemetry.o
LOAD ./Core/Src/RTOS/RTOS.o
LOAD ./Core/Src/adc.o
LOAD ./Core/Src/dma.o
LOAD ./Core/Src/freertos.o
LOAD ./Core/Src/gpio.o
LOAD ./Core/Src/i2c.o
LOAD ./Core/Src/main.o
LOAD ./Core/Src/spi.o
LOAD ./Core/Src/stm32f4xx_hal_msp.o
LOAD ./Core/Src/stm32f4xx_hal_timebase_tim.o
LOAD ./Core/Src/stm32f4xx_it.o
LOAD ./Core/Src/syscalls.o
LOAD ./Core/Src/sysmem.o
LOAD ./Core/Src/system_stm32f4xx.o
LOAD ./Core/Src/usart.o
LOAD ./Core/Startup/startup_stm32f411ceux.o
LOAD ./Drivers/STM32F4xx_HAL_Driver/Src/stm32f4xx_hal.o
LOAD ./Drivers/STM32F4xx_HAL_Driver/Src/stm32f4xx_hal_adc.o
LOAD ./Drivers/STM32F4xx_HAL_Driver/Src/stm32f4xx_hal_adc_ex.o
LOAD ./Drivers/STM32F4xx_HAL_Driver/Src/stm32f4xx_hal_cortex.o
LOAD ./Drivers/STM32F4xx_HAL_Driver/Src/stm32f4xx_hal_dma.o
LOAD ./Drivers/STM32F4xx_HAL_Driver/Src/stm32f4xx_hal_dma_ex.o
LOAD ./Drivers/STM32F4xx_HAL_Driver/Src/stm32f4xx_hal_exti.o
LOAD ./Drivers/STM32F4xx_HAL_Driver/Src/stm32f4xx_hal_flash.o
LOAD ./Drivers/STM32F4xx_HAL_Driver/Src/stm32f4xx_hal_flash_ex.o
LOAD ./Drivers/STM32F4xx_HAL_Driver/Src/stm32f4xx_hal_flash_ramfunc.o
LOAD ./Drivers/STM32F4xx_HAL_Driver/Src/stm32f4xx_hal_gpio.o
LOAD ./Drivers/STM32F4xx_HAL_Driver/Src/stm32f4xx_hal_i2c.o
LOAD ./Drivers/STM32F4xx_HAL_Driver/Src/stm32f4xx_hal_i2c_ex.o
LOAD ./Drivers/STM32F4xx_HAL_Driver/Src/stm32f4xx_hal_pwr.o
LOAD ./Drivers/STM32F4xx_HAL_Driver/Src/stm32f4xx_hal_pwr_ex.o
LOAD ./Drivers/STM32F4xx_HAL_Driver/Src/stm32f4xx_hal_rcc.o
LOAD ./Drivers/STM32F4xx_HAL_Driver/Src/stm32f4xx_hal_rcc_ex.o
LOAD ./Drivers/STM32F4xx_HAL_Driver/Src/stm32f4xx_hal_spi.o
LOAD ./Drivers/STM32F4xx_HAL_Driver/Src/stm32f4xx_hal_tim.o
LOAD ./Drivers/STM32F4xx_HAL_Driver/Src/stm32f4xx_hal_tim_ex.o
LOAD ./Drivers/STM32F4xx_HAL_Driver/Src/stm32f4xx_hal_uart.o
LOAD ./Drivers/STM32F4xx_HAL_Driver/Src/stm32f4xx_ll_adc.o
LOAD ./Middlewares/Third_Party/FreeRTOS/Source/CMSIS_RTOS/cmsis_os.o
LOAD ./Middlewares/Third_Party/FreeRTOS/Source/croutine.o
LOAD ./Middlewares/Third_Party/FreeRTOS/Source/event_groups.o
LOAD ./Middlewares/Third_Party/FreeRTOS/Source/list.o
LOAD ./Middlewares/Third_Party/FreeRTOS/Source/queue.o
LOAD ./Middlewares/Third_Party/FreeRTOS/Source/stream_buffer.o
LOAD ./Middlewares/Third_Party/FreeRTOS/Source/tasks.o
LOAD ./Middlewares/Third_Party/FreeRTOS/Source/timers.o
LOAD ./Middlewares/Third_Party/FreeRTOS/Source/portable/GCC/ARM_CM4F/port.o
LOAD ./Middlewares/Third_Party/FreeRTOS/Source/portable/MemMang/heap_4.o
START GROUP
LOAD C:/ST/STM32CubeIDE_1.16.1/STM32CubeIDE/plugins/com.st.stm32cube.ide.mcu.externaltools.gnu-tools-for-stm32.12.3.rel1.win32_1.0.200.202406191623/tools/bin/../lib/gcc/arm-none-eabi/12.3.1/../../../../arm-none-eabi/lib/thumb/v7e-m+fp/hard\libc_nano.a
LOAD C:/ST/STM32CubeIDE_1.16.1/STM32CubeIDE/plugins/com.st.stm32cube.ide.mcu.externaltools.gnu-tools-for-stm32.12.3.rel1.win32_1.0.200.202406191623/tools/bin/../lib/gcc/arm-none-eabi/12.3.1/../../../../arm-none-eabi/lib/thumb/v7e-m+fp/hard\libm.a
END GROUP
START GROUP
LOAD C:/ST/STM32CubeIDE_1.16.1/STM32CubeIDE/plugins/com.st.stm32cube.ide.mcu.externaltools.gnu-tools-for-stm32.12.3.rel1.win32_1.0.200.202406191623/tools/bin/../lib/gcc/arm-none-eabi/12.3.1/thumb/v7e-m+fp/hard\libgcc.a
LOAD C:/ST/STM32CubeIDE_1.16.1/STM32CubeIDE/plugins/com.st.stm32cube.ide.mcu.externaltools.gnu-tools-for-stm32.12.3.rel1.win32_1.0.200.202406191623/tools/bin/../lib/gcc/arm-none-eabi/12.3.1/../../../../arm-none-eabi/lib/thumb/v7e-m+fp/hard\libc_nano.a
END GROUP
START GROUP
LOAD C:/ST/STM32CubeIDE_1.16.1/STM32CubeIDE/plugins/com.st.stm32cube.ide.mcu.externaltools.gnu-tools-for-stm32.12.3.rel1.win32_1.0.200.202406191623/tools/bin/../lib/gcc/arm-none-eabi/12.3.1/thumb/v7e-m+fp/hard\libgcc.a
LOAD C:/ST/STM32CubeIDE_1.16.1/STM32CubeIDE/plugins/com.st.stm32cube.ide.mcu.externaltools.gnu-tools-for-stm32.12.3.rel1.win32_1.0.200.202406191623/tools/bin/../lib/gcc/arm-none-eabi/12.3.1/../../../../arm-none-eabi/lib/thumb/v7e-m+fp/hard\libc_nano.a
LOAD C:/ST/STM32CubeIDE_1.16.1/STM32CubeIDE/plugins/com.st.stm32cube.ide.mcu.externaltools.gnu-tools-for-stm32.12.3.rel1.win32_1.0.200.202406191623/tools/bin/../lib/gcc/arm-none-eabi/12.3.1/../../../../arm-none-eabi/lib/thumb/v7e-m+fp/hard\libnosys.a
END GROUP
START GROUP
LOAD C:/ST/STM32CubeIDE_1.16.1/STM32CubeIDE/plugins/com.st.stm32cube.ide.mcu.externaltools.gnu-tools-for-stm32.12.3.rel1.win32_1.0.200.202406191623/tools/bin/../lib/gcc/arm-none-eabi/12.3.1/thumb/v7e-m+fp/hard\libgcc.a
LOAD C:/ST/STM32CubeIDE_1.16.1/STM32CubeIDE/plugins/com.st.stm32cube.ide.mcu.externaltools.gnu-tools-for-stm32.12.3.rel1.win32_1.0.200.202406191623/tools/bin/../lib/gcc/arm-none-eabi/12.3.1/../../../../arm-none-eabi/lib/thumb/v7e-m+fp/hard\libc_nano.a
LOAD C:/ST/STM32CubeIDE_1.16.1/STM32CubeIDE/plugins/com.st.stm32cube.ide.mcu.externaltools.gnu-tools-for-stm32.12.3.rel1.win32_1.0.200.202406191623/tools/bin/../lib/gcc/arm-none-eabi/12.3.1/../../../../arm-none-eabi/lib/thumb/v7e-m+fp/hard\libnosys.a
END GROUP
LOAD C:/ST/STM32CubeIDE_1.16.1/STM32CubeIDE/plugins/com.st.stm32cube.ide.mcu.externaltools.gnu-tools-for-stm32.12.3.rel1.win32_1.0.200.202406191623/tools/bin/../lib/gcc/arm-none-eabi/12.3.1/thumb/v7e-m+fp/hard/crtend.o
LOAD C:/ST/STM32CubeIDE_1.16.1/STM32CubeIDE/plugins/com.st.stm32cube.ide.mcu.externaltools.gnu-tools-for-stm32.12.3.rel1.win32_1.0.200.202406191623/tools/bin/../lib/gcc/arm-none-eabi/12.3.1/thumb/v7e-m+fp/hard/crtn.o
                0x20020000                        _estack = (ORIGIN (RAM) + LENGTH (RAM))
                0x00000200                        _Min_Heap_Size = 0x200
                0x00000400                        _Min_Stack_Size = 0x400

.isr_vector     0x08000000      0x198
                0x08000000                        . = ALIGN (0x4)
 *(.isr_vector)
 .isr_vector    0x08000000      0x198 ./Core/Startup/startup_stm32f411ceux.o
                0x08000000                g_pfnVectors
                0x08000198                        . = ALIGN (0x4)

.text           0x080001a0     0x94fc
                0x080001a0                        . = ALIGN (0x4)
 *(.text)
 .text          0x080001a0       0x40 C:/ST/STM32CubeIDE_1.16.1/STM32CubeIDE/plugins/com.st.stm32cube.ide.mcu.externaltools.gnu-tools-for-stm32.12.3.rel1.win32_1.0.200.202406191623/tools/bin/../lib/gcc/arm-none-eabi/12.3.1/thumb/v7e-m+fp/hard/crtbegin.o
 .text          0x080001e0      0x378 C:/ST/STM32CubeIDE_1.16.1/STM32CubeIDE/plugins/com.st.stm32cube.ide.mcu.externaltools.gnu-tools-for-stm32.12.3.rel1.win32_1.0.200.202406191623/tools/bin/../lib/gcc/arm-none-eabi/12.3.1/thumb/v7e-m+fp/hard\libgcc.a(_arm_addsubdf3.o)
                0x080001e0                __aeabi_drsub
                0x080001e8                __aeabi_dsub
                0x080001e8                __subdf3
                0x080001ec                __aeabi_dadd
                0x080001ec                __adddf3
                0x08000464                __floatunsidf
                0x08000464                __aeabi_ui2d
                0x08000484                __floatsidf
                0x08000484                __aeabi_i2d
                0x080004a8                __aeabi_f2d
                0x080004a8                __extendsfdf2
                0x080004ec                __floatundidf
                0x080004ec                __aeabi_ul2d
                0x080004fc                __floatdidf
                0x080004fc                __aeabi_l2d
 .text          0x08000558      0x424 C:/ST/STM32CubeIDE_1.16.1/STM32CubeIDE/plugins/com.st.stm32cube.ide.mcu.externaltools.gnu-tools-for-stm32.12.3.rel1.win32_1.0.200.202406191623/tools/bin/../lib/gcc/arm-none-eabi/12.3.1/thumb/v7e-m+fp/hard\libgcc.a(_arm_muldivdf3.o)
                0x08000558                __aeabi_dmul
                0x08000558                __muldf3
                0x080007ac                __divdf3
                0x080007ac                __aeabi_ddiv
 .text          0x0800097c      0x110 C:/ST/STM32CubeIDE_1.16.1/STM32CubeIDE/plugins/com.st.stm32cube.ide.mcu.externaltools.gnu-tools-for-stm32.12.3.rel1.win32_1.0.200.202406191623/tools/bin/../lib/gcc/arm-none-eabi/12.3.1/thumb/v7e-m+fp/hard\libgcc.a(_arm_cmpdf2.o)
                0x0800097c                __gtdf2
                0x0800097c                __gedf2
                0x08000984                __ltdf2
                0x08000984                __ledf2
                0x0800098c                __nedf2
                0x0800098c                __eqdf2
                0x0800098c                __cmpdf2
                0x08000a08                __aeabi_cdrcmple
                0x08000a18                __aeabi_cdcmpeq
                0x08000a18                __aeabi_cdcmple
                0x08000a28                __aeabi_dcmpeq
                0x08000a3c                __aeabi_dcmplt
                0x08000a50                __aeabi_dcmple
                0x08000a64                __aeabi_dcmpge
                0x08000a78                __aeabi_dcmpgt
 .text          0x08000a8c       0x2c C:/ST/STM32CubeIDE_1.16.1/STM32CubeIDE/plugins/com.st.stm32cube.ide.mcu.externaltools.gnu-tools-for-stm32.12.3.rel1.win32_1.0.200.202406191623/tools/bin/../lib/gcc/arm-none-eabi/12.3.1/thumb/v7e-m+fp/hard\libgcc.a(_arm_unorddf2.o)
                0x08000a8c                __unorddf2
                0x08000a8c                __aeabi_dcmpun
 .text          0x08000ab8       0x40 C:/ST/STM32CubeIDE_1.16.1/STM32CubeIDE/plugins/com.st.stm32cube.ide.mcu.externaltools.gnu-tools-for-stm32.12.3.rel1.win32_1.0.200.202406191623/tools/bin/../lib/gcc/arm-none-eabi/12.3.1/thumb/v7e-m+fp/hard\libgcc.a(_arm_fixunsdfsi.o)
                0x08000ab8                __aeabi_d2uiz
                0x08000ab8                __fixunsdfsi
 .text          0x08000af8       0xa0 C:/ST/STM32CubeIDE_1.16.1/STM32CubeIDE/plugins/com.st.stm32cube.ide.mcu.externaltools.gnu-tools-for-stm32.12.3.rel1.win32_1.0.200.202406191623/tools/bin/../lib/gcc/arm-none-eabi/12.3.1/thumb/v7e-m+fp/hard\libgcc.a(_arm_truncdfsf2.o)
                0x08000af8                __truncdfsf2
                0x08000af8                __aeabi_d2f
 .text          0x08000b98       0xa0 C:/ST/STM32CubeIDE_1.16.1/STM32CubeIDE/plugins/com.st.stm32cube.ide.mcu.externaltools.gnu-tools-for-stm32.12.3.rel1.win32_1.0.200.202406191623/tools/bin/../lib/gcc/arm-none-eabi/12.3.1/thumb/v7e-m+fp/hard\libgcc.a(_aeabi_ldivmod.o)
                0x08000b98                __aeabi_ldivmod
 .text          0x08000c38       0x30 C:/ST/STM32CubeIDE_1.16.1/STM32CubeIDE/plugins/com.st.stm32cube.ide.mcu.externaltools.gnu-tools-for-stm32.12.3.rel1.win32_1.0.200.202406191623/tools/bin/../lib/gcc/arm-none-eabi/12.3.1/thumb/v7e-m+fp/hard\libgcc.a(_aeabi_uldivmod.o)
                0x08000c38                __aeabi_uldivmod
 .text          0x08000c68      0x2bc C:/ST/STM32CubeIDE_1.16.1/STM32CubeIDE/plugins/com.st.stm32cube.ide.mcu.externaltools.gnu-tools-for-stm32.12.3.rel1.win32_1.0.200.202406191623/tools/bin/../lib/gcc/arm-none-eabi/12.3.1/thumb/v7e-m+fp/hard\libgcc.a(_udivmoddi4.o)
                0x08000c68                __udivmoddi4
 .text          0x08000f24        0x4 C:/ST/STM32CubeIDE_1.16.1/STM32CubeIDE/plugins/com.st.stm32cube.ide.mcu.externaltools.gnu-tools-for-stm32.12.3.rel1.win32_1.0.200.202406191623/tools/bin/../lib/gcc/arm-none-eabi/12.3.1/thumb/v7e-m+fp/hard\libgcc.a(_dvmd_tls.o)
                0x08000f24                __aeabi_idiv0
                0x08000f24                __aeabi_ldiv0
 *(.text*)
 .text.BMP280_write
                0x08000f28       0x58 ./Core/Src/Libraries/BMP280.o
                0x08000f28                BMP280_write
 .text.BMP280_read
                0x08000f80       0x64 ./Core/Src/Libraries/BMP280.o
                0x08000f80                BMP280_read
 .text.BMP280_config
                0x08000fe4       0x18 ./Core/Src/Libraries/BMP280.o
                0x08000fe4                BMP280_config
 .text.BMP280_calibrationData
                0x08000ffc      0x168 ./Core/Src/Libraries/BMP280.o
                0x08000ffc                BMP280_calibrationData
 .text.BMP280_readRawValues
                0x08001164       0x84 ./Core/Src/Libraries/BMP280.o
                0x08001164                BMP280_readRawValues
 .text.BMP280_measureT
                0x080011e8       0x88 ./Core/Src/Libraries/BMP280.o
                0x080011e8                BMP280_measureT
 .text.BMP280_measureP
                0x08001270      0x58c ./Core/Src/Libraries/BMP280.o
                0x08001270                BMP280_measureP
 *fill*         0x080017fc        0x4 
 .text.BMP280_measureH
                0x08001800       0xdc ./Core/Src/Libraries/BMP280.o
                0x08001800                BMP280_measureH
 .text.BMP280_init
                0x080018dc       0x48 ./Core/Src/Libraries/BMP280.o
                0x080018dc                BMP280_init
 .text.BMP280_calculate
                0x08001924       0x54 ./Core/Src/Libraries/BMP280.o
                0x08001924                BMP280_calculate
 .text.GetSector
                0x08001978       0xf4 ./Core/Src/Libraries/Flash.o
 .text.Flash_Write
                0x08001a6c       0xb0 ./Core/Src/Libraries/Flash.o
                0x08001a6c                Flash_Write
 .text.Flash_Read
                0x08001b1c       0x3c ./Core/Src/Libraries/Flash.o
                0x08001b1c                Flash_Read
 .text.MPU6050_calibration
                0x08001b58      0x194 ./Core/Src/Libraries/MPU6050.o
                0x08001b58                MPU6050_calibration
 .text.MPU6050_init
                0x08001cec      0x1cc ./Core/Src/Libraries/MPU6050.o
                0x08001cec                MPU6050_init
 .text.MPU6050_accel
                0x08001eb8      0x1b0 ./Core/Src/Libraries/MPU6050.o
                0x08001eb8                MPU6050_accel
 .text.MPU6050_gyro
                0x08002068      0x238 ./Core/Src/Libraries/MPU6050.o
                0x08002068                MPU6050_gyro
 .text.MPU6050_Status
                0x080022a0       0x60 ./Core/Src/Libraries/MPU6050.o
                0x080022a0                MPU6050_Status
 .text.MPU6050_getData
                0x08002300       0x14 ./Core/Src/Libraries/MPU6050.o
                0x08002300                MPU6050_getData
 .text.ATTS_getAcc
                0x08002314      0x144 ./Core/Src/Modules/INS/attitude.o
                0x08002314                ATTS_getAcc
 .text.MEMORY_init
                0x08002458       0x1c ./Core/Src/Modules/Status/memory.o
                0x08002458                MEMORY_init
 .text.MEMORY_write
                0x08002474       0x24 ./Core/Src/Modules/Status/memory.o
                0x08002474                MEMORY_write
 .text.init_task_1ms
                0x08002498       0x10 ./Core/Src/RTOS/RTOS.o
                0x08002498                init_task_1ms
 .text.init_task_5ms
                0x080024a8       0x10 ./Core/Src/RTOS/RTOS.o
                0x080024a8                init_task_5ms
 .text.init_task_10ms
                0x080024b8        0xe ./Core/Src/RTOS/RTOS.o
                0x080024b8                init_task_10ms
 .text.init_task_50ms
                0x080024c6        0xe ./Core/Src/RTOS/RTOS.o
                0x080024c6                init_task_50ms
 .text.init_task_100ms
                0x080024d4        0xe ./Core/Src/RTOS/RTOS.o
                0x080024d4                init_task_100ms
 .text.init_task_500ms
                0x080024e2        0xe ./Core/Src/RTOS/RTOS.o
                0x080024e2                init_task_500ms
 .text.task_1ms
                0x080024f0        0xc ./Core/Src/RTOS/RTOS.o
                0x080024f0                task_1ms
 .text.task_5ms
                0x080024fc        0xc ./Core/Src/RTOS/RTOS.o
                0x080024fc                task_5ms
 .text.task_10ms
                0x08002508        0xe ./Core/Src/RTOS/RTOS.o
                0x08002508                task_10ms
 .text.task_50ms
                0x08002516        0xe ./Core/Src/RTOS/RTOS.o
                0x08002516                task_50ms
 .text.task_100ms
                0x08002524        0xe ./Core/Src/RTOS/RTOS.o
                0x08002524                task_100ms
 .text.task_500ms
                0x08002532        0xe ./Core/Src/RTOS/RTOS.o
                0x08002532                task_500ms
 .text.MX_ADC1_Init
                0x08002540       0xa4 ./Core/Src/adc.o
                0x08002540                MX_ADC1_Init
 .text.HAL_ADC_MspInit
                0x080025e4       0x88 ./Core/Src/adc.o
                0x080025e4                HAL_ADC_MspInit
 .text.MX_DMA_Init
                0x0800266c       0x40 ./Core/Src/dma.o
                0x0800266c                MX_DMA_Init
 .text.vApplicationGetIdleTaskMemory
                0x080026ac       0x34 ./Core/Src/freertos.o
                0x080026ac                vApplicationGetIdleTaskMemory
 .text.MX_FREERTOS_Init
                0x080026e0      0x120 ./Core/Src/freertos.o
                0x080026e0                MX_FREERTOS_Init
 .text.Task5ms  0x08002800       0x1a ./Core/Src/freertos.o
                0x08002800                Task5ms
 .text.Task10ms
                0x0800281a       0x1a ./Core/Src/freertos.o
                0x0800281a                Task10ms
 .text.Task50ms
                0x08002834       0x1a ./Core/Src/freertos.o
                0x08002834                Task50ms
 .text.Task100ms
                0x0800284e       0x1a ./Core/Src/freertos.o
                0x0800284e                Task100ms
 .text.Task500ms
                0x08002868       0x1c ./Core/Src/freertos.o
                0x08002868                Task500ms
 .text.Task1ms  0x08002884       0x1a ./Core/Src/freertos.o
                0x08002884                Task1ms
 *fill*         0x0800289e        0x2 
 .text.MX_GPIO_Init
                0x080028a0      0x168 ./Core/Src/gpio.o
                0x080028a0                MX_GPIO_Init
 .text.MX_I2C1_Init
                0x08002a08       0x5c ./Core/Src/i2c.o
                0x08002a08                MX_I2C1_Init
 .text.MX_I2C2_Init
                0x08002a64       0x5c ./Core/Src/i2c.o
                0x08002a64                MX_I2C2_Init
 .text.MX_I2C3_Init
                0x08002ac0       0x5c ./Core/Src/i2c.o
                0x08002ac0                MX_I2C3_Init
 .text.HAL_I2C_MspInit
                0x08002b1c      0x1c4 ./Core/Src/i2c.o
                0x08002b1c                HAL_I2C_MspInit
 .text.main     0x08002ce0       0x44 ./Core/Src/main.o
                0x08002ce0                main
 .text.SystemClock_Config
                0x08002d24       0xd0 ./Core/Src/main.o
                0x08002d24                SystemClock_Config
 .text.HAL_TIM_PeriodElapsedCallback
                0x08002df4       0x24 ./Core/Src/main.o
                0x08002df4                HAL_TIM_PeriodElapsedCallback
 .text.Error_Handler
                0x08002e18        0xc ./Core/Src/main.o
                0x08002e18                Error_Handler
 .text.MX_SPI1_Init
                0x08002e24       0x6c ./Core/Src/spi.o
                0x08002e24                MX_SPI1_Init
 .text.MX_SPI2_Init
                0x08002e90       0x6c ./Core/Src/spi.o
                0x08002e90                MX_SPI2_Init
 .text.MX_SPI3_Init
                0x08002efc       0x6c ./Core/Src/spi.o
                0x08002efc                MX_SPI3_Init
 .text.HAL_SPI_MspInit
                0x08002f68      0x1f8 ./Core/Src/spi.o
                0x08002f68                HAL_SPI_MspInit
 .text.HAL_MspInit
                0x08003160       0x58 ./Core/Src/stm32f4xx_hal_msp.o
                0x08003160                HAL_MspInit
 .text.HAL_InitTick
                0x080031b8       0xe4 ./Core/Src/stm32f4xx_hal_timebase_tim.o
                0x080031b8                HAL_InitTick
 .text.NMI_Handler
                0x0800329c        0x8 ./Core/Src/stm32f4xx_it.o
                0x0800329c                NMI_Handler
 .text.HardFault_Handler
                0x080032a4        0x8 ./Core/Src/stm32f4xx_it.o
                0x080032a4                HardFault_Handler
 .text.MemManage_Handler
                0x080032ac        0x8 ./Core/Src/stm32f4xx_it.o
                0x080032ac                MemManage_Handler
 .text.BusFault_Handler
                0x080032b4        0x8 ./Core/Src/stm32f4xx_it.o
                0x080032b4                BusFault_Handler
 .text.UsageFault_Handler
                0x080032bc        0x8 ./Core/Src/stm32f4xx_it.o
                0x080032bc                UsageFault_Handler
 .text.DebugMon_Handler
                0x080032c4        0xe ./Core/Src/stm32f4xx_it.o
                0x080032c4                DebugMon_Handler
 *fill*         0x080032d2        0x2 
 .text.DMA1_Stream3_IRQHandler
                0x080032d4       0x14 ./Core/Src/stm32f4xx_it.o
                0x080032d4                DMA1_Stream3_IRQHandler
 .text.TIM1_TRG_COM_TIM11_IRQHandler
                0x080032e8       0x14 ./Core/Src/stm32f4xx_it.o
                0x080032e8                TIM1_TRG_COM_TIM11_IRQHandler
 .text.SPI2_IRQHandler
                0x080032fc       0x14 ./Core/Src/stm32f4xx_it.o
                0x080032fc                SPI2_IRQHandler
 .text.SystemInit
                0x08003310       0x24 ./Core/Src/system_stm32f4xx.o
                0x08003310                SystemInit
 .text.MX_USART1_UART_Init
                0x08003334       0x54 ./Core/Src/usart.o
                0x08003334                MX_USART1_UART_Init
 .text.MX_USART2_UART_Init
                0x08003388       0x54 ./Core/Src/usart.o
                0x08003388                MX_USART2_UART_Init
 .text.HAL_UART_MspInit
                0x080033dc       0xf8 ./Core/Src/usart.o
                0x080033dc                HAL_UART_MspInit
 .text.Reset_Handler
                0x080034d4       0x50 ./Core/Startup/startup_stm32f411ceux.o
                0x080034d4                Reset_Handler
 .text.Default_Handler
                0x08003524        0x2 ./Core/Startup/startup_stm32f411ceux.o
                0x08003524                RTC_Alarm_IRQHandler
                0x08003524                EXTI2_IRQHandler
                0x08003524                SPI4_IRQHandler
                0x08003524                TIM1_CC_IRQHandler
                0x08003524                DMA2_Stream5_IRQHandler
                0x08003524                DMA1_Stream5_IRQHandler
                0x08003524                PVD_IRQHandler
                0x08003524                SDIO_IRQHandler
                0x08003524                TAMP_STAMP_IRQHandler
                0x08003524                EXTI3_IRQHandler
                0x08003524                TIM1_UP_TIM10_IRQHandler
                0x08003524                I2C3_ER_IRQHandler
                0x08003524                EXTI0_IRQHandler
                0x08003524                I2C2_EV_IRQHandler
                0x08003524                DMA1_Stream2_IRQHandler
                0x08003524                FPU_IRQHandler
                0x08003524                DMA2_Stream2_IRQHandler
                0x08003524                SPI1_IRQHandler
                0x08003524                TIM1_BRK_TIM9_IRQHandler
                0x08003524                DMA2_Stream3_IRQHandler
                0x08003524                USART6_IRQHandler
                0x08003524                DMA2_Stream0_IRQHandler
                0x08003524                TIM4_IRQHandler
                0x08003524                I2C1_EV_IRQHandler
                0x08003524                DMA1_Stream6_IRQHandler
                0x08003524                DMA1_Stream1_IRQHandler
                0x08003524                TIM3_IRQHandler
                0x08003524                RCC_IRQHandler
                0x08003524                Default_Handler
                0x08003524                EXTI15_10_IRQHandler
                0x08003524                ADC_IRQHandler
                0x08003524                DMA1_Stream7_IRQHandler
                0x08003524                SPI5_IRQHandler
                0x08003524                TIM5_IRQHandler
                0x08003524                DMA2_Stream7_IRQHandler
                0x08003524                I2C3_EV_IRQHandler
                0x08003524                EXTI9_5_IRQHandler
                0x08003524                RTC_WKUP_IRQHandler
                0x08003524                DMA1_Stream0_IRQHandler
                0x08003524                EXTI4_IRQHandler
                0x08003524                WWDG_IRQHandler
                0x08003524                TIM2_IRQHandler
                0x08003524                OTG_FS_WKUP_IRQHandler
                0x08003524                EXTI1_IRQHandler
                0x08003524                USART2_IRQHandler
                0x08003524                I2C2_ER_IRQHandler
                0x08003524                DMA2_Stream1_IRQHandler
                0x08003524                FLASH_IRQHandler
                0x08003524                DMA2_Stream4_IRQHandler
                0x08003524                USART1_IRQHandler
                0x08003524                OTG_FS_IRQHandler
                0x08003524                SPI3_IRQHandler
                0x08003524                DMA1_Stream4_IRQHandler
                0x08003524                I2C1_ER_IRQHandler
                0x08003524                DMA2_Stream6_IRQHandler
 *fill*         0x08003526        0x2 
 .text.HAL_Init
                0x08003528       0x44 ./Drivers/STM32F4xx_HAL_Driver/Src/stm32f4xx_hal.o
                0x08003528                HAL_Init
 .text.HAL_IncTick
                0x0800356c       0x28 ./Drivers/STM32F4xx_HAL_Driver/Src/stm32f4xx_hal.o
                0x0800356c                HAL_IncTick
 .text.HAL_GetTick
                0x08003594       0x18 ./Drivers/STM32F4xx_HAL_Driver/Src/stm32f4xx_hal.o
                0x08003594                HAL_GetTick
 .text.HAL_Delay
                0x080035ac       0x48 ./Drivers/STM32F4xx_HAL_Driver/Src/stm32f4xx_hal.o
                0x080035ac                HAL_Delay
 .text.HAL_ADC_Init
                0x080035f4       0x86 ./Drivers/STM32F4xx_HAL_Driver/Src/stm32f4xx_hal_adc.o
                0x080035f4                HAL_ADC_Init
 *fill*         0x0800367a        0x2 
 .text.HAL_ADC_ConfigChannel
                0x0800367c      0x264 ./Drivers/STM32F4xx_HAL_Driver/Src/stm32f4xx_hal_adc.o
                0x0800367c                HAL_ADC_ConfigChannel
 .text.ADC_Init
                0x080038e0      0x1f8 ./Drivers/STM32F4xx_HAL_Driver/Src/stm32f4xx_hal_adc.o
 .text.__NVIC_SetPriorityGrouping
                0x08003ad8       0x48 ./Drivers/STM32F4xx_HAL_Driver/Src/stm32f4xx_hal_cortex.o
 .text.__NVIC_GetPriorityGrouping
                0x08003b20       0x1c ./Drivers/STM32F4xx_HAL_Driver/Src/stm32f4xx_hal_cortex.o
 .text.__NVIC_EnableIRQ
                0x08003b3c       0x3c ./Drivers/STM32F4xx_HAL_Driver/Src/stm32f4xx_hal_cortex.o
 .text.__NVIC_SetPriority
                0x08003b78       0x54 ./Drivers/STM32F4xx_HAL_Driver/Src/stm32f4xx_hal_cortex.o
 .text.NVIC_EncodePriority
                0x08003bcc       0x66 ./Drivers/STM32F4xx_HAL_Driver/Src/stm32f4xx_hal_cortex.o
 .text.HAL_NVIC_SetPriorityGrouping
                0x08003c32       0x16 ./Drivers/STM32F4xx_HAL_Driver/Src/stm32f4xx_hal_cortex.o
                0x08003c32                HAL_NVIC_SetPriorityGrouping
 .text.HAL_NVIC_SetPriority
                0x08003c48       0x38 ./Drivers/STM32F4xx_HAL_Driver/Src/stm32f4xx_hal_cortex.o
                0x08003c48                HAL_NVIC_SetPriority
 .text.HAL_NVIC_EnableIRQ
                0x08003c80       0x1c ./Drivers/STM32F4xx_HAL_Driver/Src/stm32f4xx_hal_cortex.o
                0x08003c80                HAL_NVIC_EnableIRQ
 .text.HAL_DMA_Init
                0x08003c9c      0x15c ./Drivers/STM32F4xx_HAL_Driver/Src/stm32f4xx_hal_dma.o
                0x08003c9c                HAL_DMA_Init
 .text.HAL_DMA_Abort_IT
                0x08003df8       0x44 ./Drivers/STM32F4xx_HAL_Driver/Src/stm32f4xx_hal_dma.o
                0x08003df8                HAL_DMA_Abort_IT
 .text.HAL_DMA_IRQHandler
                0x08003e3c      0x314 ./Drivers/STM32F4xx_HAL_Driver/Src/stm32f4xx_hal_dma.o
                0x08003e3c                HAL_DMA_IRQHandler
 .text.DMA_CalcBaseAndBitshift
                0x08004150       0x6c ./Drivers/STM32F4xx_HAL_Driver/Src/stm32f4xx_hal_dma.o
 .text.DMA_CheckFifoParam
                0x080041bc       0xf8 ./Drivers/STM32F4xx_HAL_Driver/Src/stm32f4xx_hal_dma.o
 .text.HAL_FLASH_Program
                0x080042b4       0xa8 ./Drivers/STM32F4xx_HAL_Driver/Src/stm32f4xx_hal_flash.o
                0x080042b4                HAL_FLASH_Program
 .text.HAL_FLASH_Unlock
                0x0800435c       0x44 ./Drivers/STM32F4xx_HAL_Driver/Src/stm32f4xx_hal_flash.o
                0x0800435c                HAL_FLASH_Unlock
 .text.HAL_FLASH_Lock
                0x080043a0       0x20 ./Drivers/STM32F4xx_HAL_Driver/Src/stm32f4xx_hal_flash.o
                0x080043a0                HAL_FLASH_Lock
 .text.HAL_FLASH_GetError
                0x080043c0       0x18 ./Drivers/STM32F4xx_HAL_Driver/Src/stm32f4xx_hal_flash.o
                0x080043c0                HAL_FLASH_GetError
 .text.FLASH_WaitForLastOperation
                0x080043d8       0x80 ./Drivers/STM32F4xx_HAL_Driver/Src/stm32f4xx_hal_flash.o
                0x080043d8                FLASH_WaitForLastOperation
 .text.FLASH_Program_DoubleWord
                0x08004458       0x64 ./Drivers/STM32F4xx_HAL_Driver/Src/stm32f4xx_hal_flash.o
 .text.FLASH_Program_Word
                0x080044bc       0x44 ./Drivers/STM32F4xx_HAL_Driver/Src/stm32f4xx_hal_flash.o
 .text.FLASH_Program_HalfWord
                0x08004500       0x48 ./Drivers/STM32F4xx_HAL_Driver/Src/stm32f4xx_hal_flash.o
 .text.FLASH_Program_Byte
                0x08004548       0x44 ./Drivers/STM32F4xx_HAL_Driver/Src/stm32f4xx_hal_flash.o
 .text.FLASH_SetErrorCode
                0x0800458c       0xcc ./Drivers/STM32F4xx_HAL_Driver/Src/stm32f4xx_hal_flash.o
 .text.HAL_FLASHEx_Erase
                0x08004658       0xe0 ./Drivers/STM32F4xx_HAL_Driver/Src/stm32f4xx_hal_flash_ex.o
                0x08004658                HAL_FLASHEx_Erase
 .text.FLASH_MassErase
                0x08004738       0x48 ./Drivers/STM32F4xx_HAL_Driver/Src/stm32f4xx_hal_flash_ex.o
 .text.FLASH_Erase_Sector
                0x08004780       0x90 ./Drivers/STM32F4xx_HAL_Driver/Src/stm32f4xx_hal_flash_ex.o
                0x08004780                FLASH_Erase_Sector
 .text.FLASH_FlushCaches
                0x08004810       0x8c ./Drivers/STM32F4xx_HAL_Driver/Src/stm32f4xx_hal_flash_ex.o
                0x08004810                FLASH_FlushCaches
 .text.HAL_GPIO_Init
                0x0800489c      0x308 ./Drivers/STM32F4xx_HAL_Driver/Src/stm32f4xx_hal_gpio.o
                0x0800489c                HAL_GPIO_Init
 .text.HAL_GPIO_WritePin
                0x08004ba4       0x32 ./Drivers/STM32F4xx_HAL_Driver/Src/stm32f4xx_hal_gpio.o
                0x08004ba4                HAL_GPIO_WritePin
 *fill*         0x08004bd6        0x2 
 .text.HAL_I2C_Init
                0x08004bd8      0x288 ./Drivers/STM32F4xx_HAL_Driver/Src/stm32f4xx_hal_i2c.o
                0x08004bd8                HAL_I2C_Init
 .text.HAL_I2C_Mem_Write
                0x08004e60      0x1f4 ./Drivers/STM32F4xx_HAL_Driver/Src/stm32f4xx_hal_i2c.o
                0x08004e60                HAL_I2C_Mem_Write
 .text.HAL_I2C_Mem_Read
                0x08005054      0x464 ./Drivers/STM32F4xx_HAL_Driver/Src/stm32f4xx_hal_i2c.o
                0x08005054                HAL_I2C_Mem_Read
 .text.I2C_RequestMemoryWrite
                0x080054b8      0x12c ./Drivers/STM32F4xx_HAL_Driver/Src/stm32f4xx_hal_i2c.o
 .text.I2C_RequestMemoryRead
                0x080055e4      0x1d0 ./Drivers/STM32F4xx_HAL_Driver/Src/stm32f4xx_hal_i2c.o
 .text.I2C_WaitOnFlagUntilTimeout
                0x080057b4       0xf4 ./Drivers/STM32F4xx_HAL_Driver/Src/stm32f4xx_hal_i2c.o
 .text.I2C_WaitOnMasterAddressFlagUntilTimeout
                0x080058a8      0x140 ./Drivers/STM32F4xx_HAL_Driver/Src/stm32f4xx_hal_i2c.o
 .text.I2C_WaitOnTXEFlagUntilTimeout
                0x080059e8       0x90 ./Drivers/STM32F4xx_HAL_Driver/Src/stm32f4xx_hal_i2c.o
 .text.I2C_WaitOnBTFFlagUntilTimeout
                0x08005a78       0x90 ./Drivers/STM32F4xx_HAL_Driver/Src/stm32f4xx_hal_i2c.o
 .text.I2C_WaitOnRXNEFlagUntilTimeout
                0x08005b08       0xba ./Drivers/STM32F4xx_HAL_Driver/Src/stm32f4xx_hal_i2c.o
 .text.I2C_IsAcknowledgeFailed
                0x08005bc2       0x5e ./Drivers/STM32F4xx_HAL_Driver/Src/stm32f4xx_hal_i2c.o
 .text.HAL_RCC_OscConfig
                0x08005c20      0x4f0 ./Drivers/STM32F4xx_HAL_Driver/Src/stm32f4xx_hal_rcc.o
                0x08005c20                HAL_RCC_OscConfig
 .text.HAL_RCC_ClockConfig
                0x08006110      0x1cc ./Drivers/STM32F4xx_HAL_Driver/Src/stm32f4xx_hal_rcc.o
                0x08006110                HAL_RCC_ClockConfig
 .text.HAL_RCC_GetSysClockFreq
                0x080062dc      0x18c ./Drivers/STM32F4xx_HAL_Driver/Src/stm32f4xx_hal_rcc.o
                0x080062dc                HAL_RCC_GetSysClockFreq
 .text.HAL_RCC_GetHCLKFreq
                0x08006468       0x18 ./Drivers/STM32F4xx_HAL_Driver/Src/stm32f4xx_hal_rcc.o
                0x08006468                HAL_RCC_GetHCLKFreq
 .text.HAL_RCC_GetPCLK1Freq
                0x08006480       0x28 ./Drivers/STM32F4xx_HAL_Driver/Src/stm32f4xx_hal_rcc.o
                0x08006480                HAL_RCC_GetPCLK1Freq
 .text.HAL_RCC_GetPCLK2Freq
                0x080064a8       0x28 ./Drivers/STM32F4xx_HAL_Driver/Src/stm32f4xx_hal_rcc.o
                0x080064a8                HAL_RCC_GetPCLK2Freq
 .text.HAL_RCC_GetClockConfig
                0x080064d0       0x64 ./Drivers/STM32F4xx_HAL_Driver/Src/stm32f4xx_hal_rcc.o
                0x080064d0                HAL_RCC_GetClockConfig
 .text.HAL_SPI_Init
                0x08006534      0x112 ./Drivers/STM32F4xx_HAL_Driver/Src/stm32f4xx_hal_spi.o
                0x08006534                HAL_SPI_Init
 .text.HAL_SPI_Transmit
                0x08006646      0x288 ./Drivers/STM32F4xx_HAL_Driver/Src/stm32f4xx_hal_spi.o
                0x08006646                HAL_SPI_Transmit
 .text.HAL_SPI_Receive
                0x080068ce      0x232 ./Drivers/STM32F4xx_HAL_Driver/Src/stm32f4xx_hal_spi.o
                0x080068ce                HAL_SPI_Receive
 .text.HAL_SPI_TransmitReceive
                0x08006b00      0x352 ./Drivers/STM32F4xx_HAL_Driver/Src/stm32f4xx_hal_spi.o
                0x08006b00                HAL_SPI_TransmitReceive
 *fill*         0x08006e52        0x2 
 .text.HAL_SPI_IRQHandler
                0x08006e54      0x1e8 ./Drivers/STM32F4xx_HAL_Driver/Src/stm32f4xx_hal_spi.o
                0x08006e54                HAL_SPI_IRQHandler
 .text.HAL_SPI_ErrorCallback
                0x0800703c       0x14 ./Drivers/STM32F4xx_HAL_Driver/Src/stm32f4xx_hal_spi.o
                0x0800703c                HAL_SPI_ErrorCallback
 .text.SPI_DMAAbortOnError
                0x08007050       0x28 ./Drivers/STM32F4xx_HAL_Driver/Src/stm32f4xx_hal_spi.o
 .text.SPI_WaitFlagStateUntilTimeout
                0x08007078      0x110 ./Drivers/STM32F4xx_HAL_Driver/Src/stm32f4xx_hal_spi.o
 .text.SPI_EndRxTransaction
                0x08007188       0xca ./Drivers/STM32F4xx_HAL_Driver/Src/stm32f4xx_hal_spi.o
 *fill*         0x08007252        0x2 
 .text.SPI_EndRxTxTransaction
                0x08007254       0xa8 ./Drivers/STM32F4xx_HAL_Driver/Src/stm32f4xx_hal_spi.o
 .text.HAL_TIM_Base_Init
                0x080072fc       0x9e ./Drivers/STM32F4xx_HAL_Driver/Src/stm32f4xx_hal_tim.o
                0x080072fc                HAL_TIM_Base_Init
 .text.HAL_TIM_Base_MspInit
                0x0800739a       0x14 ./Drivers/STM32F4xx_HAL_Driver/Src/stm32f4xx_hal_tim.o
                0x0800739a                HAL_TIM_Base_MspInit
 *fill*         0x080073ae        0x2 
 .text.HAL_TIM_Base_Start_IT
                0x080073b0       0xc4 ./Drivers/STM32F4xx_HAL_Driver/Src/stm32f4xx_hal_tim.o
                0x080073b0                HAL_TIM_Base_Start_IT
 .text.HAL_TIM_IRQHandler
                0x08007474      0x1e0 ./Drivers/STM32F4xx_HAL_Driver/Src/stm32f4xx_hal_tim.o
                0x08007474                HAL_TIM_IRQHandler
 .text.HAL_TIM_OC_DelayElapsedCallback
                0x08007654       0x14 ./Drivers/STM32F4xx_HAL_Driver/Src/stm32f4xx_hal_tim.o
                0x08007654                HAL_TIM_OC_DelayElapsedCallback
 .text.HAL_TIM_IC_CaptureCallback
                0x08007668       0x14 ./Drivers/STM32F4xx_HAL_Driver/Src/stm32f4xx_hal_tim.o
                0x08007668                HAL_TIM_IC_CaptureCallback
 .text.HAL_TIM_PWM_PulseFinishedCallback
                0x0800767c       0x14 ./Drivers/STM32F4xx_HAL_Driver/Src/stm32f4xx_hal_tim.o
                0x0800767c                HAL_TIM_PWM_PulseFinishedCallback
 .text.HAL_TIM_TriggerCallback
                0x08007690       0x14 ./Drivers/STM32F4xx_HAL_Driver/Src/stm32f4xx_hal_tim.o
                0x08007690                HAL_TIM_TriggerCallback
 .text.TIM_Base_SetConfig
                0x080076a4      0x118 ./Drivers/STM32F4xx_HAL_Driver/Src/stm32f4xx_hal_tim.o
                0x080076a4                TIM_Base_SetConfig
 .text.HAL_TIMEx_CommutCallback
                0x080077bc       0x14 ./Drivers/STM32F4xx_HAL_Driver/Src/stm32f4xx_hal_tim_ex.o
                0x080077bc                HAL_TIMEx_CommutCallback
 .text.HAL_TIMEx_BreakCallback
                0x080077d0       0x14 ./Drivers/STM32F4xx_HAL_Driver/Src/stm32f4xx_hal_tim_ex.o
                0x080077d0                HAL_TIMEx_BreakCallback
 .text.HAL_UART_Init
                0x080077e4       0xa0 ./Drivers/STM32F4xx_HAL_Driver/Src/stm32f4xx_hal_uart.o
                0x080077e4                HAL_UART_Init
 .text.UART_SetConfig
                0x08007884      0x4e8 ./Drivers/STM32F4xx_HAL_Driver/Src/stm32f4xx_hal_uart.o
 .text.makeFreeRtosPriority
                0x08007d6c       0x30 ./Middlewares/Third_Party/FreeRTOS/Source/CMSIS_RTOS/cmsis_os.o
 .text.osKernelStart
                0x08007d9c        0xe ./Middlewares/Third_Party/FreeRTOS/Source/CMSIS_RTOS/cmsis_os.o
                0x08007d9c                osKernelStart
 .text.osThreadCreate
                0x08007daa       0x98 ./Middlewares/Third_Party/FreeRTOS/Source/CMSIS_RTOS/cmsis_os.o
                0x08007daa                osThreadCreate
 .text.osDelay  0x08007e42       0x28 ./Middlewares/Third_Party/FreeRTOS/Source/CMSIS_RTOS/cmsis_os.o
                0x08007e42                osDelay
 .text.vListInitialise
                0x08007e6a       0x40 ./Middlewares/Third_Party/FreeRTOS/Source/list.o
                0x08007e6a                vListInitialise
 .text.vListInitialiseItem
                0x08007eaa       0x1a ./Middlewares/Third_Party/FreeRTOS/Source/list.o
                0x08007eaa                vListInitialiseItem
 .text.vListInsertEnd
                0x08007ec4       0x48 ./Middlewares/Third_Party/FreeRTOS/Source/list.o
                0x08007ec4                vListInsertEnd
 .text.vListInsert
                0x08007f0c       0x72 ./Middlewares/Third_Party/FreeRTOS/Source/list.o
                0x08007f0c                vListInsert
 .text.uxListRemove
                0x08007f7e       0x54 ./Middlewares/Third_Party/FreeRTOS/Source/list.o
                0x08007f7e                uxListRemove
 .text.xTaskCreateStatic
                0x08007fd2       0xc0 ./Middlewares/Third_Party/FreeRTOS/Source/tasks.o
                0x08007fd2                xTaskCreateStatic
 .text.xTaskCreate
                0x08008092       0x8a ./Middlewares/Third_Party/FreeRTOS/Source/tasks.o
                0x08008092                xTaskCreate
 .text.prvInitialiseNewTask
                0x0800811c      0x110 ./Middlewares/Third_Party/FreeRTOS/Source/tasks.o
 .text.prvAddNewTaskToReadyList
                0x0800822c       0xd4 ./Middlewares/Third_Party/FreeRTOS/Source/tasks.o
 .text.vTaskDelay
                0x08008300       0x6c ./Middlewares/Third_Party/FreeRTOS/Source/tasks.o
                0x08008300                vTaskDelay
 .text.vTaskStartScheduler
                0x0800836c       0xc4 ./Middlewares/Third_Party/FreeRTOS/Source/tasks.o
                0x0800836c                vTaskStartScheduler
 .text.vTaskSuspendAll
                0x08008430       0x1c ./Middlewares/Third_Party/FreeRTOS/Source/tasks.o
                0x08008430                vTaskSuspendAll
 .text.xTaskResumeAll
                0x0800844c      0x13c ./Middlewares/Third_Party/FreeRTOS/Source/tasks.o
                0x0800844c                xTaskResumeAll
 .text.xTaskIncrementTick
                0x08008588      0x174 ./Middlewares/Third_Party/FreeRTOS/Source/tasks.o
                0x08008588                xTaskIncrementTick
 .text.vTaskSwitchContext
                0x080086fc       0xb8 ./Middlewares/Third_Party/FreeRTOS/Source/tasks.o
                0x080086fc                vTaskSwitchContext
 .text.prvIdleTask
                0x080087b4       0x30 ./Middlewares/Third_Party/FreeRTOS/Source/tasks.o
 .text.prvInitialiseTaskLists
                0x080087e4       0x80 ./Middlewares/Third_Party/FreeRTOS/Source/tasks.o
 .text.prvCheckTasksWaitingTermination
                0x08008864       0x5c ./Middlewares/Third_Party/FreeRTOS/Source/tasks.o
 .text.prvDeleteTCB
                0x080088c0       0x60 ./Middlewares/Third_Party/FreeRTOS/Source/tasks.o
 .text.prvResetNextTaskUnblockTime
                0x08008920       0x40 ./Middlewares/Third_Party/FreeRTOS/Source/tasks.o
 .text.prvAddCurrentTaskToDelayedList
                0x08008960       0xcc ./Middlewares/Third_Party/FreeRTOS/Source/tasks.o
 .text.pxPortInitialiseStack
                0x08008a2c       0x68 ./Middlewares/Third_Party/FreeRTOS/Source/portable/GCC/ARM_CM4F/port.o
                0x08008a2c                pxPortInitialiseStack
 .text.prvTaskExitError
                0x08008a94       0x5c ./Middlewares/Third_Party/FreeRTOS/Source/portable/GCC/ARM_CM4F/port.o
 .text.SVC_Handler
                0x08008af0       0x28 ./Middlewares/Third_Party/FreeRTOS/Source/portable/GCC/ARM_CM4F/port.o
                0x08008af0                SVC_Handler
 .text.prvPortStartFirstTask
                0x08008b18       0x28 ./Middlewares/Third_Party/FreeRTOS/Source/portable/GCC/ARM_CM4F/port.o
 .text.xPortStartScheduler
                0x08008b40      0x148 ./Middlewares/Third_Party/FreeRTOS/Source/portable/GCC/ARM_CM4F/port.o
                0x08008b40                xPortStartScheduler
 .text.vPortEnterCritical
                0x08008c88       0x64 ./Middlewares/Third_Party/FreeRTOS/Source/portable/GCC/ARM_CM4F/port.o
                0x08008c88                vPortEnterCritical
 .text.vPortExitCritical
                0x08008cec       0x54 ./Middlewares/Third_Party/FreeRTOS/Source/portable/GCC/ARM_CM4F/port.o
                0x08008cec                vPortExitCritical
 .text.PendSV_Handler
                0x08008d40       0x68 ./Middlewares/Third_Party/FreeRTOS/Source/portable/GCC/ARM_CM4F/port.o
                0x08008d40                PendSV_Handler
 .text.SysTick_Handler
                0x08008da8       0x44 ./Middlewares/Third_Party/FreeRTOS/Source/portable/GCC/ARM_CM4F/port.o
                0x08008da8                SysTick_Handler
 .text.vPortSetupTimerInterrupt
                0x08008dec       0x48 ./Middlewares/Third_Party/FreeRTOS/Source/portable/GCC/ARM_CM4F/port.o
                0x08008dec                vPortSetupTimerInterrupt
 .text.vPortEnableVFP
                0x08008e34       0x14 ./Middlewares/Third_Party/FreeRTOS/Source/portable/GCC/ARM_CM4F/port.o
 .text.pvPortMalloc
                0x08008e48      0x19c ./Middlewares/Third_Party/FreeRTOS/Source/portable/MemMang/heap_4.o
                0x08008e48                pvPortMalloc
 .text.vPortFree
                0x08008fe4       0xc8 ./Middlewares/Third_Party/FreeRTOS/Source/portable/MemMang/heap_4.o
                0x08008fe4                vPortFree
 .text.prvHeapInit
                0x080090ac       0xc4 ./Middlewares/Third_Party/FreeRTOS/Source/portable/MemMang/heap_4.o
 .text.prvInsertBlockIntoFreeList
                0x08009170       0xb4 ./Middlewares/Third_Party/FreeRTOS/Source/portable/MemMang/heap_4.o
 .text.memset   0x08009224       0x10 C:/ST/STM32CubeIDE_1.16.1/STM32CubeIDE/plugins/com.st.stm32cube.ide.mcu.externaltools.gnu-tools-for-stm32.12.3.rel1.win32_1.0.200.202406191623/tools/bin/../lib/gcc/arm-none-eabi/12.3.1/../../../../arm-none-eabi/lib/thumb/v7e-m+fp/hard\libc_nano.a(libc_a-memset.o)
                0x08009224                memset
 .text.__errno  0x08009234        0xc C:/ST/STM32CubeIDE_1.16.1/STM32CubeIDE/plugins/com.st.stm32cube.ide.mcu.externaltools.gnu-tools-for-stm32.12.3.rel1.win32_1.0.200.202406191623/tools/bin/../lib/gcc/arm-none-eabi/12.3.1/../../../../arm-none-eabi/lib/thumb/v7e-m+fp/hard\libc_nano.a(libc_a-errno.o)
                0x08009234                __errno
 .text.__libc_init_array
                0x08009240       0x48 C:/ST/STM32CubeIDE_1.16.1/STM32CubeIDE/plugins/com.st.stm32cube.ide.mcu.externaltools.gnu-tools-for-stm32.12.3.rel1.win32_1.0.200.202406191623/tools/bin/../lib/gcc/arm-none-eabi/12.3.1/../../../../arm-none-eabi/lib/thumb/v7e-m+fp/hard\libc_nano.a(libc_a-init.o)
                0x08009240                __libc_init_array
 .text.log      0x08009288       0x7c C:/ST/STM32CubeIDE_1.16.1/STM32CubeIDE/plugins/com.st.stm32cube.ide.mcu.externaltools.gnu-tools-for-stm32.12.3.rel1.win32_1.0.200.202406191623/tools/bin/../lib/gcc/arm-none-eabi/12.3.1/../../../../arm-none-eabi/lib/thumb/v7e-m+fp/hard\libm.a(libm_a-w_log.o)
                0x08009288                log
 *fill*         0x08009304        0x4 
 .text.nan      0x08009308       0x10 C:/ST/STM32CubeIDE_1.16.1/STM32CubeIDE/plugins/com.st.stm32cube.ide.mcu.externaltools.gnu-tools-for-stm32.12.3.rel1.win32_1.0.200.202406191623/tools/bin/../lib/gcc/arm-none-eabi/12.3.1/../../../../arm-none-eabi/lib/thumb/v7e-m+fp/hard\libm.a(libm_a-s_nan.o)
                0x08009308                nan
 .text.__ieee754_log
                0x08009318      0x36c C:/ST/STM32CubeIDE_1.16.1/STM32CubeIDE/plugins/com.st.stm32cube.ide.mcu.externaltools.gnu-tools-for-stm32.12.3.rel1.win32_1.0.200.202406191623/tools/bin/../lib/gcc/arm-none-eabi/12.3.1/../../../../arm-none-eabi/lib/thumb/v7e-m+fp/hard\libm.a(libm_a-e_log.o)
                0x08009318                __ieee754_log
 *(.glue_7)
 .glue_7        0x08009684        0x0 linker stubs
 *(.glue_7t)
 .glue_7t       0x08009684        0x0 linker stubs
 *(.eh_frame)
 .eh_frame      0x08009684        0x0 C:/ST/STM32CubeIDE_1.16.1/STM32CubeIDE/plugins/com.st.stm32cube.ide.mcu.externaltools.gnu-tools-for-stm32.12.3.rel1.win32_1.0.200.202406191623/tools/bin/../lib/gcc/arm-none-eabi/12.3.1/thumb/v7e-m+fp/hard/crtbegin.o
 *(.init)
 .init          0x08009684        0x4 C:/ST/STM32CubeIDE_1.16.1/STM32CubeIDE/plugins/com.st.stm32cube.ide.mcu.externaltools.gnu-tools-for-stm32.12.3.rel1.win32_1.0.200.202406191623/tools/bin/../lib/gcc/arm-none-eabi/12.3.1/thumb/v7e-m+fp/hard/crti.o
                0x08009684                _init
 .init          0x08009688        0x8 C:/ST/STM32CubeIDE_1.16.1/STM32CubeIDE/plugins/com.st.stm32cube.ide.mcu.externaltools.gnu-tools-for-stm32.12.3.rel1.win32_1.0.200.202406191623/tools/bin/../lib/gcc/arm-none-eabi/12.3.1/thumb/v7e-m+fp/hard/crtn.o
 *(.fini)
 .fini          0x08009690        0x4 C:/ST/STM32CubeIDE_1.16.1/STM32CubeIDE/plugins/com.st.stm32cube.ide.mcu.externaltools.gnu-tools-for-stm32.12.3.rel1.win32_1.0.200.202406191623/tools/bin/../lib/gcc/arm-none-eabi/12.3.1/thumb/v7e-m+fp/hard/crti.o
                0x08009690                _fini
 .fini          0x08009694        0x8 C:/ST/STM32CubeIDE_1.16.1/STM32CubeIDE/plugins/com.st.stm32cube.ide.mcu.externaltools.gnu-tools-for-stm32.12.3.rel1.win32_1.0.200.202406191623/tools/bin/../lib/gcc/arm-none-eabi/12.3.1/thumb/v7e-m+fp/hard/crtn.o
                0x0800969c                        . = ALIGN (0x4)
                0x0800969c                        _etext = .

.vfp11_veneer   0x0800969c        0x0
 .vfp11_veneer  0x0800969c        0x0 linker stubs

.v4_bx          0x0800969c        0x0
 .v4_bx         0x0800969c        0x0 linker stubs

.iplt           0x0800969c        0x0
 .iplt          0x0800969c        0x0 C:/ST/STM32CubeIDE_1.16.1/STM32CubeIDE/plugins/com.st.stm32cube.ide.mcu.externaltools.gnu-tools-for-stm32.12.3.rel1.win32_1.0.200.202406191623/tools/bin/../lib/gcc/arm-none-eabi/12.3.1/thumb/v7e-m+fp/hard/crtbegin.o

.rodata         0x0800969c      0x11c
                0x0800969c                        . = ALIGN (0x4)
 *(.rodata)
 .rodata        0x0800969c       0xf0 ./Core/Src/freertos.o
 .rodata        0x0800978c        0x5 ./Middlewares/Third_Party/FreeRTOS/Source/tasks.o
 *(.rodata*)
 *fill*         0x08009791        0x3 
 .rodata.AHBPrescTable
                0x08009794       0x10 ./Core/Src/system_stm32f4xx.o
                0x08009794                AHBPrescTable
 .rodata.APBPrescTable
                0x080097a4        0x8 ./Core/Src/system_stm32f4xx.o
                0x080097a4                APBPrescTable
 .rodata.flagBitshiftOffset.0
                0x080097ac        0x8 ./Drivers/STM32F4xx_HAL_Driver/Src/stm32f4xx_hal_dma.o
 .rodata.log.str1.1
                0x080097b4        0x1 C:/ST/STM32CubeIDE_1.16.1/STM32CubeIDE/plugins/com.st.stm32cube.ide.mcu.externaltools.gnu-tools-for-stm32.12.3.rel1.win32_1.0.200.202406191623/tools/bin/../lib/gcc/arm-none-eabi/12.3.1/../../../../arm-none-eabi/lib/thumb/v7e-m+fp/hard\libm.a(libm_a-w_log.o)
                0x080097b8                        . = ALIGN (0x4)
 *fill*         0x080097b5        0x3 

.ARM.extab      0x080097b8        0x0
                0x080097b8                        . = ALIGN (0x4)
 *(.ARM.extab* .gnu.linkonce.armextab.*)
                0x080097b8                        . = ALIGN (0x4)

.ARM            0x080097b8        0x8
                0x080097b8                        . = ALIGN (0x4)
                0x080097b8                        __exidx_start = .
 *(.ARM.exidx*)
 .ARM.exidx     0x080097b8        0x8 C:/ST/STM32CubeIDE_1.16.1/STM32CubeIDE/plugins/com.st.stm32cube.ide.mcu.externaltools.gnu-tools-for-stm32.12.3.rel1.win32_1.0.200.202406191623/tools/bin/../lib/gcc/arm-none-eabi/12.3.1/thumb/v7e-m+fp/hard\libgcc.a(_udivmoddi4.o)
                0x080097c0                        __exidx_end = .
                0x080097c0                        . = ALIGN (0x4)

.rel.dyn        0x080097c0        0x0
 .rel.iplt      0x080097c0        0x0 C:/ST/STM32CubeIDE_1.16.1/STM32CubeIDE/plugins/com.st.stm32cube.ide.mcu.externaltools.gnu-tools-for-stm32.12.3.rel1.win32_1.0.200.202406191623/tools/bin/../lib/gcc/arm-none-eabi/12.3.1/thumb/v7e-m+fp/hard/crtbegin.o

.preinit_array  0x080097c0        0x0
                0x080097c0                        . = ALIGN (0x4)
                0x080097c0                        PROVIDE (__preinit_array_start = .)
 *(.preinit_array*)
                0x080097c0                        PROVIDE (__preinit_array_end = .)
                0x080097c0                        . = ALIGN (0x4)

.init_array     0x080097c0        0x4
                0x080097c0                        . = ALIGN (0x4)
                0x080097c0                        PROVIDE (__init_array_start = .)
 *(SORT_BY_NAME(.init_array.*))
 *(.init_array*)
 .init_array    0x080097c0        0x4 C:/ST/STM32CubeIDE_1.16.1/STM32CubeIDE/plugins/com.st.stm32cube.ide.mcu.externaltools.gnu-tools-for-stm32.12.3.rel1.win32_1.0.200.202406191623/tools/bin/../lib/gcc/arm-none-eabi/12.3.1/thumb/v7e-m+fp/hard/crtbegin.o
                0x080097c4                        PROVIDE (__init_array_end = .)
                0x080097c4                        . = ALIGN (0x4)

.fini_array     0x080097c4        0x4
                0x080097c4                        . = ALIGN (0x4)
                [!provide]                        PROVIDE (__fini_array_start = .)
 *(SORT_BY_NAME(.fini_array.*))
 *(.fini_array*)
 .fini_array    0x080097c4        0x4 C:/ST/STM32CubeIDE_1.16.1/STM32CubeIDE/plugins/com.st.stm32cube.ide.mcu.externaltools.gnu-tools-for-stm32.12.3.rel1.win32_1.0.200.202406191623/tools/bin/../lib/gcc/arm-none-eabi/12.3.1/thumb/v7e-m+fp/hard/crtbegin.o
                [!provide]                        PROVIDE (__fini_array_end = .)
                0x080097c8                        . = ALIGN (0x4)
                0x080097c8                        _sidata = LOADADDR (.data)

.data           0x20000000       0x60 load address 0x080097c8
                0x20000000                        . = ALIGN (0x4)
                0x20000000                        _sdata = .
 *(.data)
 *(.data*)
 .data.SystemCoreClock
                0x20000000        0x4 ./Core/Src/system_stm32f4xx.o
                0x20000000                SystemCoreClock
 .data.uwTickPrio
                0x20000004        0x4 ./Drivers/STM32F4xx_HAL_Driver/Src/stm32f4xx_hal.o
                0x20000004                uwTickPrio
 .data.uwTickFreq
                0x20000008        0x1 ./Drivers/STM32F4xx_HAL_Driver/Src/stm32f4xx_hal.o
                0x20000008                uwTickFreq
 *fill*         0x20000009        0x3 
 .data.uxCriticalNesting
                0x2000000c        0x4 ./Middlewares/Third_Party/FreeRTOS/Source/portable/GCC/ARM_CM4F/port.o
 .data._impure_ptr
                0x20000010        0x4 C:/ST/STM32CubeIDE_1.16.1/STM32CubeIDE/plugins/com.st.stm32cube.ide.mcu.externaltools.gnu-tools-for-stm32.12.3.rel1.win32_1.0.200.202406191623/tools/bin/../lib/gcc/arm-none-eabi/12.3.1/../../../../arm-none-eabi/lib/thumb/v7e-m+fp/hard\libc_nano.a(libc_a-impure.o)
                0x20000010                _impure_ptr
 .data._impure_data
                0x20000014       0x4c C:/ST/STM32CubeIDE_1.16.1/STM32CubeIDE/plugins/com.st.stm32cube.ide.mcu.externaltools.gnu-tools-for-stm32.12.3.rel1.win32_1.0.200.202406191623/tools/bin/../lib/gcc/arm-none-eabi/12.3.1/../../../../arm-none-eabi/lib/thumb/v7e-m+fp/hard\libc_nano.a(libc_a-impure.o)
                0x20000014                _impure_data
 *(.RamFunc)
 *(.RamFunc*)
                0x20000060                        . = ALIGN (0x4)
                0x20000060                        _edata = .

.igot.plt       0x20000060        0x0 load address 0x08009828
 .igot.plt      0x20000060        0x0 C:/ST/STM32CubeIDE_1.16.1/STM32CubeIDE/plugins/com.st.stm32cube.ide.mcu.externaltools.gnu-tools-for-stm32.12.3.rel1.win32_1.0.200.202406191623/tools/bin/../lib/gcc/arm-none-eabi/12.3.1/thumb/v7e-m+fp/hard/crtbegin.o
                0x20000060                        . = ALIGN (0x4)

.bss            0x20000060     0x4570 load address 0x08009828
                0x20000060                        _sbss = .
                0x20000060                        __bss_start__ = _sbss
 *(.bss)
 .bss           0x20000060       0x1c C:/ST/STM32CubeIDE_1.16.1/STM32CubeIDE/plugins/com.st.stm32cube.ide.mcu.externaltools.gnu-tools-for-stm32.12.3.rel1.win32_1.0.200.202406191623/tools/bin/../lib/gcc/arm-none-eabi/12.3.1/thumb/v7e-m+fp/hard/crtbegin.o
 *(.bss*)
 .bss.BMP280    0x2000007c       0x14 ./Core/Src/Libraries/BMP280.o
                0x2000007c                BMP280
 .bss.dig_T1    0x20000090        0x2 ./Core/Src/Libraries/BMP280.o
                0x20000090                dig_T1
 .bss.dig_P1    0x20000092        0x2 ./Core/Src/Libraries/BMP280.o
                0x20000092                dig_P1
 .bss.dig_T2    0x20000094        0x2 ./Core/Src/Libraries/BMP280.o
                0x20000094                dig_T2
 .bss.dig_T3    0x20000096        0x2 ./Core/Src/Libraries/BMP280.o
                0x20000096                dig_T3
 .bss.dig_P2    0x20000098        0x2 ./Core/Src/Libraries/BMP280.o
                0x20000098                dig_P2
 .bss.dig_P3    0x2000009a        0x2 ./Core/Src/Libraries/BMP280.o
                0x2000009a                dig_P3
 .bss.dig_P4    0x2000009c        0x2 ./Core/Src/Libraries/BMP280.o
                0x2000009c                dig_P4
 .bss.dig_P5    0x2000009e        0x2 ./Core/Src/Libraries/BMP280.o
                0x2000009e                dig_P5
 .bss.dig_P6    0x200000a0        0x2 ./Core/Src/Libraries/BMP280.o
                0x200000a0                dig_P6
 .bss.dig_P7    0x200000a2        0x2 ./Core/Src/Libraries/BMP280.o
                0x200000a2                dig_P7
 .bss.dig_P8    0x200000a4        0x2 ./Core/Src/Libraries/BMP280.o
                0x200000a4                dig_P8
 .bss.dig_P9    0x200000a6        0x2 ./Core/Src/Libraries/BMP280.o
                0x200000a6                dig_P9
 .bss.T_raw     0x200000a8        0x4 ./Core/Src/Libraries/BMP280.o
                0x200000a8                T_raw
 .bss.P_raw     0x200000ac        0x4 ./Core/Src/Libraries/BMP280.o
                0x200000ac                P_raw
 .bss.t_fine    0x200000b0        0x4 ./Core/Src/Libraries/BMP280.o
                0x200000b0                t_fine
 .bss.EraseInitStruct.0
                0x200000b4       0x14 ./Core/Src/Libraries/Flash.o
 .bss.MPU6050   0x200000c8       0x38 ./Core/Src/Libraries/MPU6050.o
                0x200000c8                MPU6050
 .bss.ATTS      0x20000100       0x18 ./Core/Src/Modules/INS/attitude.o
                0x20000100                ATTS
 .bss.MEMORY    0x20000118       0x18 ./Core/Src/Modules/Status/memory.o
                0x20000118                MEMORY
 .bss.hadc1     0x20000130       0x48 ./Core/Src/adc.o
                0x20000130                hadc1
 .bss.Task_5msHandle
                0x20000178        0x4 ./Core/Src/freertos.o
                0x20000178                Task_5msHandle
 .bss.Task_10msHandle
                0x2000017c        0x4 ./Core/Src/freertos.o
                0x2000017c                Task_10msHandle
 .bss.Task_50msHandle
                0x20000180        0x4 ./Core/Src/freertos.o
                0x20000180                Task_50msHandle
 .bss.Task_100msHandle
                0x20000184        0x4 ./Core/Src/freertos.o
                0x20000184                Task_100msHandle
 .bss.Task_500msHandle
                0x20000188        0x4 ./Core/Src/freertos.o
                0x20000188                Task_500msHandle
 .bss.Task_1msHandle
                0x2000018c        0x4 ./Core/Src/freertos.o
                0x2000018c                Task_1msHandle
 .bss.xIdleTaskTCBBuffer
                0x20000190       0x54 ./Core/Src/freertos.o
 .bss.xIdleStack
                0x200001e4      0x200 ./Core/Src/freertos.o
 .bss.hi2c1     0x200003e4       0x54 ./Core/Src/i2c.o
                0x200003e4                hi2c1
 .bss.hi2c2     0x20000438       0x54 ./Core/Src/i2c.o
                0x20000438                hi2c2
 .bss.hi2c3     0x2000048c       0x54 ./Core/Src/i2c.o
                0x2000048c                hi2c3
 .bss.hspi1     0x200004e0       0x58 ./Core/Src/spi.o
                0x200004e0                hspi1
 .bss.hspi2     0x20000538       0x58 ./Core/Src/spi.o
                0x20000538                hspi2
 .bss.hspi3     0x20000590       0x58 ./Core/Src/spi.o
                0x20000590                hspi3
 .bss.hdma_spi2_rx
                0x200005e8       0x60 ./Core/Src/spi.o
                0x200005e8                hdma_spi2_rx
 .bss.htim11    0x20000648       0x48 ./Core/Src/stm32f4xx_hal_timebase_tim.o
                0x20000648                htim11
 .bss.huart1    0x20000690       0x48 ./Core/Src/usart.o
                0x20000690                huart1
 .bss.huart2    0x200006d8       0x48 ./Core/Src/usart.o
                0x200006d8                huart2
 .bss.uwTick    0x20000720        0x4 ./Drivers/STM32F4xx_HAL_Driver/Src/stm32f4xx_hal.o
                0x20000720                uwTick
 .bss.pFlash    0x20000724       0x20 ./Drivers/STM32F4xx_HAL_Driver/Src/stm32f4xx_hal_flash.o
                0x20000724                pFlash
 .bss.pxCurrentTCB
                0x20000744        0x4 ./Middlewares/Third_Party/FreeRTOS/Source/tasks.o
                0x20000744                pxCurrentTCB
 .bss.pxReadyTasksLists
                0x20000748       0x8c ./Middlewares/Third_Party/FreeRTOS/Source/tasks.o
 .bss.xDelayedTaskList1
                0x200007d4       0x14 ./Middlewares/Third_Party/FreeRTOS/Source/tasks.o
 .bss.xDelayedTaskList2
                0x200007e8       0x14 ./Middlewares/Third_Party/FreeRTOS/Source/tasks.o
 .bss.pxDelayedTaskList
                0x200007fc        0x4 ./Middlewares/Third_Party/FreeRTOS/Source/tasks.o
 .bss.pxOverflowDelayedTaskList
                0x20000800        0x4 ./Middlewares/Third_Party/FreeRTOS/Source/tasks.o
 .bss.xPendingReadyList
                0x20000804       0x14 ./Middlewares/Third_Party/FreeRTOS/Source/tasks.o
 .bss.xTasksWaitingTermination
                0x20000818       0x14 ./Middlewares/Third_Party/FreeRTOS/Source/tasks.o
 .bss.uxDeletedTasksWaitingCleanUp
                0x2000082c        0x4 ./Middlewares/Third_Party/FreeRTOS/Source/tasks.o
 .bss.xSuspendedTaskList
                0x20000830       0x14 ./Middlewares/Third_Party/FreeRTOS/Source/tasks.o
 .bss.uxCurrentNumberOfTasks
                0x20000844        0x4 ./Middlewares/Third_Party/FreeRTOS/Source/tasks.o
 .bss.xTickCount
                0x20000848        0x4 ./Middlewares/Third_Party/FreeRTOS/Source/tasks.o
 .bss.uxTopReadyPriority
                0x2000084c        0x4 ./Middlewares/Third_Party/FreeRTOS/Source/tasks.o
 .bss.xSchedulerRunning
                0x20000850        0x4 ./Middlewares/Third_Party/FreeRTOS/Source/tasks.o
 .bss.xPendedTicks
                0x20000854        0x4 ./Middlewares/Third_Party/FreeRTOS/Source/tasks.o
 .bss.xYieldPending
                0x20000858        0x4 ./Middlewares/Third_Party/FreeRTOS/Source/tasks.o
 .bss.xNumOfOverflows
                0x2000085c        0x4 ./Middlewares/Third_Party/FreeRTOS/Source/tasks.o
 .bss.uxTaskNumber
                0x20000860        0x4 ./Middlewares/Third_Party/FreeRTOS/Source/tasks.o
 .bss.xNextTaskUnblockTime
                0x20000864        0x4 ./Middlewares/Third_Party/FreeRTOS/Source/tasks.o
 .bss.xIdleTaskHandle
                0x20000868        0x4 ./Middlewares/Third_Party/FreeRTOS/Source/tasks.o
 .bss.uxSchedulerSuspended
                0x2000086c        0x4 ./Middlewares/Third_Party/FreeRTOS/Source/tasks.o
 .bss.ucMaxSysCallPriority
                0x20000870        0x1 ./Middlewares/Third_Party/FreeRTOS/Source/portable/GCC/ARM_CM4F/port.o
 *fill*         0x20000871        0x3 
 .bss.ulMaxPRIGROUPValue
                0x20000874        0x4 ./Middlewares/Third_Party/FreeRTOS/Source/portable/GCC/ARM_CM4F/port.o
 .bss.ucHeap    0x20000878     0x3c00 ./Middlewares/Third_Party/FreeRTOS/Source/portable/MemMang/heap_4.o
 .bss.xStart    0x20004478        0x8 ./Middlewares/Third_Party/FreeRTOS/Source/portable/MemMang/heap_4.o
 .bss.pxEnd     0x20004480        0x4 ./Middlewares/Third_Party/FreeRTOS/Source/portable/MemMang/heap_4.o
 .bss.xFreeBytesRemaining
                0x20004484        0x4 ./Middlewares/Third_Party/FreeRTOS/Source/portable/MemMang/heap_4.o
 .bss.xMinimumEverFreeBytesRemaining
                0x20004488        0x4 ./Middlewares/Third_Party/FreeRTOS/Source/portable/MemMang/heap_4.o
 .bss.xNumberOfSuccessfulAllocations
                0x2000448c        0x4 ./Middlewares/Third_Party/FreeRTOS/Source/portable/MemMang/heap_4.o
 .bss.xNumberOfSuccessfulFrees
                0x20004490        0x4 ./Middlewares/Third_Party/FreeRTOS/Source/portable/MemMang/heap_4.o
 .bss.xBlockAllocatedBit
                0x20004494        0x4 ./Middlewares/Third_Party/FreeRTOS/Source/portable/MemMang/heap_4.o
 .bss.__sf      0x20004498      0x138 C:/ST/STM32CubeIDE_1.16.1/STM32CubeIDE/plugins/com.st.stm32cube.ide.mcu.externaltools.gnu-tools-for-stm32.12.3.rel1.win32_1.0.200.202406191623/tools/bin/../lib/gcc/arm-none-eabi/12.3.1/../../../../arm-none-eabi/lib/thumb/v7e-m+fp/hard\libc_nano.a(libc_a-findfp.o)
                0x20004498                __sf
 *(COMMON)
                0x200045d0                        . = ALIGN (0x4)
                0x200045d0                        _ebss = .
                0x200045d0                        __bss_end__ = _ebss

._user_heap_stack
                0x200045d0      0x600 load address 0x08009828
                0x200045d0                        . = ALIGN (0x8)
                [!provide]                        PROVIDE (end = .)
                0x200045d0                        PROVIDE (_end = .)
                0x200047d0                        . = (. + _Min_Heap_Size)
 *fill*         0x200045d0      0x200 
                0x20004bd0                        . = (. + _Min_Stack_Size)
 *fill*         0x200047d0      0x400 
                0x20004bd0                        . = ALIGN (0x8)

/DISCARD/
 libc.a(*)
 libm.a(*)
 libgcc.a(*)

.ARM.attributes
                0x00000000       0x30
 *(.ARM.attributes)
 .ARM.attributes
                0x00000000       0x22 C:/ST/STM32CubeIDE_1.16.1/STM32CubeIDE/plugins/com.st.stm32cube.ide.mcu.externaltools.gnu-tools-for-stm32.12.3.rel1.win32_1.0.200.202406191623/tools/bin/../lib/gcc/arm-none-eabi/12.3.1/thumb/v7e-m+fp/hard/crti.o
 .ARM.attributes
                0x00000022       0x34 C:/ST/STM32CubeIDE_1.16.1/STM32CubeIDE/plugins/com.st.stm32cube.ide.mcu.externaltools.gnu-tools-for-stm32.12.3.rel1.win32_1.0.200.202406191623/tools/bin/../lib/gcc/arm-none-eabi/12.3.1/thumb/v7e-m+fp/hard/crtbegin.o
 .ARM.attributes
                0x00000056       0x34 ./Core/Src/Libraries/BMP280.o
 .ARM.attributes
                0x0000008a       0x34 ./Core/Src/Libraries/Flash.o
 .ARM.attributes
                0x000000be       0x34 ./Core/Src/Libraries/MPU6050.o
 .ARM.attributes
                0x000000f2       0x34 ./Core/Src/Modules/INS/attitude.o
 .ARM.attributes
                0x00000126       0x34 ./Core/Src/Modules/Status/memory.o
 .ARM.attributes
                0x0000015a       0x34 ./Core/Src/RTOS/RTOS.o
 .ARM.attributes
                0x0000018e       0x34 ./Core/Src/adc.o
 .ARM.attributes
                0x000001c2       0x34 ./Core/Src/dma.o
 .ARM.attributes
                0x000001f6       0x34 ./Core/Src/freertos.o
 .ARM.attributes
                0x0000022a       0x34 ./Core/Src/gpio.o
 .ARM.attributes
                0x0000025e       0x34 ./Core/Src/i2c.o
 .ARM.attributes
                0x00000292       0x34 ./Core/Src/main.o
 .ARM.attributes
                0x000002c6       0x34 ./Core/Src/spi.o
 .ARM.attributes
                0x000002fa       0x34 ./Core/Src/stm32f4xx_hal_msp.o
 .ARM.attributes
                0x0000032e       0x34 ./Core/Src/stm32f4xx_hal_timebase_tim.o
 .ARM.attributes
                0x00000362       0x34 ./Core/Src/stm32f4xx_it.o
 .ARM.attributes
                0x00000396       0x34 ./Core/Src/system_stm32f4xx.o
 .ARM.attributes
                0x000003ca       0x34 ./Core/Src/usart.o
 .ARM.attributes
                0x000003fe       0x21 ./Core/Startup/startup_stm32f411ceux.o
 .ARM.attributes
                0x0000041f       0x34 ./Drivers/STM32F4xx_HAL_Driver/Src/stm32f4xx_hal.o
 .ARM.attributes
                0x00000453       0x34 ./Drivers/STM32F4xx_HAL_Driver/Src/stm32f4xx_hal_adc.o
 .ARM.attributes
                0x00000487       0x34 ./Drivers/STM32F4xx_HAL_Driver/Src/stm32f4xx_hal_cortex.o
 .ARM.attributes
                0x000004bb       0x34 ./Drivers/STM32F4xx_HAL_Driver/Src/stm32f4xx_hal_dma.o
 .ARM.attributes
                0x000004ef       0x34 ./Drivers/STM32F4xx_HAL_Driver/Src/stm32f4xx_hal_flash.o
 .ARM.attributes
                0x00000523       0x34 ./Drivers/STM32F4xx_HAL_Driver/Src/stm32f4xx_hal_flash_ex.o
 .ARM.attributes
                0x00000557       0x34 ./Drivers/STM32F4xx_HAL_Driver/Src/stm32f4xx_hal_gpio.o
 .ARM.attributes
                0x0000058b       0x34 ./Drivers/STM32F4xx_HAL_Driver/Src/stm32f4xx_hal_i2c.o
 .ARM.attributes
                0x000005bf       0x34 ./Drivers/STM32F4xx_HAL_Driver/Src/stm32f4xx_hal_rcc.o
 .ARM.attributes
                0x000005f3       0x34 ./Drivers/STM32F4xx_HAL_Driver/Src/stm32f4xx_hal_spi.o
 .ARM.attributes
                0x00000627       0x34 ./Drivers/STM32F4xx_HAL_Driver/Src/stm32f4xx_hal_tim.o
 .ARM.attributes
                0x0000065b       0x34 ./Drivers/STM32F4xx_HAL_Driver/Src/stm32f4xx_hal_tim_ex.o
 .ARM.attributes
                0x0000068f       0x34 ./Drivers/STM32F4xx_HAL_Driver/Src/stm32f4xx_hal_uart.o
 .ARM.attributes
                0x000006c3       0x34 ./Middlewares/Third_Party/FreeRTOS/Source/CMSIS_RTOS/cmsis_os.o
 .ARM.attributes
                0x000006f7       0x34 ./Middlewares/Third_Party/FreeRTOS/Source/list.o
 .ARM.attributes
                0x0000072b       0x34 ./Middlewares/Third_Party/FreeRTOS/Source/tasks.o
 .ARM.attributes
                0x0000075f       0x34 ./Middlewares/Third_Party/FreeRTOS/Source/portable/GCC/ARM_CM4F/port.o
 .ARM.attributes
                0x00000793       0x34 ./Middlewares/Third_Party/FreeRTOS/Source/portable/MemMang/heap_4.o
 .ARM.attributes
                0x000007c7       0x34 C:/ST/STM32CubeIDE_1.16.1/STM32CubeIDE/plugins/com.st.stm32cube.ide.mcu.externaltools.gnu-tools-for-stm32.12.3.rel1.win32_1.0.200.202406191623/tools/bin/../lib/gcc/arm-none-eabi/12.3.1/../../../../arm-none-eabi/lib/thumb/v7e-m+fp/hard\libc_nano.a(libc_a-findfp.o)
 .ARM.attributes
                0x000007fb       0x34 C:/ST/STM32CubeIDE_1.16.1/STM32CubeIDE/plugins/com.st.stm32cube.ide.mcu.externaltools.gnu-tools-for-stm32.12.3.rel1.win32_1.0.200.202406191623/tools/bin/../lib/gcc/arm-none-eabi/12.3.1/../../../../arm-none-eabi/lib/thumb/v7e-m+fp/hard\libc_nano.a(libc_a-memset.o)
 .ARM.attributes
                0x0000082f       0x34 C:/ST/STM32CubeIDE_1.16.1/STM32CubeIDE/plugins/com.st.stm32cube.ide.mcu.externaltools.gnu-tools-for-stm32.12.3.rel1.win32_1.0.200.202406191623/tools/bin/../lib/gcc/arm-none-eabi/12.3.1/../../../../arm-none-eabi/lib/thumb/v7e-m+fp/hard\libc_nano.a(libc_a-impure.o)
 .ARM.attributes
                0x00000863       0x34 C:/ST/STM32CubeIDE_1.16.1/STM32CubeIDE/plugins/com.st.stm32cube.ide.mcu.externaltools.gnu-tools-for-stm32.12.3.rel1.win32_1.0.200.202406191623/tools/bin/../lib/gcc/arm-none-eabi/12.3.1/../../../../arm-none-eabi/lib/thumb/v7e-m+fp/hard\libc_nano.a(libc_a-errno.o)
 .ARM.attributes
                0x00000897       0x34 C:/ST/STM32CubeIDE_1.16.1/STM32CubeIDE/plugins/com.st.stm32cube.ide.mcu.externaltools.gnu-tools-for-stm32.12.3.rel1.win32_1.0.200.202406191623/tools/bin/../lib/gcc/arm-none-eabi/12.3.1/../../../../arm-none-eabi/lib/thumb/v7e-m+fp/hard\libc_nano.a(libc_a-init.o)
 .ARM.attributes
                0x000008cb       0x34 C:/ST/STM32CubeIDE_1.16.1/STM32CubeIDE/plugins/com.st.stm32cube.ide.mcu.externaltools.gnu-tools-for-stm32.12.3.rel1.win32_1.0.200.202406191623/tools/bin/../lib/gcc/arm-none-eabi/12.3.1/../../../../arm-none-eabi/lib/thumb/v7e-m+fp/hard\libm.a(libm_a-w_log.o)
 .ARM.attributes
                0x000008ff       0x34 C:/ST/STM32CubeIDE_1.16.1/STM32CubeIDE/plugins/com.st.stm32cube.ide.mcu.externaltools.gnu-tools-for-stm32.12.3.rel1.win32_1.0.200.202406191623/tools/bin/../lib/gcc/arm-none-eabi/12.3.1/../../../../arm-none-eabi/lib/thumb/v7e-m+fp/hard\libm.a(libm_a-s_nan.o)
 .ARM.attributes
                0x00000933       0x34 C:/ST/STM32CubeIDE_1.16.1/STM32CubeIDE/plugins/com.st.stm32cube.ide.mcu.externaltools.gnu-tools-for-stm32.12.3.rel1.win32_1.0.200.202406191623/tools/bin/../lib/gcc/arm-none-eabi/12.3.1/../../../../arm-none-eabi/lib/thumb/v7e-m+fp/hard\libm.a(libm_a-e_log.o)
 .ARM.attributes
                0x00000967       0x22 C:/ST/STM32CubeIDE_1.16.1/STM32CubeIDE/plugins/com.st.stm32cube.ide.mcu.externaltools.gnu-tools-for-stm32.12.3.rel1.win32_1.0.200.202406191623/tools/bin/../lib/gcc/arm-none-eabi/12.3.1/thumb/v7e-m+fp/hard\libgcc.a(_arm_addsubdf3.o)
 .ARM.attributes
                0x00000989       0x22 C:/ST/STM32CubeIDE_1.16.1/STM32CubeIDE/plugins/com.st.stm32cube.ide.mcu.externaltools.gnu-tools-for-stm32.12.3.rel1.win32_1.0.200.202406191623/tools/bin/../lib/gcc/arm-none-eabi/12.3.1/thumb/v7e-m+fp/hard\libgcc.a(_arm_muldivdf3.o)
 .ARM.attributes
                0x000009ab       0x22 C:/ST/STM32CubeIDE_1.16.1/STM32CubeIDE/plugins/com.st.stm32cube.ide.mcu.externaltools.gnu-tools-for-stm32.12.3.rel1.win32_1.0.200.202406191623/tools/bin/../lib/gcc/arm-none-eabi/12.3.1/thumb/v7e-m+fp/hard\libgcc.a(_arm_cmpdf2.o)
 .ARM.attributes
                0x000009cd       0x22 C:/ST/STM32CubeIDE_1.16.1/STM32CubeIDE/plugins/com.st.stm32cube.ide.mcu.externaltools.gnu-tools-for-stm32.12.3.rel1.win32_1.0.200.202406191623/tools/bin/../lib/gcc/arm-none-eabi/12.3.1/thumb/v7e-m+fp/hard\libgcc.a(_arm_unorddf2.o)
 .ARM.attributes
                0x000009ef       0x22 C:/ST/STM32CubeIDE_1.16.1/STM32CubeIDE/plugins/com.st.stm32cube.ide.mcu.externaltools.gnu-tools-for-stm32.12.3.rel1.win32_1.0.200.202406191623/tools/bin/../lib/gcc/arm-none-eabi/12.3.1/thumb/v7e-m+fp/hard\libgcc.a(_arm_fixunsdfsi.o)
 .ARM.attributes
                0x00000a11       0x22 C:/ST/STM32CubeIDE_1.16.1/STM32CubeIDE/plugins/com.st.stm32cube.ide.mcu.externaltools.gnu-tools-for-stm32.12.3.rel1.win32_1.0.200.202406191623/tools/bin/../lib/gcc/arm-none-eabi/12.3.1/thumb/v7e-m+fp/hard\libgcc.a(_arm_truncdfsf2.o)
 .ARM.attributes
                0x00000a33       0x22 C:/ST/STM32CubeIDE_1.16.1/STM32CubeIDE/plugins/com.st.stm32cube.ide.mcu.externaltools.gnu-tools-for-stm32.12.3.rel1.win32_1.0.200.202406191623/tools/bin/../lib/gcc/arm-none-eabi/12.3.1/thumb/v7e-m+fp/hard\libgcc.a(_aeabi_ldivmod.o)
 .ARM.attributes
                0x00000a55       0x22 C:/ST/STM32CubeIDE_1.16.1/STM32CubeIDE/plugins/com.st.stm32cube.ide.mcu.externaltools.gnu-tools-for-stm32.12.3.rel1.win32_1.0.200.202406191623/tools/bin/../lib/gcc/arm-none-eabi/12.3.1/thumb/v7e-m+fp/hard\libgcc.a(_aeabi_uldivmod.o)
 .ARM.attributes
                0x00000a77       0x34 C:/ST/STM32CubeIDE_1.16.1/STM32CubeIDE/plugins/com.st.stm32cube.ide.mcu.externaltools.gnu-tools-for-stm32.12.3.rel1.win32_1.0.200.202406191623/tools/bin/../lib/gcc/arm-none-eabi/12.3.1/thumb/v7e-m+fp/hard\libgcc.a(_udivmoddi4.o)
 .ARM.attributes
                0x00000aab       0x22 C:/ST/STM32CubeIDE_1.16.1/STM32CubeIDE/plugins/com.st.stm32cube.ide.mcu.externaltools.gnu-tools-for-stm32.12.3.rel1.win32_1.0.200.202406191623/tools/bin/../lib/gcc/arm-none-eabi/12.3.1/thumb/v7e-m+fp/hard\libgcc.a(_dvmd_tls.o)
 .ARM.attributes
                0x00000acd       0x22 C:/ST/STM32CubeIDE_1.16.1/STM32CubeIDE/plugins/com.st.stm32cube.ide.mcu.externaltools.gnu-tools-for-stm32.12.3.rel1.win32_1.0.200.202406191623/tools/bin/../lib/gcc/arm-none-eabi/12.3.1/thumb/v7e-m+fp/hard/crtn.o
OUTPUT(RFC_V1.elf elf32-littlearm)
LOAD linker stubs
LOAD C:/ST/STM32CubeIDE_1.16.1/STM32CubeIDE/plugins/com.st.stm32cube.ide.mcu.externaltools.gnu-tools-for-stm32.12.3.rel1.win32_1.0.200.202406191623/tools/bin/../lib/gcc/arm-none-eabi/12.3.1/../../../../arm-none-eabi/lib/thumb/v7e-m+fp/hard\libc.a
LOAD C:/ST/STM32CubeIDE_1.16.1/STM32CubeIDE/plugins/com.st.stm32cube.ide.mcu.externaltools.gnu-tools-for-stm32.12.3.rel1.win32_1.0.200.202406191623/tools/bin/../lib/gcc/arm-none-eabi/12.3.1/../../../../arm-none-eabi/lib/thumb/v7e-m+fp/hard\libm.a
LOAD C:/ST/STM32CubeIDE_1.16.1/STM32CubeIDE/plugins/com.st.stm32cube.ide.mcu.externaltools.gnu-tools-for-stm32.12.3.rel1.win32_1.0.200.202406191623/tools/bin/../lib/gcc/arm-none-eabi/12.3.1/thumb/v7e-m+fp/hard\libgcc.a

.debug_info     0x00000000    0x1b669
 .debug_info    0x00000000      0xb5f ./Core/Src/Libraries/BMP280.o
 .debug_info    0x00000b5f      0x2c0 ./Core/Src/Libraries/Flash.o
 .debug_info    0x00000e1f      0xa03 ./Core/Src/Libraries/MPU6050.o
 .debug_info    0x00001822      0x1ee ./Core/Src/Modules/INS/attitude.o
 .debug_info    0x00001a10      0x211 ./Core/Src/Modules/Status/memory.o
 .debug_info    0x00001c21      0x177 ./Core/Src/RTOS/RTOS.o
 .debug_info    0x00001d98      0x9db ./Core/Src/adc.o
 .debug_info    0x00002773      0x45a ./Core/Src/dma.o
 .debug_info    0x00002bcd      0x68c ./Core/Src/freertos.o
 .debug_info    0x00003259      0x448 ./Core/Src/gpio.o
 .debug_info    0x000036a1      0xa8c ./Core/Src/i2c.o
 .debug_info    0x0000412d      0xbb8 ./Core/Src/main.o
 .debug_info    0x00004ce5      0xc6b ./Core/Src/spi.o
 .debug_info    0x00005950      0x464 ./Core/Src/stm32f4xx_hal_msp.o
 .debug_info    0x00005db4      0xb75 ./Core/Src/stm32f4xx_hal_timebase_tim.o
 .debug_info    0x00006929      0x9d1 ./Core/Src/stm32f4xx_it.o
 .debug_info    0x000072fa      0x53e ./Core/Src/system_stm32f4xx.o
 .debug_info    0x00007838      0x9bb ./Core/Src/usart.o
 .debug_info    0x000081f3       0x30 ./Core/Startup/startup_stm32f411ceux.o
 .debug_info    0x00008223      0x8c4 ./Drivers/STM32F4xx_HAL_Driver/Src/stm32f4xx_hal.o
 .debug_info    0x00008ae7      0xcd1 ./Drivers/STM32F4xx_HAL_Driver/Src/stm32f4xx_hal_adc.o
 .debug_info    0x000097b8      0xcfc ./Drivers/STM32F4xx_HAL_Driver/Src/stm32f4xx_hal_cortex.o
 .debug_info    0x0000a4b4      0x8e6 ./Drivers/STM32F4xx_HAL_Driver/Src/stm32f4xx_hal_dma.o
 .debug_info    0x0000ad9a      0x58c ./Drivers/STM32F4xx_HAL_Driver/Src/stm32f4xx_hal_flash.o
 .debug_info    0x0000b326      0x7db ./Drivers/STM32F4xx_HAL_Driver/Src/stm32f4xx_hal_flash_ex.o
 .debug_info    0x0000bb01      0x6f9 ./Drivers/STM32F4xx_HAL_Driver/Src/stm32f4xx_hal_gpio.o
 .debug_info    0x0000c1fa     0x2426 ./Drivers/STM32F4xx_HAL_Driver/Src/stm32f4xx_hal_i2c.o
 .debug_info    0x0000e620      0x8f0 ./Drivers/STM32F4xx_HAL_Driver/Src/stm32f4xx_hal_rcc.o
 .debug_info    0x0000ef10     0x1530 ./Drivers/STM32F4xx_HAL_Driver/Src/stm32f4xx_hal_spi.o
 .debug_info    0x00010440     0x2996 ./Drivers/STM32F4xx_HAL_Driver/Src/stm32f4xx_hal_tim.o
 .debug_info    0x00012dd6     0x14d4 ./Drivers/STM32F4xx_HAL_Driver/Src/stm32f4xx_hal_tim_ex.o
 .debug_info    0x000142aa     0x2f56 ./Drivers/STM32F4xx_HAL_Driver/Src/stm32f4xx_hal_uart.o
 .debug_info    0x00017200     0x1b60 ./Middlewares/Third_Party/FreeRTOS/Source/CMSIS_RTOS/cmsis_os.o
 .debug_info    0x00018d60      0x2af ./Middlewares/Third_Party/FreeRTOS/Source/list.o
 .debug_info    0x0001900f     0x1ca7 ./Middlewares/Third_Party/FreeRTOS/Source/tasks.o
 .debug_info    0x0001acb6      0x4de ./Middlewares/Third_Party/FreeRTOS/Source/portable/GCC/ARM_CM4F/port.o
 .debug_info    0x0001b194      0x4d5 ./Middlewares/Third_Party/FreeRTOS/Source/portable/MemMang/heap_4.o

.debug_abbrev   0x00000000     0x4962
 .debug_abbrev  0x00000000      0x273 ./Core/Src/Libraries/BMP280.o
 .debug_abbrev  0x00000273      0x12d ./Core/Src/Libraries/Flash.o
 .debug_abbrev  0x000003a0      0x23b ./Core/Src/Libraries/MPU6050.o
 .debug_abbrev  0x000005db       0xc9 ./Core/Src/Modules/INS/attitude.o
 .debug_abbrev  0x000006a4      0x118 ./Core/Src/Modules/Status/memory.o
 .debug_abbrev  0x000007bc       0x76 ./Core/Src/RTOS/RTOS.o
 .debug_abbrev  0x00000832      0x1f2 ./Core/Src/adc.o
 .debug_abbrev  0x00000a24      0x10e ./Core/Src/dma.o
 .debug_abbrev  0x00000b32      0x181 ./Core/Src/freertos.o
 .debug_abbrev  0x00000cb3      0x151 ./Core/Src/gpio.o
 .debug_abbrev  0x00000e04      0x1f6 ./Core/Src/i2c.o
 .debug_abbrev  0x00000ffa      0x23c ./Core/Src/main.o
 .debug_abbrev  0x00001236      0x230 ./Core/Src/spi.o
 .debug_abbrev  0x00001466      0x119 ./Core/Src/stm32f4xx_hal_msp.o
 .debug_abbrev  0x0000157f      0x207 ./Core/Src/stm32f4xx_hal_timebase_tim.o
 .debug_abbrev  0x00001786      0x199 ./Core/Src/stm32f4xx_it.o
 .debug_abbrev  0x0000191f      0x11a ./Core/Src/system_stm32f4xx.o
 .debug_abbrev  0x00001a39      0x1fe ./Core/Src/usart.o
 .debug_abbrev  0x00001c37       0x24 ./Core/Startup/startup_stm32f411ceux.o
 .debug_abbrev  0x00001c5b      0x24b ./Drivers/STM32F4xx_HAL_Driver/Src/stm32f4xx_hal.o
 .debug_abbrev  0x00001ea6      0x20e ./Drivers/STM32F4xx_HAL_Driver/Src/stm32f4xx_hal_adc.o
 .debug_abbrev  0x000020b4      0x31d ./Drivers/STM32F4xx_HAL_Driver/Src/stm32f4xx_hal_cortex.o
 .debug_abbrev  0x000023d1      0x221 ./Drivers/STM32F4xx_HAL_Driver/Src/stm32f4xx_hal_dma.o
 .debug_abbrev  0x000025f2      0x28d ./Drivers/STM32F4xx_HAL_Driver/Src/stm32f4xx_hal_flash.o
 .debug_abbrev  0x0000287f      0x26e ./Drivers/STM32F4xx_HAL_Driver/Src/stm32f4xx_hal_flash_ex.o
 .debug_abbrev  0x00002aed      0x1d3 ./Drivers/STM32F4xx_HAL_Driver/Src/stm32f4xx_hal_gpio.o
 .debug_abbrev  0x00002cc0      0x2bc ./Drivers/STM32F4xx_HAL_Driver/Src/stm32f4xx_hal_i2c.o
 .debug_abbrev  0x00002f7c      0x2b6 ./Drivers/STM32F4xx_HAL_Driver/Src/stm32f4xx_hal_rcc.o
 .debug_abbrev  0x00003232      0x276 ./Drivers/STM32F4xx_HAL_Driver/Src/stm32f4xx_hal_spi.o
 .debug_abbrev  0x000034a8      0x28b ./Drivers/STM32F4xx_HAL_Driver/Src/stm32f4xx_hal_tim.o
 .debug_abbrev  0x00003733      0x296 ./Drivers/STM32F4xx_HAL_Driver/Src/stm32f4xx_hal_tim_ex.o
 .debug_abbrev  0x000039c9      0x31b ./Drivers/STM32F4xx_HAL_Driver/Src/stm32f4xx_hal_uart.o
 .debug_abbrev  0x00003ce4      0x3b7 ./Middlewares/Third_Party/FreeRTOS/Source/CMSIS_RTOS/cmsis_os.o
 .debug_abbrev  0x0000409b       0xf5 ./Middlewares/Third_Party/FreeRTOS/Source/list.o
 .debug_abbrev  0x00004190      0x359 ./Middlewares/Third_Party/FreeRTOS/Source/tasks.o
 .debug_abbrev  0x000044e9      0x25c ./Middlewares/Third_Party/FreeRTOS/Source/portable/GCC/ARM_CM4F/port.o
 .debug_abbrev  0x00004745      0x21d ./Middlewares/Third_Party/FreeRTOS/Source/portable/MemMang/heap_4.o

.debug_aranges  0x00000000     0x1aa8
 .debug_aranges
                0x00000000       0x70 ./Core/Src/Libraries/BMP280.o
 .debug_aranges
                0x00000070       0x30 ./Core/Src/Libraries/Flash.o
 .debug_aranges
                0x000000a0       0x48 ./Core/Src/Libraries/MPU6050.o
 .debug_aranges
                0x000000e8       0x28 ./Core/Src/Modules/INS/attitude.o
 .debug_aranges
                0x00000110       0x28 ./Core/Src/Modules/Status/memory.o
 .debug_aranges
                0x00000138       0x78 ./Core/Src/RTOS/RTOS.o
 .debug_aranges
                0x000001b0       0x30 ./Core/Src/adc.o
 .debug_aranges
                0x000001e0       0x20 ./Core/Src/dma.o
 .debug_aranges
                0x00000200       0x58 ./Core/Src/freertos.o
 .debug_aranges
                0x00000258       0x20 ./Core/Src/gpio.o
 .debug_aranges
                0x00000278       0x40 ./Core/Src/i2c.o
 .debug_aranges
                0x000002b8       0x38 ./Core/Src/main.o
 .debug_aranges
                0x000002f0       0x40 ./Core/Src/spi.o
 .debug_aranges
                0x00000330       0x20 ./Core/Src/stm32f4xx_hal_msp.o
 .debug_aranges
                0x00000350       0x30 ./Core/Src/stm32f4xx_hal_timebase_tim.o
 .debug_aranges
                0x00000380       0x60 ./Core/Src/stm32f4xx_it.o
 .debug_aranges
                0x000003e0       0x28 ./Core/Src/system_stm32f4xx.o
 .debug_aranges
                0x00000408       0x38 ./Core/Src/usart.o
 .debug_aranges
                0x00000440       0x28 ./Core/Startup/startup_stm32f411ceux.o
 .debug_aranges
                0x00000468       0xf0 ./Drivers/STM32F4xx_HAL_Driver/Src/stm32f4xx_hal.o
 .debug_aranges
                0x00000558       0xe8 ./Drivers/STM32F4xx_HAL_Driver/Src/stm32f4xx_hal_adc.o
 .debug_aranges
                0x00000640      0x130 ./Drivers/STM32F4xx_HAL_Driver/Src/stm32f4xx_hal_cortex.o
 .debug_aranges
                0x00000770       0x90 ./Drivers/STM32F4xx_HAL_Driver/Src/stm32f4xx_hal_dma.o
 .debug_aranges
                0x00000800       0xa0 ./Drivers/STM32F4xx_HAL_Driver/Src/stm32f4xx_hal_flash.o
 .debug_aranges
                0x000008a0       0xc8 ./Drivers/STM32F4xx_HAL_Driver/Src/stm32f4xx_hal_flash_ex.o
 .debug_aranges
                0x00000968       0x58 ./Drivers/STM32F4xx_HAL_Driver/Src/stm32f4xx_hal_gpio.o
 .debug_aranges
                0x000009c0      0x2a8 ./Drivers/STM32F4xx_HAL_Driver/Src/stm32f4xx_hal_i2c.o
 .debug_aranges
                0x00000c68       0x88 ./Drivers/STM32F4xx_HAL_Driver/Src/stm32f4xx_hal_rcc.o
 .debug_aranges
                0x00000cf0      0x1d0 ./Drivers/STM32F4xx_HAL_Driver/Src/stm32f4xx_hal_spi.o
 .debug_aranges
                0x00000ec0      0x3d0 ./Drivers/STM32F4xx_HAL_Driver/Src/stm32f4xx_hal_tim.o
 .debug_aranges
                0x00001290      0x168 ./Drivers/STM32F4xx_HAL_Driver/Src/stm32f4xx_hal_tim_ex.o
 .debug_aranges
                0x000013f8      0x208 ./Drivers/STM32F4xx_HAL_Driver/Src/stm32f4xx_hal_uart.o
 .debug_aranges
                0x00001600      0x1d8 ./Middlewares/Third_Party/FreeRTOS/Source/CMSIS_RTOS/cmsis_os.o
 .debug_aranges
                0x000017d8       0x40 ./Middlewares/Third_Party/FreeRTOS/Source/list.o
 .debug_aranges
                0x00001818      0x1b8 ./Middlewares/Third_Party/FreeRTOS/Source/tasks.o
 .debug_aranges
                0x000019d0       0x80 ./Middlewares/Third_Party/FreeRTOS/Source/portable/GCC/ARM_CM4F/port.o
 .debug_aranges
                0x00001a50       0x58 ./Middlewares/Third_Party/FreeRTOS/Source/portable/MemMang/heap_4.o

.debug_rnglists
                0x00000000     0x14a7
 .debug_rnglists
                0x00000000       0x54 ./Core/Src/Libraries/BMP280.o
 .debug_rnglists
                0x00000054       0x21 ./Core/Src/Libraries/Flash.o
 .debug_rnglists
                0x00000075       0x35 ./Core/Src/Libraries/MPU6050.o
 .debug_rnglists
                0x000000aa       0x1a ./Core/Src/Modules/INS/attitude.o
 .debug_rnglists
                0x000000c4       0x19 ./Core/Src/Modules/Status/memory.o
 .debug_rnglists
                0x000000dd       0x55 ./Core/Src/RTOS/RTOS.o
 .debug_rnglists
                0x00000132       0x21 ./Core/Src/adc.o
 .debug_rnglists
                0x00000153       0x13 ./Core/Src/dma.o
 .debug_rnglists
                0x00000166       0x3e ./Core/Src/freertos.o
 .debug_rnglists
                0x000001a4       0x14 ./Core/Src/gpio.o
 .debug_rnglists
                0x000001b8       0x2d ./Core/Src/i2c.o
 .debug_rnglists
                0x000001e5       0x26 ./Core/Src/main.o
 .debug_rnglists
                0x0000020b       0x2d ./Core/Src/spi.o
 .debug_rnglists
                0x00000238       0x13 ./Core/Src/stm32f4xx_hal_msp.o
 .debug_rnglists
                0x0000024b       0x20 ./Core/Src/stm32f4xx_hal_timebase_tim.o
 .debug_rnglists
                0x0000026b       0x43 ./Core/Src/stm32f4xx_it.o
 .debug_rnglists
                0x000002ae       0x1a ./Core/Src/system_stm32f4xx.o
 .debug_rnglists
                0x000002c8       0x26 ./Core/Src/usart.o
 .debug_rnglists
                0x000002ee       0x19 ./Core/Startup/startup_stm32f411ceux.o
 .debug_rnglists
                0x00000307       0xaf ./Drivers/STM32F4xx_HAL_Driver/Src/stm32f4xx_hal.o
 .debug_rnglists
                0x000003b6       0xb5 ./Drivers/STM32F4xx_HAL_Driver/Src/stm32f4xx_hal_adc.o
 .debug_rnglists
                0x0000046b       0xe0 ./Drivers/STM32F4xx_HAL_Driver/Src/stm32f4xx_hal_cortex.o
 .debug_rnglists
                0x0000054b       0x70 ./Drivers/STM32F4xx_HAL_Driver/Src/stm32f4xx_hal_dma.o
 .debug_rnglists
                0x000005bb       0x78 ./Drivers/STM32F4xx_HAL_Driver/Src/stm32f4xx_hal_flash.o
 .debug_rnglists
                0x00000633       0x96 ./Drivers/STM32F4xx_HAL_Driver/Src/stm32f4xx_hal_flash_ex.o
 .debug_rnglists
                0x000006c9       0x3f ./Drivers/STM32F4xx_HAL_Driver/Src/stm32f4xx_hal_gpio.o
 .debug_rnglists
                0x00000708      0x23c ./Drivers/STM32F4xx_HAL_Driver/Src/stm32f4xx_hal_i2c.o
 .debug_rnglists
                0x00000944       0x66 ./Drivers/STM32F4xx_HAL_Driver/Src/stm32f4xx_hal_rcc.o
 .debug_rnglists
                0x000009aa      0x16f ./Drivers/STM32F4xx_HAL_Driver/Src/stm32f4xx_hal_spi.o
 .debug_rnglists
                0x00000b19      0x31a ./Drivers/STM32F4xx_HAL_Driver/Src/stm32f4xx_hal_tim.o
 .debug_rnglists
                0x00000e33      0x125 ./Drivers/STM32F4xx_HAL_Driver/Src/stm32f4xx_hal_tim_ex.o
 .debug_rnglists
                0x00000f58      0x1bc ./Drivers/STM32F4xx_HAL_Driver/Src/stm32f4xx_hal_uart.o
 .debug_rnglists
                0x00001114      0x16a ./Middlewares/Third_Party/FreeRTOS/Source/CMSIS_RTOS/cmsis_os.o
 .debug_rnglists
                0x0000127e       0x2b ./Middlewares/Third_Party/FreeRTOS/Source/list.o
 .debug_rnglists
                0x000012a9      0x15f ./Middlewares/Third_Party/FreeRTOS/Source/tasks.o
 .debug_rnglists
                0x00001408       0x5d ./Middlewares/Third_Party/FreeRTOS/Source/portable/GCC/ARM_CM4F/port.o
 .debug_rnglists
                0x00001465       0x42 ./Middlewares/Third_Party/FreeRTOS/Source/portable/MemMang/heap_4.o

.debug_macro    0x00000000    0x1cf81
 .debug_macro   0x00000000      0x353 ./Core/Src/Libraries/BMP280.o
 .debug_macro   0x00000353      0xab4 ./Core/Src/Libraries/BMP280.o
 .debug_macro   0x00000e07      0x2ad ./Core/Src/Libraries/BMP280.o
 .debug_macro   0x000010b4       0x2e ./Core/Src/Libraries/BMP280.o
 .debug_macro   0x000010e2       0x28 ./Core/Src/Libraries/BMP280.o
 .debug_macro   0x0000110a       0x22 ./Core/Src/Libraries/BMP280.o
 .debug_macro   0x0000112c       0x8e ./Core/Src/Libraries/BMP280.o
 .debug_macro   0x000011ba       0x51 ./Core/Src/Libraries/BMP280.o
 .debug_macro   0x0000120b      0x103 ./Core/Src/Libraries/BMP280.o
 .debug_macro   0x0000130e       0x6a ./Core/Src/Libraries/BMP280.o
 .debug_macro   0x00001378      0x1df ./Core/Src/Libraries/BMP280.o
 .debug_macro   0x00001557       0x1c ./Core/Src/Libraries/BMP280.o
 .debug_macro   0x00001573       0x22 ./Core/Src/Libraries/BMP280.o
 .debug_macro   0x00001595       0xfb ./Core/Src/Libraries/BMP280.o
 .debug_macro   0x00001690     0x1011 ./Core/Src/Libraries/BMP280.o
 .debug_macro   0x000026a1      0x11f ./Core/Src/Libraries/BMP280.o
 .debug_macro   0x000027c0     0xb953 ./Core/Src/Libraries/BMP280.o
 .debug_macro   0x0000e113       0x6d ./Core/Src/Libraries/BMP280.o
 .debug_macro   0x0000e180     0x369a ./Core/Src/Libraries/BMP280.o
 .debug_macro   0x0001181a      0x189 ./Core/Src/Libraries/BMP280.o
 .debug_macro   0x000119a3       0x5c ./Core/Src/Libraries/BMP280.o
 .debug_macro   0x000119ff      0x45c ./Core/Src/Libraries/BMP280.o
 .debug_macro   0x00011e5b      0x9e9 ./Core/Src/Libraries/BMP280.o
 .debug_macro   0x00012844      0x115 ./Core/Src/Libraries/BMP280.o
 .debug_macro   0x00012959      0x11b ./Core/Src/Libraries/BMP280.o
 .debug_macro   0x00012a74       0xa5 ./Core/Src/Libraries/BMP280.o
 .debug_macro   0x00012b19      0x15f ./Core/Src/Libraries/BMP280.o
 .debug_macro   0x00012c78      0x287 ./Core/Src/Libraries/BMP280.o
 .debug_macro   0x00012eff       0x5f ./Core/Src/Libraries/BMP280.o
 .debug_macro   0x00012f5e      0x236 ./Core/Src/Libraries/BMP280.o
 .debug_macro   0x00013194      0x9e1 ./Core/Src/Libraries/BMP280.o
 .debug_macro   0x00013b75      0x38b ./Core/Src/Libraries/BMP280.o
 .debug_macro   0x00013f00      0x17d ./Core/Src/Libraries/BMP280.o
 .debug_macro   0x0001407d       0xf9 ./Core/Src/Libraries/BMP280.o
 .debug_macro   0x00014176      0x132 ./Core/Src/Libraries/BMP280.o
 .debug_macro   0x000142a8      0x264 ./Core/Src/Libraries/BMP280.o
 .debug_macro   0x0001450c       0x2e ./Core/Src/Libraries/BMP280.o
 .debug_macro   0x0001453a      0x1b5 ./Core/Src/Libraries/BMP280.o
 .debug_macro   0x000146ef       0x22 ./Core/Src/Libraries/BMP280.o
 .debug_macro   0x00014711       0xd6 ./Core/Src/Libraries/BMP280.o
 .debug_macro   0x000147e7      0x127 ./Core/Src/Libraries/BMP280.o
 .debug_macro   0x0001490e       0x85 ./Core/Src/Libraries/BMP280.o
 .debug_macro   0x00014993       0x89 ./Core/Src/Libraries/BMP280.o
 .debug_macro   0x00014a1c      0x225 ./Core/Src/Libraries/BMP280.o
 .debug_macro   0x00014c41      0x8ed ./Core/Src/Libraries/BMP280.o
 .debug_macro   0x0001552e       0x47 ./Core/Src/Libraries/BMP280.o
 .debug_macro   0x00015575      0x2aa ./Core/Src/Libraries/BMP280.o
 .debug_macro   0x0001581f      0x126 ./Core/Src/Libraries/BMP280.o
 .debug_macro   0x00015945       0x61 ./Core/Src/Libraries/BMP280.o
 .debug_macro   0x000159a6       0x2a ./Core/Src/Libraries/BMP280.o
 .debug_macro   0x000159d0       0x43 ./Core/Src/Libraries/BMP280.o
 .debug_macro   0x00015a13       0x34 ./Core/Src/Libraries/BMP280.o
 .debug_macro   0x00015a47       0x16 ./Core/Src/Libraries/BMP280.o
 .debug_macro   0x00015a5d       0x43 ./Core/Src/Libraries/BMP280.o
 .debug_macro   0x00015aa0       0x34 ./Core/Src/Libraries/BMP280.o
 .debug_macro   0x00015ad4       0x10 ./Core/Src/Libraries/BMP280.o
 .debug_macro   0x00015ae4       0x58 ./Core/Src/Libraries/BMP280.o
 .debug_macro   0x00015b3c       0x8e ./Core/Src/Libraries/BMP280.o
 .debug_macro   0x00015bca       0x1c ./Core/Src/Libraries/BMP280.o
 .debug_macro   0x00015be6      0x177 ./Core/Src/Libraries/BMP280.o
 .debug_macro   0x00015d5d      0x369 ./Core/Src/Libraries/BMP280.o
 .debug_macro   0x000160c6       0x10 ./Core/Src/Libraries/BMP280.o
 .debug_macro   0x000160d6       0x35 ./Core/Src/Libraries/BMP280.o
 .debug_macro   0x0001610b       0x20 ./Core/Src/Libraries/BMP280.o
 .debug_macro   0x0001612b       0x10 ./Core/Src/Libraries/BMP280.o
 .debug_macro   0x0001613b       0xe8 ./Core/Src/Libraries/BMP280.o
 .debug_macro   0x00016223      0x19b ./Core/Src/Libraries/BMP280.o
 .debug_macro   0x000163be       0x16 ./Core/Src/Libraries/BMP280.o
 .debug_macro   0x000163d4      0x2f1 ./Core/Src/Libraries/Flash.o
 .debug_macro   0x000166c5      0x353 ./Core/Src/Libraries/MPU6050.o