Archive member included to satisfy reference by file (symbol)

C:/ST/STM32CubeIDE_1.14.0/STM32CubeIDE/plugins/com.st.stm32cube.ide.mcu.externaltools.gnu-tools-for-stm32.12.3.rel1.win32_1.0.200.202406191623/tools/bin/../lib/gcc/arm-none-eabi/12.3.1/../../../../arm-none-eabi/lib/thumb/v7e-m+fp/hard\libc_nano.a(libc_a-exit.o)
                              C:/ST/STM32CubeIDE_1.14.0/STM32CubeIDE/plugins/com.st.stm32cube.ide.mcu.externaltools.gnu-tools-for-stm32.12.3.rel1.win32_1.0.200.202406191623/tools/bin/../lib/gcc/arm-none-eabi/12.3.1/../../../../arm-none-eabi/lib/thumb/v7e-m+fp/hard/crt0.o (exit)
C:/ST/STM32CubeIDE_1.14.0/STM32CubeIDE/plugins/com.st.stm32cube.ide.mcu.externaltools.gnu-tools-for-stm32.12.3.rel1.win32_1.0.200.202406191623/tools/bin/../lib/gcc/arm-none-eabi/12.3.1/../../../../arm-none-eabi/lib/thumb/v7e-m+fp/hard\libc_nano.a(libc_a-findfp.o)
                              C:/ST/STM32CubeIDE_1.14.0/STM32CubeIDE/plugins/com.st.stm32cube.ide.mcu.externaltools.gnu-tools-for-stm32.12.3.rel1.win32_1.0.200.202406191623/tools/bin/../lib/gcc/arm-none-eabi/12.3.1/../../../../arm-none-eabi/lib/thumb/v7e-m+fp/hard\libc_nano.a(libc_a-exit.o) (__stdio_exit_handler)
C:/ST/STM32CubeIDE_1.14.0/STM32CubeIDE/plugins/com.st.stm32cube.ide.mcu.externaltools.gnu-tools-for-stm32.12.3.rel1.win32_1.0.200.202406191623/tools/bin/../lib/gcc/arm-none-eabi/12.3.1/../../../../arm-none-eabi/lib/thumb/v7e-m+fp/hard\libc_nano.a(libc_a-fwalk.o)
                              C:/ST/STM32CubeIDE_1.14.0/STM32CubeIDE/plugins/com.st.stm32cube.ide.mcu.externaltools.gnu-tools-for-stm32.12.3.rel1.win32_1.0.200.202406191623/tools/bin/../lib/gcc/arm-none-eabi/12.3.1/../../../../arm-none-eabi/lib/thumb/v7e-m+fp/hard\libc_nano.a(libc_a-findfp.o) (_fwalk_sglue)
C:/ST/STM32CubeIDE_1.14.0/STM32CubeIDE/plugins/com.st.stm32cube.ide.mcu.externaltools.gnu-tools-for-stm32.12.3.rel1.win32_1.0.200.202406191623/tools/bin/../lib/gcc/arm-none-eabi/12.3.1/../../../../arm-none-eabi/lib/thumb/v7e-m+fp/hard\libc_nano.a(libc_a-stdio.o)
                              C:/ST/STM32CubeIDE_1.14.0/STM32CubeIDE/plugins/com.st.stm32cube.ide.mcu.externaltools.gnu-tools-for-stm32.12.3.rel1.win32_1.0.200.202406191623/tools/bin/../lib/gcc/arm-none-eabi/12.3.1/../../../../arm-none-eabi/lib/thumb/v7e-m+fp/hard\libc_nano.a(libc_a-findfp.o) (__sread)
C:/ST/STM32CubeIDE_1.14.0/STM32CubeIDE/plugins/com.st.stm32cube.ide.mcu.externaltools.gnu-tools-for-stm32.12.3.rel1.win32_1.0.200.202406191623/tools/bin/../lib/gcc/arm-none-eabi/12.3.1/../../../../arm-none-eabi/lib/thumb/v7e-m+fp/hard\libc_nano.a(libc_a-memset.o)
                              C:/ST/STM32CubeIDE_1.14.0/STM32CubeIDE/plugins/com.st.stm32cube.ide.mcu.externaltools.gnu-tools-for-stm32.12.3.rel1.win32_1.0.200.202406191623/tools/bin/../lib/gcc/arm-none-eabi/12.3.1/../../../../arm-none-eabi/lib/thumb/v7e-m+fp/hard/crt0.o (memset)
C:/ST/STM32CubeIDE_1.14.0/STM32CubeIDE/plugins/com.st.stm32cube.ide.mcu.externaltools.gnu-tools-for-stm32.12.3.rel1.win32_1.0.200.202406191623/tools/bin/../lib/gcc/arm-none-eabi/12.3.1/../../../../arm-none-eabi/lib/thumb/v7e-m+fp/hard\libc_nano.a(libc_a-closer.o)
                              C:/ST/STM32CubeIDE_1.14.0/STM32CubeIDE/plugins/com.st.stm32cube.ide.mcu.externaltools.gnu-tools-for-stm32.12.3.rel1.win32_1.0.200.202406191623/tools/bin/../lib/gcc/arm-none-eabi/12.3.1/../../../../arm-none-eabi/lib/thumb/v7e-m+fp/hard\libc_nano.a(libc_a-stdio.o) (_close_r)
C:/ST/STM32CubeIDE_1.14.0/STM32CubeIDE/plugins/com.st.stm32cube.ide.mcu.externaltools.gnu-tools-for-stm32.12.3.rel1.win32_1.0.200.202406191623/tools/bin/../lib/gcc/arm-none-eabi/12.3.1/../../../../arm-none-eabi/lib/thumb/v7e-m+fp/hard\libc_nano.a(libc_a-reent.o)
                              C:/ST/STM32CubeIDE_1.14.0/STM32CubeIDE/plugins/com.st.stm32cube.ide.mcu.externaltools.gnu-tools-for-stm32.12.3.rel1.win32_1.0.200.202406191623/tools/bin/../lib/gcc/arm-none-eabi/12.3.1/../../../../arm-none-eabi/lib/thumb/v7e-m+fp/hard\libc_nano.a(libc_a-closer.o) (errno)
C:/ST/STM32CubeIDE_1.14.0/STM32CubeIDE/plugins/com.st.stm32cube.ide.mcu.externaltools.gnu-tools-for-stm32.12.3.rel1.win32_1.0.200.202406191623/tools/bin/../lib/gcc/arm-none-eabi/12.3.1/../../../../arm-none-eabi/lib/thumb/v7e-m+fp/hard\libc_nano.a(libc_a-impure.o)
                              C:/ST/STM32CubeIDE_1.14.0/STM32CubeIDE/plugins/com.st.stm32cube.ide.mcu.externaltools.gnu-tools-for-stm32.12.3.rel1.win32_1.0.200.202406191623/tools/bin/../lib/gcc/arm-none-eabi/12.3.1/../../../../arm-none-eabi/lib/thumb/v7e-m+fp/hard\libc_nano.a(libc_a-reent.o) (_impure_ptr)
C:/ST/STM32CubeIDE_1.14.0/STM32CubeIDE/plugins/com.st.stm32cube.ide.mcu.externaltools.gnu-tools-for-stm32.12.3.rel1.win32_1.0.200.202406191623/tools/bin/../lib/gcc/arm-none-eabi/12.3.1/../../../../arm-none-eabi/lib/thumb/v7e-m+fp/hard\libc_nano.a(libc_a-lseekr.o)
[...]
Memory Configuration

Name             Origin             Length             Attributes
RAM              0x20000000         0x00020000         xrw
FLASH            0x08000000         0x00080000         xr
*default*        0x00000000         0xffffffff

Linker script and memory map

LOAD C:/ST/STM32CubeIDE_1.14.0/STM32CubeIDE/plugins/com.st.stm32cube.ide.mcu.externaltools.gnu-tools-for-stm32.12.3.rel1.win32_1.0.200.202406191623/tools/bin/../lib/gcc/arm-none-eabi/12.3.1/thumb/v7e-m+fp/hard/crti.o
LOAD C:/ST/STM32CubeIDE_1.14.0/STM32CubeIDE/plugins/com.st.stm32cube.ide.mcu.externaltools.gnu-tools-for-stm32.12.3.rel1.win32_1.0.200.202406191623/tools/bin/../lib/gcc/arm-none-eabi/12.3.1/thumb/v7e-m+fp/hard/crtbegin.o
LOAD C:/ST/STM32CubeIDE_1.14.0/STM32CubeIDE/plugins/com.st.stm32cube.ide.mcu.externaltools.gnu-tools-for-stm32.12.3.rel1.win32_1.0.200.202406191623/tools/bin/../lib/gcc/arm-none-eabi/12.3.1/../../../../arm-none-eabi/lib/thumb/v7e-m+fp/hard/crt0.o
LOAD ./Core/Src/Libraries/BMP280.o
LOAD ./Core/Src/Libraries/Flash.o
LOAD ./Core/Src/Libraries/MPU6050.o
LOAD ./Core/Src/Libraries/NRF24.o
LOAD ./Core/Src/Modules/BlackBox/blackbox.o
LOAD ./Core/Src/Modules/INS/altitude.o
LOAD ./Core/Src/Modules/INS/attitude.o
LOAD ./Core/Src/Modules/INS/geo.o
LOAD ./Core/Src/Modules/Status/commands.o
LOAD ./Core/Src/Modules/Status/flight_phase.o
LOAD ./Core/Src/Modules/Status/memory.o
LOAD ./Core/Src/Modules/Status/power.o
LOAD ./Core/Src/Modules/Status/status.o
LOAD ./Core/Src/Modules/Telemetry/payload.o
LOAD ./Core/Src/Modules/Telemetry/telemetry.o
LOAD ./Core/Src/RTOS/RTOS.o
LOAD ./Core/Src/adc.o
LOAD ./Core/Src/dma.o
LOAD ./Core/Src/freertos.o
LOAD ./Core/Src/gpio.o
LOAD ./Core/Src/i2c.o
LOAD ./Core/Src/main.o
LOAD ./Core/Src/spi.o
LOAD ./Core/Src/stm32f4xx_hal_msp.o
LOAD ./Core/Src/stm32f4xx_hal_timebase_tim.o
LOAD ./Core/Src/stm32f4xx_it.o
LOAD ./Core/Src/syscalls.o
LOAD ./Core/Src/sysmem.o
LOAD ./Core/Src/system_stm32f4xx.o
LOAD ./Core/Src/tim.o
LOAD ./Core/Src/usart.o
LOAD ./Core/Startup/startup_stm32f411ceux.o
LOAD ./Drivers/STM32F4xx_HAL_Driver/Src/stm32f4xx_hal.o
LOAD ./Drivers/STM32F4xx_HAL_Driver/Src/stm32f4xx_hal_adc.o
LOAD ./Drivers/STM32F4xx_HAL_Driver/Src/stm32f4xx_hal_adc_ex.o
LOAD ./Drivers/STM32F4xx_HAL_Driver/Src/stm32f4xx_hal_cortex.o
LOAD ./Drivers/STM32F4xx_HAL_Driver/Src/stm32f4xx_hal_dma.o
LOAD ./Drivers/STM32F4xx_HAL_Driver/Src/stm32f4xx_hal_dma_ex.o
LOAD ./Drivers/STM32F4xx_HAL_Driver/Src/stm32f4xx_hal_exti.o
LOAD ./Drivers/STM32F4xx_HAL_Driver/Src/stm32f4xx_hal_flash.o
LOAD ./Drivers/STM32F4xx_HAL_Driver/Src/stm32f4xx_hal_flash_ex.o
LOAD ./Drivers/STM32F4xx_HAL_Driver/Src/stm32f4xx_hal_flash_ramfunc.o
LOAD ./Drivers/STM32F4xx_HAL_Driver/Src/stm32f4xx_hal_gpio.o
LOAD ./Drivers/STM32F4xx_HAL_Driver/Src/stm32f4xx_hal_i2c.o
LOAD ./Drivers/STM32F4xx_HAL_Driver/Src/stm32f4xx_hal_i2c_ex.o
LOAD ./Drivers/STM32F4xx_HAL_Driver/Src/stm32f4xx_hal_pwr.o
LOAD ./Drivers/STM32F4xx_HAL_Driver/Src/stm32f4xx_hal_pwr_ex.o
LOAD ./Drivers/STM32F4xx_HAL_Driver/Src/stm32f4xx_hal_rcc.o
LOAD ./Drivers/STM32F4xx_HAL_Driver/Src/stm32f4xx_hal_rcc_ex.o
LOAD ./Drivers/STM32F4xx_HAL_Driver/Src/stm32f4xx_hal_spi.o
LOAD ./Drivers/STM32F4xx_HAL_Driver/Src/stm32f4xx_hal_tim.o
LOAD ./Drivers/STM32F4xx_HAL_Driver/Src/stm32f4xx_hal_tim_ex.o
LOAD ./Drivers/STM32F4xx_HAL_Driver/Src/stm32f4xx_hal_uart.o
LOAD ./Drivers/STM32F4xx_HAL_Driver/Src/stm32f4xx_ll_adc.o
LOAD ./Middlewares/Third_Party/FreeRTOS/Source/CMSIS_RTOS/cmsis_os.o
LOAD ./Middlewares/Third_Party/FreeRTOS/Source/croutine.o
LOAD ./Middlewares/Third_Party/FreeRTOS/Source/event_groups.o
LOAD ./Middlewares/Third_Party/FreeRTOS/Source/list.o
LOAD ./Middlewares/Third_Party/FreeRTOS/Source/queue.o
LOAD ./Middlewares/Third_Party/FreeRTOS/Source/stream_buffer.o
LOAD ./Middlewares/Third_Party/FreeRTOS/Source/tasks.o
LOAD ./Middlewares/Third_Party/FreeRTOS/Source/timers.o
LOAD ./Middlewares/Third_Party/FreeRTOS/Source/portable/GCC/ARM_CM4F/port.o
LOAD ./Middlewares/Third_Party/FreeRTOS/Source/portable/MemMang/heap_4.o
START GROUP
LOAD C:/ST/STM32CubeIDE_1.14.0/STM32CubeIDE/plugins/com.st.stm32cube.ide.mcu.externaltools.gnu-tools-for-stm32.12.3.rel1.win32_1.0.200.202406191623/tools/bin/../lib/gcc/arm-none-eabi/12.3.1/../../../../arm-none-eabi/lib/thumb/v7e-m+fp/hard\libc_nano.a
LOAD C:/ST/STM32CubeIDE_1.14.0/STM32CubeIDE/plugins/com.st.stm32cube.ide.mcu.externaltools.gnu-tools-for-stm32.12.3.rel1.win32_1.0.200.202406191623/tools/bin/../lib/gcc/arm-none-eabi/12.3.1/../../../../arm-none-eabi/lib/thumb/v7e-m+fp/hard\libm.a
END GROUP
START GROUP
LOAD C:/ST/STM32CubeIDE_1.14.0/STM32CubeIDE/plugins/com.st.stm32cube.ide.mcu.externaltools.gnu-tools-for-stm32.12.3.rel1.win32_1.0.200.202406191623/tools/bin/../lib/gcc/arm-none-eabi/12.3.1/thumb/v7e-m+fp/hard\libgcc.a
LOAD C:/ST/STM32CubeIDE_1.14.0/STM32CubeIDE/plugins/com.st.stm32cube.ide.mcu.externaltools.gnu-tools-for-stm32.12.3.rel1.win32_1.0.200.202406191623/tools/bin/../lib/gcc/arm-none-eabi/12.3.1/../../../../arm-none-eabi/lib/thumb/v7e-m+fp/hard\libc_nano.a
END GROUP
START GROUP
LOAD C:/ST/STM32CubeIDE_1.14.0/STM32CubeIDE/plugins/com.st.stm32cube.ide.mcu.externaltools.gnu-tools-for-stm32.12.3.rel1.win32_1.0.200.202406191623/tools/bin/../lib/gcc/arm-none-eabi/12.3.1/thumb/v7e-m+fp/hard\libgcc.a
LOAD C:/ST/STM32CubeIDE_1.14.0/STM32CubeIDE/plugins/com.st.stm32cube.ide.mcu.externaltools.gnu-tools-for-stm32.12.3.rel1.win32_1.0.200.202406191623/tools/bin/../lib/gcc/arm-none-eabi/12.3.1/../../../../arm-none-eabi/lib/thumb/v7e-m+fp/hard\libc_nano.a
LOAD C:/ST/STM32CubeIDE_1.14.0/STM32CubeIDE/plugins/com.st.stm32cube.ide.mcu.externaltools.gnu-tools-for-stm32.12.3.rel1.win32_1.0.200.202406191623/tools/bin/../lib/gcc/arm-none-eabi/12.3.1/../../../../arm-none-eabi/lib/thumb/v7e-m+fp/hard\libnosys.a
END GROUP
START GROUP
LOAD C:/ST/STM32CubeIDE_1.14.0/STM32CubeIDE/plugins/com.st.stm32cube.ide.mcu.externaltools.gnu-tools-for-stm32.12.3.rel1.win32_1.0.200.202406191623/tools/bin/../lib/gcc/arm-none-eabi/12.3.1/thumb/v7e-m+fp/hard\libgcc.a
LOAD C:/ST/STM32CubeIDE_1.14.0/STM32CubeIDE/plugins/com.st.stm32cube.ide.mcu.externaltools.gnu-tools-for-stm32.12.3.rel1.win32_1.0.200.202406191623/tools/bin/../lib/gcc/arm-none-eabi/12.3.1/../../../../arm-none-eabi/lib/thumb/v7e-m+fp/hard\libc_nano.a
LOAD C:/ST/STM32CubeIDE_1.14.0/STM32CubeIDE/plugins/com.st.stm32cube.ide.mcu.externaltools.gnu-tools-for-stm32.12.3.rel1.win32_1.0.200.202406191623/tools/bin/../lib/gcc/arm-none-eabi/12.3.1/../../../../arm-none-eabi/lib/thumb/v7e-m+fp/hard\libnosys.a
END GROUP
LOAD C:/ST/STM32CubeIDE_1.14.0/STM32CubeIDE/plugins/com.st.stm32cube.ide.mcu.externaltools.gnu-tools-for-stm32.12.3.rel1.win32_1.0.200.202406191623/tools/bin/../lib/gcc/arm-none-eabi/12.3.1/thumb/v7e-m+fp/hard/crtend.o
LOAD C:/ST/STM32CubeIDE_1.14.0/STM32CubeIDE/plugins/com.st.stm32cube.ide.mcu.externaltools.gnu-tools-for-stm32.12.3.rel1.win32_1.0.200.202406191623/tools/bin/../lib/gcc/arm-none-eabi/12.3.1/thumb/v7e-m+fp/hard/crtn.o
                0x20020000                        _estack = (ORIGIN (RAM) + LENGTH (RAM))
                0x00000200                        _Min_Heap_Size = 0x200
                0x00000400                        _Min_Stack_Size = 0x400

.isr_vector     0x08000000      0x198
                0x08000000                        . = ALIGN (0x4)
 *(.isr_vector)
 .isr_vector    0x08000000      0x198 ./Core/Startup/startup_stm32f411ceux.o
                0x08000000                g_pfnVectors
                0x08000198                        . = ALIGN (0x4)

.text           0x080001a0     0xb7b4
                0x080001a0                        . = ALIGN (0x4)
 *(.text)
 .text          0x080001a0       0x40 C:/ST/STM32CubeIDE_1.14.0/STM32CubeIDE/plugins/com.st.stm32cube.ide.mcu.externaltools.gnu-tools-for-stm32.12.3.rel1.win32_1.0.200.202406191623/tools/bin/../lib/gcc/arm-none-eabi/12.3.1/thumb/v7e-m+fp/hard/crtbegin.o
 .text          0x080001e0      0x378 C:/ST/STM32CubeIDE_1.14.0/STM32CubeIDE/plugins/com.st.stm32cube.ide.mcu.externaltools.gnu-tools-for-stm32.12.3.rel1.win32_1.0.200.202406191623/tools/bin/../lib/gcc/arm-none-eabi/12.3.1/thumb/v7e-m+fp/hard\libgcc.a(_arm_addsubdf3.o)
                0x080001e0                __aeabi_drsub
                0x080001e8                __aeabi_dsub
                0x080001e8                __subdf3
                0x080001ec                __aeabi_dadd
                0x080001ec                __adddf3
                0x08000464                __floatunsidf
                0x08000464                __aeabi_ui2d
                0x08000484                __floatsidf
                0x08000484                __aeabi_i2d
                0x080004a8                __aeabi_f2d
                0x080004a8                __extendsfdf2
                0x080004ec                __floatundidf
                0x080004ec                __aeabi_ul2d
                0x080004fc                __floatdidf
                0x080004fc                __aeabi_l2d
 .text          0x08000558      0x424 C:/ST/STM32CubeIDE_1.14.0/STM32CubeIDE/plugins/com.st.stm32cube.ide.mcu.externaltools.gnu-tools-for-stm32.12.3.rel1.win32_1.0.200.202406191623/tools/bin/../lib/gcc/arm-none-eabi/12.3.1/thumb/v7e-m+fp/hard\libgcc.a(_arm_muldivdf3.o)
                0x08000558                __aeabi_dmul
                0x08000558                __muldf3
                0x080007ac                __divdf3
                0x080007ac                __aeabi_ddiv
 .text          0x0800097c      0x110 C:/ST/STM32CubeIDE_1.14.0/STM32CubeIDE/plugins/com.st.stm32cube.ide.mcu.externaltools.gnu-tools-for-stm32.12.3.rel1.win32_1.0.200.202406191623/tools/bin/../lib/gcc/arm-none-eabi/12.3.1/thumb/v7e-m+fp/hard\libgcc.a(_arm_cmpdf2.o)
                0x0800097c                __gtdf2
                0x0800097c                __gedf2
                0x08000984                __ltdf2
                0x08000984                __ledf2
                0x0800098c                __nedf2
                0x0800098c                __eqdf2
                0x0800098c                __cmpdf2
                0x08000a08                __aeabi_cdrcmple
                0x08000a18                __aeabi_cdcmpeq
                0x08000a18                __aeabi_cdcmple
                0x08000a28                __aeabi_dcmpeq
                0x08000a3c                __aeabi_dcmplt
                0x08000a50                __aeabi_dcmple
                0x08000a64                __aeabi_dcmpge
                0x08000a78                __aeabi_dcmpgt
 .text          0x08000a8c       0x2c C:/ST/STM32CubeIDE_1.14.0/STM32CubeIDE/plugins/com.st.stm32cube.ide.mcu.externaltools.gnu-tools-for-stm32.12.3.rel1.win32_1.0.200.202406191623/tools/bin/../lib/gcc/arm-none-eabi/12.3.1/thumb/v7e-m+fp/hard\libgcc.a(_arm_unorddf2.o)
                0x08000a8c                __unorddf2
                0x08000a8c                __aeabi_dcmpun
 .text          0x08000ab8       0x50 C:/ST/STM32CubeIDE_1.14.0/STM32CubeIDE/plugins/com.st.stm32cube.ide.mcu.externaltools.gnu-tools-for-stm32.12.3.rel1.win32_1.0.200.202406191623/tools/bin/../lib/gcc/arm-none-eabi/12.3.1/thumb/v7e-m+fp/hard\libgcc.a(_arm_fixdfsi.o)
                0x08000ab8                __aeabi_d2iz
                0x08000ab8                __fixdfsi
 .text          0x08000b08       0x40 C:/ST/STM32CubeIDE_1.14.0/STM32CubeIDE/plugins/com.st.stm32cube.ide.mcu.externaltools.gnu-tools-for-stm32.12.3.rel1.win32_1.0.200.202406191623/tools/bin/../lib/gcc/arm-none-eabi/12.3.1/thumb/v7e-m+fp/hard\libgcc.a(_arm_fixunsdfsi.o)
                0x08000b08                __aeabi_d2uiz
                0x08000b08                __fixunsdfsi
 .text          0x08000b48       0xa0 C:/ST/STM32CubeIDE_1.14.0/STM32CubeIDE/plugins/com.st.stm32cube.ide.mcu.externaltools.gnu-tools-for-stm32.12.3.rel1.win32_1.0.200.202406191623/tools/bin/../lib/gcc/arm-none-eabi/12.3.1/thumb/v7e-m+fp/hard\libgcc.a(_aeabi_ldivmod.o)
                0x08000b48                __aeabi_ldivmod
 .text          0x08000be8       0x30 C:/ST/STM32CubeIDE_1.14.0/STM32CubeIDE/plugins/com.st.stm32cube.ide.mcu.externaltools.gnu-tools-for-stm32.12.3.rel1.win32_1.0.200.202406191623/tools/bin/../lib/gcc/arm-none-eabi/12.3.1/thumb/v7e-m+fp/hard\libgcc.a(_aeabi_uldivmod.o)
                0x08000be8                __aeabi_uldivmod
 .text          0x08000c18      0x2bc C:/ST/STM32CubeIDE_1.14.0/STM32CubeIDE/plugins/com.st.stm32cube.ide.mcu.externaltools.gnu-tools-for-stm32.12.3.rel1.win32_1.0.200.202406191623/tools/bin/../lib/gcc/arm-none-eabi/12.3.1/thumb/v7e-m+fp/hard\libgcc.a(_udivmoddi4.o)
                0x08000c18                __udivmoddi4
 .text          0x08000ed4        0x4 C:/ST/STM32CubeIDE_1.14.0/STM32CubeIDE/plugins/com.st.stm32cube.ide.mcu.externaltools.gnu-tools-for-stm32.12.3.rel1.win32_1.0.200.202406191623/tools/bin/../lib/gcc/arm-none-eabi/12.3.1/thumb/v7e-m+fp/hard\libgcc.a(_dvmd_tls.o)
                0x08000ed4                __aeabi_idiv0
                0x08000ed4                __aeabi_ldiv0
 *(.text*)
 .text.BMP280_write
                0x08000ed8       0x58 ./Core/Src/Libraries/BMP280.o
                0x08000ed8                BMP280_write
 .text.BMP280_read
                0x08000f30       0x64 ./Core/Src/Libraries/BMP280.o
                0x08000f30                BMP280_read
 .text.BMP280_config
                0x08000f94       0x18 ./Core/Src/Libraries/BMP280.o
                0x08000f94                BMP280_config
 .text.BMP280_calibrationData
                0x08000fac      0x168 ./Core/Src/Libraries/BMP280.o
                0x08000fac                BMP280_calibrationData
 .text.BMP280_readRawValues
                0x08001114       0x84 ./Core/Src/Libraries/BMP280.o
                0x08001114                BMP280_readRawValues
 .text.BMP280_measureT
                0x08001198       0x88 ./Core/Src/Libraries/BMP280.o
                0x08001198                BMP280_measureT
 .text.BMP280_measureP
                0x08001220      0x58c ./Core/Src/Libraries/BMP280.o
                0x08001220                BMP280_measureP
 *fill*         0x080017ac        0x4 
 .text.BMP280_measureH
                0x080017b0       0xdc ./Core/Src/Libraries/BMP280.o
                0x080017b0                BMP280_measureH
 .text.BMP280_init
                0x0800188c       0x48 ./Core/Src/Libraries/BMP280.o
                0x0800188c                BMP280_init
 .text.BMP280_calculate
                0x080018d4       0x54 ./Core/Src/Libraries/BMP280.o
                0x080018d4                BMP280_calculate
 .text.Flash_Read
                0x08001928       0x3c ./Core/Src/Libraries/Flash.o
                0x08001928                Flash_Read
 .text.MPU6050_getPromModule
                0x08001964      0x354 ./Core/Src/Libraries/MPU6050.o
                0x08001964                MPU6050_getPromModule
 .text.MPU6050_status
                0x08001cb8       0xbc ./Core/Src/Libraries/MPU6050.o
                0x08001cb8                MPU6050_status
 .text.MPU6050_memoryRefresh
                0x08001d74       0xa8 ./Core/Src/Libraries/MPU6050.o
                0x08001d74                MPU6050_memoryRefresh
 .text.MPU6050_Init_Module
                0x08001e1c       0xae ./Core/Src/Libraries/MPU6050.o
                0x08001e1c                MPU6050_Init_Module
 *fill*         0x08001eca        0x6 
 .text.MPU6050_Read_All
                0x08001ed0      0x1fc ./Core/Src/Libraries/MPU6050.o
                0x08001ed0                MPU6050_Read_All
 .text.MPU6050_Init
                0x080020cc       0x20 ./Core/Src/Libraries/MPU6050.o
                0x080020cc                MPU6050_Init
 .text.NRF24_write
                0x080020ec       0x5c ./Core/Src/Libraries/NRF24.o
                0x080020ec                NRF24_write
 .text.NRF24_Addr_write
                0x08002148       0x8c ./Core/Src/Libraries/NRF24.o
                0x08002148                NRF24_Addr_write
 .text.NRF24_read
                0x080021d4       0x50 ./Core/Src/Libraries/NRF24.o
                0x080021d4                NRF24_read
 .text.NRF24_Addr_read
                0x08002224       0xf8 ./Core/Src/Libraries/NRF24.o
                0x08002224                NRF24_Addr_read
 .text.NRF24_FlushTxFIFO
                0x0800231c       0x40 ./Core/Src/Libraries/NRF24.o
                0x0800231c                NRF24_FlushTxFIFO
 .text.NRF24_FlushRxFIFO
                0x0800235c       0x40 ./Core/Src/Libraries/NRF24.o
                0x0800235c                NRF24_FlushRxFIFO
 .text.NRF24_ActualConfiguration
                0x0800239c      0x190 ./Core/Src/Libraries/NRF24.o
                0x0800239c                NRF24_ActualConfiguration
 .text.NRF24_config
                0x0800252c      0x136 ./Core/Src/Libraries/NRF24.o
                0x0800252c                NRF24_config
 *fill*         0x08002662        0x2 
 .text.NRF24_DefaultConfiguration
                0x08002664      0x138 ./Core/Src/Libraries/NRF24.o
                0x08002664                NRF24_DefaultConfiguration
 .text.NRF24_init
                0x0800279c       0x38 ./Core/Src/Libraries/NRF24.o
                0x0800279c                NRF24_init
 .text.get_ACC  0x080027d4      0x3b4 ./Core/Src/Modules/INS/attitude.o
                0x080027d4                get_ACC
 .text.Kalman_getAngle
                0x08002b88      0x2b6 ./Core/Src/Modules/INS/attitude.o
                0x08002b88                Kalman_getAngle
 *fill*         0x08002e3e        0x2 
 .text.get_ATTS
                0x08002e40      0x238 ./Core/Src/Modules/INS/attitude.o
                0x08002e40                get_ATTS
 .text.MEMORY_init
                0x08003078       0x1c ./Core/Src/Modules/Status/memory.o
                0x08003078                MEMORY_init
 .text.get_STATUS
                0x08003094       0x18 ./Core/Src/Modules/Status/status.o
                0x08003094                get_STATUS
 .text.DeployParachute
                0x080030ac       0x34 ./Core/Src/Modules/Telemetry/payload.o
                0x080030ac                DeployParachute
 .text.init_task_1ms
                0x080030e0        0xc ./Core/Src/RTOS/RTOS.o
                0x080030e0                init_task_1ms
 .text.init_task_5ms
                0x080030ec        0xc ./Core/Src/RTOS/RTOS.o
                0x080030ec                init_task_5ms
 .text.init_task_10ms
                0x080030f8        0xe ./Core/Src/RTOS/RTOS.o
                0x080030f8                init_task_10ms
 .text.init_task_50ms
                0x08003106        0xe ./Core/Src/RTOS/RTOS.o
                0x08003106                init_task_50ms
 .text.init_task_100ms
                0x08003114        0xe ./Core/Src/RTOS/RTOS.o
                0x08003114                init_task_100ms
 .text.init_task_500ms
                0x08003122        0xc ./Core/Src/RTOS/RTOS.o
                0x08003122                init_task_500ms
 .text.task_1ms
                0x0800312e       0x10 ./Core/Src/RTOS/RTOS.o
                0x0800312e                task_1ms
 *fill*         0x0800313e        0x2 
 .text.task_5ms
                0x08003140       0x18 ./Core/Src/RTOS/RTOS.o
                0x08003140                task_5ms
 .text.task_10ms
                0x08003158        0xe ./Core/Src/RTOS/RTOS.o
                0x08003158                task_10ms
 *fill*         0x08003166        0x2 
 .text.task_50ms
                0x08003168       0x28 ./Core/Src/RTOS/RTOS.o
                0x08003168                task_50ms
 .text.task_100ms
                0x08003190        0xe ./Core/Src/RTOS/RTOS.o
                0x08003190                task_100ms
 .text.task_500ms
                0x0800319e        0xe ./Core/Src/RTOS/RTOS.o
                0x0800319e                task_500ms
 .text.MX_ADC1_Init
                0x080031ac       0xa4 ./Core/Src/adc.o
                0x080031ac                MX_ADC1_Init
 .text.HAL_ADC_MspInit
                0x08003250       0x88 ./Core/Src/adc.o
                0x08003250                HAL_ADC_MspInit
 .text.MX_DMA_Init
                0x080032d8       0x60 ./Core/Src/dma.o
                0x080032d8                MX_DMA_Init
 .text.vApplicationGetIdleTaskMemory
                0x08003338       0x34 ./Core/Src/freertos.o
                0x08003338                vApplicationGetIdleTaskMemory
 .text.MX_FREERTOS_Init
                0x0800336c      0x120 ./Core/Src/freertos.o
                0x0800336c                MX_FREERTOS_Init
 .text.Task5ms  0x0800348c       0x1a ./Core/Src/freertos.o
                0x0800348c                Task5ms
 .text.Task10ms
                0x080034a6       0x1a ./Core/Src/freertos.o
                0x080034a6                Task10ms
 .text.Task50ms
                0x080034c0       0x1a ./Core/Src/freertos.o
                0x080034c0                Task50ms
 .text.Task100ms
                0x080034da       0x1a ./Core/Src/freertos.o
                0x080034da                Task100ms
 .text.Task500ms
                0x080034f4       0x1c ./Core/Src/freertos.o
                0x080034f4                Task500ms
 .text.Task1ms  0x08003510       0x1a ./Core/Src/freertos.o
                0x08003510                Task1ms
 *fill*         0x0800352a        0x2 
 .text.MX_GPIO_Init
                0x0800352c      0x184 ./Core/Src/gpio.o
                0x0800352c                MX_GPIO_Init
 .text.MX_I2C1_Init
                0x080036b0       0x5c ./Core/Src/i2c.o
                0x080036b0                MX_I2C1_Init
 .text.MX_I2C2_Init
                0x0800370c       0x5c ./Core/Src/i2c.o
                0x0800370c                MX_I2C2_Init
 .text.MX_I2C3_Init
                0x08003768       0x5c ./Core/Src/i2c.o
                0x08003768                MX_I2C3_Init
 .text.HAL_I2C_MspInit
                0x080037c4      0x1c4 ./Core/Src/i2c.o
                0x080037c4                HAL_I2C_MspInit
 .text.main     0x08003988       0x60 ./Core/Src/main.o
                0x08003988                main
 .text.SystemClock_Config
                0x080039e8       0xd0 ./Core/Src/main.o
                0x080039e8                SystemClock_Config
 .text.HAL_TIM_PeriodElapsedCallback
                0x08003ab8       0x24 ./Core/Src/main.o
                0x08003ab8                HAL_TIM_PeriodElapsedCallback
 .text.Error_Handler
                0x08003adc        0xc ./Core/Src/main.o
                0x08003adc                Error_Handler
 .text.MX_SPI1_Init
                0x08003ae8       0x6c ./Core/Src/spi.o
                0x08003ae8                MX_SPI1_Init
 .text.MX_SPI2_Init
                0x08003b54       0x6c ./Core/Src/spi.o
                0x08003b54                MX_SPI2_Init
 .text.MX_SPI3_Init
                0x08003bc0       0x6c ./Core/Src/spi.o
                0x08003bc0                MX_SPI3_Init
 .text.HAL_SPI_MspInit
                0x08003c2c      0x2c4 ./Core/Src/spi.o
                0x08003c2c                HAL_SPI_MspInit
 .text.HAL_MspInit
                0x08003ef0       0x58 ./Core/Src/stm32f4xx_hal_msp.o
                0x08003ef0                HAL_MspInit
 .text.HAL_InitTick
                0x08003f48       0xe4 ./Core/Src/stm32f4xx_hal_timebase_tim.o
                0x08003f48                HAL_InitTick
 .text.NMI_Handler
                0x0800402c        0x8 ./Core/Src/stm32f4xx_it.o
                0x0800402c                NMI_Handler
 .text.HardFault_Handler
                0x08004034        0x8 ./Core/Src/stm32f4xx_it.o
                0x08004034                HardFault_Handler
 .text.MemManage_Handler
                0x0800403c        0x8 ./Core/Src/stm32f4xx_it.o
                0x0800403c                MemManage_Handler
 .text.BusFault_Handler
                0x08004044        0x8 ./Core/Src/stm32f4xx_it.o
                0x08004044                BusFault_Handler
 .text.UsageFault_Handler
                0x0800404c        0x8 ./Core/Src/stm32f4xx_it.o
                0x0800404c                UsageFault_Handler
 .text.DebugMon_Handler
                0x08004054        0xe ./Core/Src/stm32f4xx_it.o
                0x08004054                DebugMon_Handler
 *fill*         0x08004062        0x2 
 .text.DMA1_Stream0_IRQHandler
                0x08004064       0x14 ./Core/Src/stm32f4xx_it.o
                0x08004064                DMA1_Stream0_IRQHandler
 .text.DMA1_Stream3_IRQHandler
                0x08004078       0x14 ./Core/Src/stm32f4xx_it.o
                0x08004078                DMA1_Stream3_IRQHandler
 .text.DMA1_Stream5_IRQHandler
                0x0800408c       0x14 ./Core/Src/stm32f4xx_it.o
                0x0800408c                DMA1_Stream5_IRQHandler
 .text.TIM1_TRG_COM_TIM11_IRQHandler
                0x080040a0       0x14 ./Core/Src/stm32f4xx_it.o
                0x080040a0                TIM1_TRG_COM_TIM11_IRQHandler
 .text.SPI2_IRQHandler
                0x080040b4       0x14 ./Core/Src/stm32f4xx_it.o
                0x080040b4                SPI2_IRQHandler
 .text.SystemInit
                0x080040c8       0x24 ./Core/Src/system_stm32f4xx.o
                0x080040c8                SystemInit
 .text.MX_TIM2_Init
                0x080040ec       0xec ./Core/Src/tim.o
                0x080040ec                MX_TIM2_Init
 .text.HAL_TIM_Base_MspInit
                0x080041d8       0x40 ./Core/Src/tim.o
                0x080041d8                HAL_TIM_Base_MspInit
 .text.HAL_TIM_MspPostInit
                0x08004218       0x70 ./Core/Src/tim.o
                0x08004218                HAL_TIM_MspPostInit
 .text.MX_USART1_UART_Init
                0x08004288       0x54 ./Core/Src/usart.o
                0x08004288                MX_USART1_UART_Init
 .text.HAL_UART_MspInit
                0x080042dc       0x90 ./Core/Src/usart.o
                0x080042dc                HAL_UART_MspInit
 .text.Reset_Handler
                0x0800436c       0x50 ./Core/Startup/startup_stm32f411ceux.o
                0x0800436c                Reset_Handler
 .text.Default_Handler
                0x080043bc        0x2 ./Core/Startup/startup_stm32f411ceux.o
                0x080043bc                RTC_Alarm_IRQHandler
                0x080043bc                EXTI2_IRQHandler
                0x080043bc                SPI4_IRQHandler
                0x080043bc                TIM1_CC_IRQHandler
                0x080043bc                DMA2_Stream5_IRQHandler
                0x080043bc                PVD_IRQHandler
                0x080043bc                SDIO_IRQHandler
                0x080043bc                TAMP_STAMP_IRQHandler
                0x080043bc                EXTI3_IRQHandler
                0x080043bc                TIM1_UP_TIM10_IRQHandler
                0x080043bc                I2C3_ER_IRQHandler
                0x080043bc                EXTI0_IRQHandler
                0x080043bc                I2C2_EV_IRQHandler
                0x080043bc                DMA1_Stream2_IRQHandler
                0x080043bc                FPU_IRQHandler
                0x080043bc                DMA2_Stream2_IRQHandler
                0x080043bc                SPI1_IRQHandler
                0x080043bc                TIM1_BRK_TIM9_IRQHandler
                0x080043bc                DMA2_Stream3_IRQHandler
                0x080043bc                USART6_IRQHandler
                0x080043bc                DMA2_Stream0_IRQHandler
                0x080043bc                TIM4_IRQHandler
                0x080043bc                I2C1_EV_IRQHandler
                0x080043bc                DMA1_Stream6_IRQHandler
                0x080043bc                DMA1_Stream1_IRQHandler
                0x080043bc                TIM3_IRQHandler
                0x080043bc                RCC_IRQHandler
                0x080043bc                Default_Handler
                0x080043bc                EXTI15_10_IRQHandler
                0x080043bc                ADC_IRQHandler
                0x080043bc                DMA1_Stream7_IRQHandler
                0x080043bc                SPI5_IRQHandler
                0x080043bc                TIM5_IRQHandler
                0x080043bc                DMA2_Stream7_IRQHandler
                0x080043bc                I2C3_EV_IRQHandler
                0x080043bc                EXTI9_5_IRQHandler
                0x080043bc                RTC_WKUP_IRQHandler
                0x080043bc                EXTI4_IRQHandler
                0x080043bc                WWDG_IRQHandler
                0x080043bc                TIM2_IRQHandler
                0x080043bc                OTG_FS_WKUP_IRQHandler
                0x080043bc                EXTI1_IRQHandler
                0x080043bc                USART2_IRQHandler
                0x080043bc                I2C2_ER_IRQHandler
                0x080043bc                DMA2_Stream1_IRQHandler
                0x080043bc                FLASH_IRQHandler
                0x080043bc                DMA2_Stream4_IRQHandler
                0x080043bc                USART1_IRQHandler
                0x080043bc                OTG_FS_IRQHandler
                0x080043bc                SPI3_IRQHandler
                0x080043bc                DMA1_Stream4_IRQHandler
                0x080043bc                I2C1_ER_IRQHandler
                0x080043bc                DMA2_Stream6_IRQHandler
 *fill*         0x080043be        0x2 
 .text.HAL_Init
                0x080043c0       0x44 ./Drivers/STM32F4xx_HAL_Driver/Src/stm32f4xx_hal.o
                0x080043c0                HAL_Init
 .text.HAL_IncTick
                0x08004404       0x28 ./Drivers/STM32F4xx_HAL_Driver/Src/stm32f4xx_hal.o
                0x08004404                HAL_IncTick
 .text.HAL_GetTick
                0x0800442c       0x18 ./Drivers/STM32F4xx_HAL_Driver/Src/stm32f4xx_hal.o
                0x0800442c                HAL_GetTick
 .text.HAL_ADC_Init
                0x08004444       0x86 ./Drivers/STM32F4xx_HAL_Driver/Src/stm32f4xx_hal_adc.o
                0x08004444                HAL_ADC_Init
 *fill*         0x080044ca        0x2 
 .text.HAL_ADC_ConfigChannel
                0x080044cc      0x264 ./Drivers/STM32F4xx_HAL_Driver/Src/stm32f4xx_hal_adc.o
                0x080044cc                HAL_ADC_ConfigChannel
 .text.ADC_Init
                0x08004730      0x1f8 ./Drivers/STM32F4xx_HAL_Driver/Src/stm32f4xx_hal_adc.o
 .text.__NVIC_SetPriorityGrouping
                0x08004928       0x48 ./Drivers/STM32F4xx_HAL_Driver/Src/stm32f4xx_hal_cortex.o
 .text.__NVIC_GetPriorityGrouping
                0x08004970       0x1c ./Drivers/STM32F4xx_HAL_Driver/Src/stm32f4xx_hal_cortex.o
 .text.__NVIC_EnableIRQ
                0x0800498c       0x3c ./Drivers/STM32F4xx_HAL_Driver/Src/stm32f4xx_hal_cortex.o
 .text.__NVIC_SetPriority
                0x080049c8       0x54 ./Drivers/STM32F4xx_HAL_Driver/Src/stm32f4xx_hal_cortex.o
 .text.NVIC_EncodePriority
                0x08004a1c       0x66 ./Drivers/STM32F4xx_HAL_Driver/Src/stm32f4xx_hal_cortex.o
 .text.HAL_NVIC_SetPriorityGrouping
                0x08004a82       0x16 ./Drivers/STM32F4xx_HAL_Driver/Src/stm32f4xx_hal_cortex.o
                0x08004a82                HAL_NVIC_SetPriorityGrouping
 .text.HAL_NVIC_SetPriority
                0x08004a98       0x38 ./Drivers/STM32F4xx_HAL_Driver/Src/stm32f4xx_hal_cortex.o
                0x08004a98                HAL_NVIC_SetPriority
 .text.HAL_NVIC_EnableIRQ
                0x08004ad0       0x1c ./Drivers/STM32F4xx_HAL_Driver/Src/stm32f4xx_hal_cortex.o
                0x08004ad0                HAL_NVIC_EnableIRQ
 .text.HAL_DMA_Init
                0x08004aec      0x15c ./Drivers/STM32F4xx_HAL_Driver/Src/stm32f4xx_hal_dma.o
                0x08004aec                HAL_DMA_Init
 .text.HAL_DMA_Start_IT
                0x08004c48       0xb0 ./Drivers/STM32F4xx_HAL_Driver/Src/stm32f4xx_hal_dma.o
                0x08004c48                HAL_DMA_Start_IT
 .text.HAL_DMA_Abort_IT
                0x08004cf8       0x44 ./Drivers/STM32F4xx_HAL_Driver/Src/stm32f4xx_hal_dma.o
                0x08004cf8                HAL_DMA_Abort_IT
 .text.HAL_DMA_IRQHandler
                0x08004d3c      0x314 ./Drivers/STM32F4xx_HAL_Driver/Src/stm32f4xx_hal_dma.o
                0x08004d3c                HAL_DMA_IRQHandler
 .text.DMA_SetConfig
                0x08005050       0x5c ./Drivers/STM32F4xx_HAL_Driver/Src/stm32f4xx_hal_dma.o
 .text.DMA_CalcBaseAndBitshift
                0x080050ac       0x6c ./Drivers/STM32F4xx_HAL_Driver/Src/stm32f4xx_hal_dma.o
 .text.DMA_CheckFifoParam
                0x08005118       0xf8 ./Drivers/STM32F4xx_HAL_Driver/Src/stm32f4xx_hal_dma.o
 .text.HAL_GPIO_Init
                0x08005210      0x308 ./Drivers/STM32F4xx_HAL_Driver/Src/stm32f4xx_hal_gpio.o
                0x08005210                HAL_GPIO_Init
 .text.HAL_GPIO_WritePin
                0x08005518       0x32 ./Drivers/STM32F4xx_HAL_Driver/Src/stm32f4xx_hal_gpio.o
                0x08005518                HAL_GPIO_WritePin
 *fill*         0x0800554a        0x2 
 .text.HAL_I2C_Init
                0x0800554c      0x288 ./Drivers/STM32F4xx_HAL_Driver/Src/stm32f4xx_hal_i2c.o
                0x0800554c                HAL_I2C_Init
 .text.HAL_I2C_Mem_Write
                0x080057d4      0x1f4 ./Drivers/STM32F4xx_HAL_Driver/Src/stm32f4xx_hal_i2c.o
                0x080057d4                HAL_I2C_Mem_Write
 .text.HAL_I2C_Mem_Read
                0x080059c8      0x464 ./Drivers/STM32F4xx_HAL_Driver/Src/stm32f4xx_hal_i2c.o
                0x080059c8                HAL_I2C_Mem_Read
 .text.I2C_RequestMemoryWrite
                0x08005e2c      0x12c ./Drivers/STM32F4xx_HAL_Driver/Src/stm32f4xx_hal_i2c.o
 .text.I2C_RequestMemoryRead
                0x08005f58      0x1d0 ./Drivers/STM32F4xx_HAL_Driver/Src/stm32f4xx_hal_i2c.o
 .text.I2C_WaitOnFlagUntilTimeout
                0x08006128       0xf4 ./Drivers/STM32F4xx_HAL_Driver/Src/stm32f4xx_hal_i2c.o
 .text.I2C_WaitOnMasterAddressFlagUntilTimeout
                0x0800621c      0x140 ./Drivers/STM32F4xx_HAL_Driver/Src/stm32f4xx_hal_i2c.o
 .text.I2C_WaitOnTXEFlagUntilTimeout
                0x0800635c       0x90 ./Drivers/STM32F4xx_HAL_Driver/Src/stm32f4xx_hal_i2c.o
 .text.I2C_WaitOnBTFFlagUntilTimeout
                0x080063ec       0x90 ./Drivers/STM32F4xx_HAL_Driver/Src/stm32f4xx_hal_i2c.o
 .text.I2C_WaitOnRXNEFlagUntilTimeout
                0x0800647c       0xba ./Drivers/STM32F4xx_HAL_Driver/Src/stm32f4xx_hal_i2c.o
 .text.I2C_IsAcknowledgeFailed
                0x08006536       0x5e ./Drivers/STM32F4xx_HAL_Driver/Src/stm32f4xx_hal_i2c.o
 .text.HAL_RCC_OscConfig
                0x08006594      0x4f0 ./Drivers/STM32F4xx_HAL_Driver/Src/stm32f4xx_hal_rcc.o
                0x08006594                HAL_RCC_OscConfig
 .text.HAL_RCC_ClockConfig
                0x08006a84      0x1cc ./Drivers/STM32F4xx_HAL_Driver/Src/stm32f4xx_hal_rcc.o
                0x08006a84                HAL_RCC_ClockConfig
 .text.HAL_RCC_GetSysClockFreq
                0x08006c50      0x18c ./Drivers/STM32F4xx_HAL_Driver/Src/stm32f4xx_hal_rcc.o
                0x08006c50                HAL_RCC_GetSysClockFreq
 .text.HAL_RCC_GetHCLKFreq
                0x08006ddc       0x18 ./Drivers/STM32F4xx_HAL_Driver/Src/stm32f4xx_hal_rcc.o
                0x08006ddc                HAL_RCC_GetHCLKFreq
 .text.HAL_RCC_GetPCLK1Freq
                0x08006df4       0x28 ./Drivers/STM32F4xx_HAL_Driver/Src/stm32f4xx_hal_rcc.o
                0x08006df4                HAL_RCC_GetPCLK1Freq
 .text.HAL_RCC_GetPCLK2Freq
                0x08006e1c       0x28 ./Drivers/STM32F4xx_HAL_Driver/Src/stm32f4xx_hal_rcc.o
                0x08006e1c                HAL_RCC_GetPCLK2Freq
 .text.HAL_RCC_GetClockConfig
                0x08006e44       0x64 ./Drivers/STM32F4xx_HAL_Driver/Src/stm32f4xx_hal_rcc.o
                0x08006e44                HAL_RCC_GetClockConfig
 .text.HAL_SPI_Init
                0x08006ea8      0x112 ./Drivers/STM32F4xx_HAL_Driver/Src/stm32f4xx_hal_spi.o
                0x08006ea8                HAL_SPI_Init
 .text.HAL_SPI_Transmit
                0x08006fba      0x288 ./Drivers/STM32F4xx_HAL_Driver/Src/stm32f4xx_hal_spi.o
                0x08006fba                HAL_SPI_Transmit
 .text.HAL_SPI_Receive
                0x08007242      0x232 ./Drivers/STM32F4xx_HAL_Driver/Src/stm32f4xx_hal_spi.o
                0x08007242                HAL_SPI_Receive
 .text.HAL_SPI_TransmitReceive
                0x08007474      0x352 ./Drivers/STM32F4xx_HAL_Driver/Src/stm32f4xx_hal_spi.o
                0x08007474                HAL_SPI_TransmitReceive
 *fill*         0x080077c6        0x2 
 .text.HAL_SPI_Transmit_DMA
                0x080077c8      0x164 ./Drivers/STM32F4xx_HAL_Driver/Src/stm32f4xx_hal_spi.o
                0x080077c8                HAL_SPI_Transmit_DMA
 .text.HAL_SPI_Receive_DMA
                0x0800792c      0x188 ./Drivers/STM32F4xx_HAL_Driver/Src/stm32f4xx_hal_spi.o
                0x0800792c                HAL_SPI_Receive_DMA
 .text.HAL_SPI_TransmitReceive_DMA
                0x08007ab4      0x1f8 ./Drivers/STM32F4xx_HAL_Driver/Src/stm32f4xx_hal_spi.o
                0x08007ab4                HAL_SPI_TransmitReceive_DMA
 .text.HAL_SPI_IRQHandler
                0x08007cac      0x1e8 ./Drivers/STM32F4xx_HAL_Driver/Src/stm32f4xx_hal_spi.o
                0x08007cac                HAL_SPI_IRQHandler
 .text.HAL_SPI_TxCpltCallback
                0x08007e94       0x14 ./Drivers/STM32F4xx_HAL_Driver/Src/stm32f4xx_hal_spi.o
                0x08007e94                HAL_SPI_TxCpltCallback
 .text.HAL_SPI_RxCpltCallback
                0x08007ea8       0x14 ./Drivers/STM32F4xx_HAL_Driver/Src/stm32f4xx_hal_spi.o
                0x08007ea8                HAL_SPI_RxCpltCallback
 .text.HAL_SPI_TxRxCpltCallback
                0x08007ebc       0x14 ./Drivers/STM32F4xx_HAL_Driver/Src/stm32f4xx_hal_spi.o
                0x08007ebc                HAL_SPI_TxRxCpltCallback
 .text.HAL_SPI_TxHalfCpltCallback
                0x08007ed0       0x14 ./Drivers/STM32F4xx_HAL_Driver/Src/stm32f4xx_hal_spi.o
                0x08007ed0                HAL_SPI_TxHalfCpltCallback
 .text.HAL_SPI_RxHalfCpltCallback
                0x08007ee4       0x14 ./Drivers/STM32F4xx_HAL_Driver/Src/stm32f4xx_hal_spi.o
                0x08007ee4                HAL_SPI_RxHalfCpltCallback
 .text.HAL_SPI_TxRxHalfCpltCallback
                0x08007ef8       0x14 ./Drivers/STM32F4xx_HAL_Driver/Src/stm32f4xx_hal_spi.o
                0x08007ef8                HAL_SPI_TxRxHalfCpltCallback
 .text.HAL_SPI_ErrorCallback
                0x08007f0c       0x14 ./Drivers/STM32F4xx_HAL_Driver/Src/stm32f4xx_hal_spi.o
                0x08007f0c                HAL_SPI_ErrorCallback
 .text.SPI_DMATransmitCplt
                0x08007f20       0xa8 ./Drivers/STM32F4xx_HAL_Driver/Src/stm32f4xx_hal_spi.o
 .text.SPI_DMAReceiveCplt
                0x08007fc8       0xa8 ./Drivers/STM32F4xx_HAL_Driver/Src/stm32f4xx_hal_spi.o
 .text.SPI_DMATransmitReceiveCplt
                0x08008070       0x90 ./Drivers/STM32F4xx_HAL_Driver/Src/stm32f4xx_hal_spi.o
 .text.SPI_DMAHalfTransmitCplt
                0x08008100       0x1c ./Drivers/STM32F4xx_HAL_Driver/Src/stm32f4xx_hal_spi.o
 .text.SPI_DMAHalfReceiveCplt
                0x0800811c       0x1c ./Drivers/STM32F4xx_HAL_Driver/Src/stm32f4xx_hal_spi.o
 .text.SPI_DMAHalfTransmitReceiveCplt
                0x08008138       0x1c ./Drivers/STM32F4xx_HAL_Driver/Src/stm32f4xx_hal_spi.o
 .text.SPI_DMAError
                0x08008154       0x40 ./Drivers/STM32F4xx_HAL_Driver/Src/stm32f4xx_hal_spi.o
 .text.SPI_DMAAbortOnError
                0x08008194       0x28 ./Drivers/STM32F4xx_HAL_Driver/Src/stm32f4xx_hal_spi.o
 .text.SPI_WaitFlagStateUntilTimeout
                0x080081bc      0x110 ./Drivers/STM32F4xx_HAL_Driver/Src/stm32f4xx_hal_spi.o
 .text.SPI_EndRxTransaction
                0x080082cc       0xca ./Drivers/STM32F4xx_HAL_Driver/Src/stm32f4xx_hal_spi.o
 *fill*         0x08008396        0x2 
 .text.SPI_EndRxTxTransaction
                0x08008398       0xa8 ./Drivers/STM32F4xx_HAL_Driver/Src/stm32f4xx_hal_spi.o
 .text.HAL_TIM_Base_Init
                0x08008440       0x9e ./Drivers/STM32F4xx_HAL_Driver/Src/stm32f4xx_hal_tim.o
                0x08008440                HAL_TIM_Base_Init
 *fill*         0x080084de        0x2 
 .text.HAL_TIM_Base_Start_IT
                0x080084e0       0xc4 ./Drivers/STM32F4xx_HAL_Driver/Src/stm32f4xx_hal_tim.o
                0x080084e0                HAL_TIM_Base_Start_IT
 .text.HAL_TIM_PWM_Init
                0x080085a4       0x9e ./Drivers/STM32F4xx_HAL_Driver/Src/stm32f4xx_hal_tim.o
                0x080085a4                HAL_TIM_PWM_Init
 .text.HAL_TIM_PWM_MspInit
                0x08008642       0x14 ./Drivers/STM32F4xx_HAL_Driver/Src/stm32f4xx_hal_tim.o
                0x08008642                HAL_TIM_PWM_MspInit
 *fill*         0x08008656        0x2 
 .text.HAL_TIM_PWM_Start
                0x08008658      0x160 ./Drivers/STM32F4xx_HAL_Driver/Src/stm32f4xx_hal_tim.o
                0x08008658                HAL_TIM_PWM_Start
 .text.HAL_TIM_IRQHandler
                0x080087b8      0x1e0 ./Drivers/STM32F4xx_HAL_Driver/Src/stm32f4xx_hal_tim.o
                0x080087b8                HAL_TIM_IRQHandler
 .text.HAL_TIM_PWM_ConfigChannel
                0x08008998      0x184 ./Drivers/STM32F4xx_HAL_Driver/Src/stm32f4xx_hal_tim.o
                0x08008998                HAL_TIM_PWM_ConfigChannel
 .text.HAL_TIM_ConfigClockSource
                0x08008b1c      0x18e ./Drivers/STM32F4xx_HAL_Driver/Src/stm32f4xx_hal_tim.o
                0x08008b1c                HAL_TIM_ConfigClockSource
 .text.HAL_TIM_OC_DelayElapsedCallback
                0x08008caa       0x14 ./Drivers/STM32F4xx_HAL_Driver/Src/stm32f4xx_hal_tim.o
                0x08008caa                HAL_TIM_OC_DelayElapsedCallback
 .text.HAL_TIM_IC_CaptureCallback
                0x08008cbe       0x14 ./Drivers/STM32F4xx_HAL_Driver/Src/stm32f4xx_hal_tim.o
                0x08008cbe                HAL_TIM_IC_CaptureCallback
 .text.HAL_TIM_PWM_PulseFinishedCallback
                0x08008cd2       0x14 ./Drivers/STM32F4xx_HAL_Driver/Src/stm32f4xx_hal_tim.o
                0x08008cd2                HAL_TIM_PWM_PulseFinishedCallback
 .text.HAL_TIM_TriggerCallback
                0x08008ce6       0x14 ./Drivers/STM32F4xx_HAL_Driver/Src/stm32f4xx_hal_tim.o
                0x08008ce6                HAL_TIM_TriggerCallback
 *fill*         0x08008cfa        0x2 
 .text.TIM_Base_SetConfig
                0x08008cfc      0x118 ./Drivers/STM32F4xx_HAL_Driver/Src/stm32f4xx_hal_tim.o
                0x08008cfc                TIM_Base_SetConfig
 .text.TIM_OC1_SetConfig
                0x08008e14       0xcc ./Drivers/STM32F4xx_HAL_Driver/Src/stm32f4xx_hal_tim.o
 .text.TIM_OC2_SetConfig
                0x08008ee0       0xd8 ./Drivers/STM32F4xx_HAL_Driver/Src/stm32f4xx_hal_tim.o
                0x08008ee0                TIM_OC2_SetConfig
 .text.TIM_OC3_SetConfig
                0x08008fb8       0xd4 ./Drivers/STM32F4xx_HAL_Driver/Src/stm32f4xx_hal_tim.o
 .text.TIM_OC4_SetConfig
                0x0800908c       0xa0 ./Drivers/STM32F4xx_HAL_Driver/Src/stm32f4xx_hal_tim.o
 .text.TIM_TI1_ConfigInputStage
                0x0800912c       0x5e ./Drivers/STM32F4xx_HAL_Driver/Src/stm32f4xx_hal_tim.o
 .text.TIM_TI2_ConfigInputStage
                0x0800918a       0x60 ./Drivers/STM32F4xx_HAL_Driver/Src/stm32f4xx_hal_tim.o
 .text.TIM_ITRx_SetConfig
                0x080091ea       0x36 ./Drivers/STM32F4xx_HAL_Driver/Src/stm32f4xx_hal_tim.o
 .text.TIM_ETR_SetConfig
                0x08009220       0x40 ./Drivers/STM32F4xx_HAL_Driver/Src/stm32f4xx_hal_tim.o
                0x08009220                TIM_ETR_SetConfig
 .text.TIM_CCxChannelCmd
                0x08009260       0x4a ./Drivers/STM32F4xx_HAL_Driver/Src/stm32f4xx_hal_tim.o
                0x08009260                TIM_CCxChannelCmd
 *fill*         0x080092aa        0x2 
 .text.HAL_TIMEx_MasterConfigSynchronization
                0x080092ac       0xdc ./Drivers/STM32F4xx_HAL_Driver/Src/stm32f4xx_hal_tim_ex.o
                0x080092ac                HAL_TIMEx_MasterConfigSynchronization
 .text.HAL_TIMEx_CommutCallback
                0x08009388       0x14 ./Drivers/STM32F4xx_HAL_Driver/Src/stm32f4xx_hal_tim_ex.o
                0x08009388                HAL_TIMEx_CommutCallback
 .text.HAL_TIMEx_BreakCallback
                0x0800939c       0x14 ./Drivers/STM32F4xx_HAL_Driver/Src/stm32f4xx_hal_tim_ex.o
                0x0800939c                HAL_TIMEx_BreakCallback
 .text.HAL_UART_Init
                0x080093b0       0xa0 ./Drivers/STM32F4xx_HAL_Driver/Src/stm32f4xx_hal_uart.o
                0x080093b0                HAL_UART_Init
 .text.UART_SetConfig
                0x08009450      0x4e8 ./Drivers/STM32F4xx_HAL_Driver/Src/stm32f4xx_hal_uart.o
 .text.makeFreeRtosPriority
                0x08009938       0x30 ./Middlewares/Third_Party/FreeRTOS/Source/CMSIS_RTOS/cmsis_os.o
 .text.osKernelStart
                0x08009968        0xe ./Middlewares/Third_Party/FreeRTOS/Source/CMSIS_RTOS/cmsis_os.o
                0x08009968                osKernelStart
 .text.osThreadCreate
                0x08009976       0x98 ./Middlewares/Third_Party/FreeRTOS/Source/CMSIS_RTOS/cmsis_os.o
                0x08009976                osThreadCreate
 .text.osDelay  0x08009a0e       0x28 ./Middlewares/Third_Party/FreeRTOS/Source/CMSIS_RTOS/cmsis_os.o
                0x08009a0e                osDelay
 .text.vListInitialise
                0x08009a36       0x40 ./Middlewares/Third_Party/FreeRTOS/Source/list.o
                0x08009a36                vListInitialise
 .text.vListInitialiseItem
                0x08009a76       0x1a ./Middlewares/Third_Party/FreeRTOS/Source/list.o
                0x08009a76                vListInitialiseItem
 .text.vListInsertEnd
                0x08009a90       0x48 ./Middlewares/Third_Party/FreeRTOS/Source/list.o
                0x08009a90                vListInsertEnd
 .text.vListInsert
                0x08009ad8       0x72 ./Middlewares/Third_Party/FreeRTOS/Source/list.o
                0x08009ad8                vListInsert
 .text.uxListRemove
                0x08009b4a       0x54 ./Middlewares/Third_Party/FreeRTOS/Source/list.o
                0x08009b4a                uxListRemove
 .text.xTaskCreateStatic
                0x08009b9e       0xc0 ./Middlewares/Third_Party/FreeRTOS/Source/tasks.o
                0x08009b9e                xTaskCreateStatic
 .text.xTaskCreate
                0x08009c5e       0x8a ./Middlewares/Third_Party/FreeRTOS/Source/tasks.o
                0x08009c5e                xTaskCreate
 .text.prvInitialiseNewTask
                0x08009ce8      0x110 ./Middlewares/Third_Party/FreeRTOS/Source/tasks.o
 .text.prvAddNewTaskToReadyList
                0x08009df8       0xd4 ./Middlewares/Third_Party/FreeRTOS/Source/tasks.o
 .text.vTaskDelay
                0x08009ecc       0x6c ./Middlewares/Third_Party/FreeRTOS/Source/tasks.o
                0x08009ecc                vTaskDelay
 .text.vTaskStartScheduler
                0x08009f38       0xc4 ./Middlewares/Third_Party/FreeRTOS/Source/tasks.o
                0x08009f38                vTaskStartScheduler
 .text.vTaskSuspendAll
                0x08009ffc       0x1c ./Middlewares/Third_Party/FreeRTOS/Source/tasks.o
                0x08009ffc                vTaskSuspendAll
 .text.xTaskResumeAll
                0x0800a018      0x13c ./Middlewares/Third_Party/FreeRTOS/Source/tasks.o
                0x0800a018                xTaskResumeAll
 .text.xTaskIncrementTick
                0x0800a154      0x174 ./Middlewares/Third_Party/FreeRTOS/Source/tasks.o
                0x0800a154                xTaskIncrementTick
 .text.vTaskSwitchContext
                0x0800a2c8       0xb8 ./Middlewares/Third_Party/FreeRTOS/Source/tasks.o
                0x0800a2c8                vTaskSwitchContext
 .text.prvIdleTask
                0x0800a380       0x30 ./Middlewares/Third_Party/FreeRTOS/Source/tasks.o
 .text.prvInitialiseTaskLists
                0x0800a3b0       0x80 ./Middlewares/Third_Party/FreeRTOS/Source/tasks.o
 .text.prvCheckTasksWaitingTermination
                0x0800a430       0x5c ./Middlewares/Third_Party/FreeRTOS/Source/tasks.o
 .text.prvDeleteTCB
                0x0800a48c       0x60 ./Middlewares/Third_Party/FreeRTOS/Source/tasks.o
 .text.prvResetNextTaskUnblockTime
                0x0800a4ec       0x40 ./Middlewares/Third_Party/FreeRTOS/Source/tasks.o
 .text.prvAddCurrentTaskToDelayedList
                0x0800a52c       0xcc ./Middlewares/Third_Party/FreeRTOS/Source/tasks.o
 .text.pxPortInitialiseStack
                0x0800a5f8       0x68 ./Middlewares/Third_Party/FreeRTOS/Source/portable/GCC/ARM_CM4F/port.o
                0x0800a5f8                pxPortInitialiseStack
 .text.prvTaskExitError
                0x0800a660       0x5c ./Middlewares/Third_Party/FreeRTOS/Source/portable/GCC/ARM_CM4F/port.o
 *fill*         0x0800a6bc        0x4 
 .text.SVC_Handler
                0x0800a6c0       0x28 ./Middlewares/Third_Party/FreeRTOS/Source/portable/GCC/ARM_CM4F/port.o
                0x0800a6c0                SVC_Handler
 .text.prvPortStartFirstTask
                0x0800a6e8       0x28 ./Middlewares/Third_Party/FreeRTOS/Source/portable/GCC/ARM_CM4F/port.o
 .text.xPortStartScheduler
                0x0800a710      0x148 ./Middlewares/Third_Party/FreeRTOS/Source/portable/GCC/ARM_CM4F/port.o
                0x0800a710                xPortStartScheduler
 .text.vPortEnterCritical
                0x0800a858       0x64 ./Middlewares/Third_Party/FreeRTOS/Source/portable/GCC/ARM_CM4F/port.o
                0x0800a858                vPortEnterCritical
 .text.vPortExitCritical
                0x0800a8bc       0x54 ./Middlewares/Third_Party/FreeRTOS/Source/portable/GCC/ARM_CM4F/port.o
                0x0800a8bc                vPortExitCritical
 .text.PendSV_Handler
                0x0800a910       0x68 ./Middlewares/Third_Party/FreeRTOS/Source/portable/GCC/ARM_CM4F/port.o
                0x0800a910                PendSV_Handler
 .text.SysTick_Handler
                0x0800a978       0x44 ./Middlewares/Third_Party/FreeRTOS/Source/portable/GCC/ARM_CM4F/port.o
                0x0800a978                SysTick_Handler
 .text.vPortSetupTimerInterrupt
                0x0800a9bc       0x48 ./Middlewares/Third_Party/FreeRTOS/Source/portable/GCC/ARM_CM4F/port.o
                0x0800a9bc                vPortSetupTimerInterrupt
 .text.vPortEnableVFP
                0x0800aa04       0x14 ./Middlewares/Third_Party/FreeRTOS/Source/portable/GCC/ARM_CM4F/port.o
 .text.pvPortMalloc
                0x0800aa18      0x19c ./Middlewares/Third_Party/FreeRTOS/Source/portable/MemMang/heap_4.o
                0x0800aa18                pvPortMalloc
 .text.vPortFree
                0x0800abb4       0xc8 ./Middlewares/Third_Party/FreeRTOS/Source/portable/MemMang/heap_4.o
                0x0800abb4                vPortFree
 .text.prvHeapInit
                0x0800ac7c       0xc4 ./Middlewares/Third_Party/FreeRTOS/Source/portable/MemMang/heap_4.o
 .text.prvInsertBlockIntoFreeList
                0x0800ad40       0xb4 ./Middlewares/Third_Party/FreeRTOS/Source/portable/MemMang/heap_4.o
 .text.memset   0x0800adf4       0x10 C:/ST/STM32CubeIDE_1.14.0/STM32CubeIDE/plugins/com.st.stm32cube.ide.mcu.externaltools.gnu-tools-for-stm32.12.3.rel1.win32_1.0.200.202406191623/tools/bin/../lib/gcc/arm-none-eabi/12.3.1/../../../../arm-none-eabi/lib/thumb/v7e-m+fp/hard\libc_nano.a(libc_a-memset.o)
                0x0800adf4                memset
 .text.__errno  0x0800ae04        0xc C:/ST/STM32CubeIDE_1.14.0/STM32CubeIDE/plugins/com.st.stm32cube.ide.mcu.externaltools.gnu-tools-for-stm32.12.3.rel1.win32_1.0.200.202406191623/tools/bin/../lib/gcc/arm-none-eabi/12.3.1/../../../../arm-none-eabi/lib/thumb/v7e-m+fp/hard\libc_nano.a(libc_a-errno.o)
                0x0800ae04                __errno
 .text.__libc_init_array
                0x0800ae10       0x48 C:/ST/STM32CubeIDE_1.14.0/STM32CubeIDE/plugins/com.st.stm32cube.ide.mcu.externaltools.gnu-tools-for-stm32.12.3.rel1.win32_1.0.200.202406191623/tools/bin/../lib/gcc/arm-none-eabi/12.3.1/../../../../arm-none-eabi/lib/thumb/v7e-m+fp/hard\libc_nano.a(libc_a-init.o)
                0x0800ae10                __libc_init_array
 .text.atan2    0x0800ae58        0x4 C:/ST/STM32CubeIDE_1.14.0/STM32CubeIDE/plugins/com.st.stm32cube.ide.mcu.externaltools.gnu-tools-for-stm32.12.3.rel1.win32_1.0.200.202406191623/tools/bin/../lib/gcc/arm-none-eabi/12.3.1/../../../../arm-none-eabi/lib/thumb/v7e-m+fp/hard\libm.a(libm_a-w_atan2.o)
                0x0800ae58                atan2
 *fill*         0x0800ae5c        0x4 
 .text.log      0x0800ae60       0x7c C:/ST/STM32CubeIDE_1.14.0/STM32CubeIDE/plugins/com.st.stm32cube.ide.mcu.externaltools.gnu-tools-for-stm32.12.3.rel1.win32_1.0.200.202406191623/tools/bin/../lib/gcc/arm-none-eabi/12.3.1/../../../../arm-none-eabi/lib/thumb/v7e-m+fp/hard\libm.a(libm_a-w_log.o)
                0x0800ae60                log
 .text.sqrt     0x0800aedc       0x58 C:/ST/STM32CubeIDE_1.14.0/STM32CubeIDE/plugins/com.st.stm32cube.ide.mcu.externaltools.gnu-tools-for-stm32.12.3.rel1.win32_1.0.200.202406191623/tools/bin/../lib/gcc/arm-none-eabi/12.3.1/../../../../arm-none-eabi/lib/thumb/v7e-m+fp/hard\libm.a(libm_a-w_sqrt.o)
                0x0800aedc                sqrt
 *fill*         0x0800af34        0x4 
 .text.atan     0x0800af38      0x330 C:/ST/STM32CubeIDE_1.14.0/STM32CubeIDE/plugins/com.st.stm32cube.ide.mcu.externaltools.gnu-tools-for-stm32.12.3.rel1.win32_1.0.200.202406191623/tools/bin/../lib/gcc/arm-none-eabi/12.3.1/../../../../arm-none-eabi/lib/thumb/v7e-m+fp/hard\libm.a(libm_a-s_atan.o)
                0x0800af38                atan
 .text.fabs     0x0800b268       0x10 C:/ST/STM32CubeIDE_1.14.0/STM32CubeIDE/plugins/com.st.stm32cube.ide.mcu.externaltools.gnu-tools-for-stm32.12.3.rel1.win32_1.0.200.202406191623/tools/bin/../lib/gcc/arm-none-eabi/12.3.1/../../../../arm-none-eabi/lib/thumb/v7e-m+fp/hard\libm.a(libm_a-s_fabs.o)
                0x0800b268                fabs
 .text.nan      0x0800b278       0x10 C:/ST/STM32CubeIDE_1.14.0/STM32CubeIDE/plugins/com.st.stm32cube.ide.mcu.externaltools.gnu-tools-for-stm32.12.3.rel1.win32_1.0.200.202406191623/tools/bin/../lib/gcc/arm-none-eabi/12.3.1/../../../../arm-none-eabi/lib/thumb/v7e-m+fp/hard\libm.a(libm_a-s_nan.o)
                0x0800b278                nan
 .text.__ieee754_sqrt
                0x0800b288      0x1b4 C:/ST/STM32CubeIDE_1.14.0/STM32CubeIDE/plugins/com.st.stm32cube.ide.mcu.externaltools.gnu-tools-for-stm32.12.3.rel1.win32_1.0.200.202406191623/tools/bin/../lib/gcc/arm-none-eabi/12.3.1/../../../../arm-none-eabi/lib/thumb/v7e-m+fp/hard\libm.a(libm_a-e_sqrt.o)
                0x0800b288                __ieee754_sqrt
 *fill*         0x0800b43c        0x4 
 .text.__ieee754_atan2
                0x0800b440      0x18c C:/ST/STM32CubeIDE_1.14.0/STM32CubeIDE/plugins/com.st.stm32cube.ide.mcu.externaltools.gnu-tools-for-stm32.12.3.rel1.win32_1.0.200.202406191623/tools/bin/../lib/gcc/arm-none-eabi/12.3.1/../../../../arm-none-eabi/lib/thumb/v7e-m+fp/hard\libm.a(libm_a-e_atan2.o)
                0x0800b440                __ieee754_atan2
 *fill*         0x0800b5cc        0x4 
 .text.__ieee754_log
                0x0800b5d0      0x36c C:/ST/STM32CubeIDE_1.14.0/STM32CubeIDE/plugins/com.st.stm32cube.ide.mcu.externaltools.gnu-tools-for-stm32.12.3.rel1.win32_1.0.200.202406191623/tools/bin/../lib/gcc/arm-none-eabi/12.3.1/../../../../arm-none-eabi/lib/thumb/v7e-m+fp/hard\libm.a(libm_a-e_log.o)
                0x0800b5d0                __ieee754_log
 *(.glue_7)
 .glue_7        0x0800b93c        0x0 linker stubs
 *(.glue_7t)
 .glue_7t       0x0800b93c        0x0 linker stubs
 *(.eh_frame)
 .eh_frame      0x0800b93c        0x0 C:/ST/STM32CubeIDE_1.14.0/STM32CubeIDE/plugins/com.st.stm32cube.ide.mcu.externaltools.gnu-tools-for-stm32.12.3.rel1.win32_1.0.200.202406191623/tools/bin/../lib/gcc/arm-none-eabi/12.3.1/thumb/v7e-m+fp/hard/crtbegin.o
 *(.init)
 .init          0x0800b93c        0x4 C:/ST/STM32CubeIDE_1.14.0/STM32CubeIDE/plugins/com.st.stm32cube.ide.mcu.externaltools.gnu-tools-for-stm32.12.3.rel1.win32_1.0.200.202406191623/tools/bin/../lib/gcc/arm-none-eabi/12.3.1/thumb/v7e-m+fp/hard/crti.o
                0x0800b93c                _init
 .init          0x0800b940        0x8 C:/ST/STM32CubeIDE_1.14.0/STM32CubeIDE/plugins/com.st.stm32cube.ide.mcu.externaltools.gnu-tools-for-stm32.12.3.rel1.win32_1.0.200.202406191623/tools/bin/../lib/gcc/arm-none-eabi/12.3.1/thumb/v7e-m+fp/hard/crtn.o
 *(.fini)
 .fini          0x0800b948        0x4 C:/ST/STM32CubeIDE_1.14.0/STM32CubeIDE/plugins/com.st.stm32cube.ide.mcu.externaltools.gnu-tools-for-stm32.12.3.rel1.win32_1.0.200.202406191623/tools/bin/../lib/gcc/arm-none-eabi/12.3.1/thumb/v7e-m+fp/hard/crti.o
                0x0800b948                _fini
 .fini          0x0800b94c        0x8 C:/ST/STM32CubeIDE_1.14.0/STM32CubeIDE/plugins/com.st.stm32cube.ide.mcu.externaltools.gnu-tools-for-stm32.12.3.rel1.win32_1.0.200.202406191623/tools/bin/../lib/gcc/arm-none-eabi/12.3.1/thumb/v7e-m+fp/hard/crtn.o
                0x0800b954                        . = ALIGN (0x4)
                0x0800b954                        _etext = .

.vfp11_veneer   0x0800b954        0x0
 .vfp11_veneer  0x0800b954        0x0 linker stubs

.v4_bx          0x0800b954        0x0
 .v4_bx         0x0800b954        0x0 linker stubs

.iplt           0x0800b954        0x0
 .iplt          0x0800b954        0x0 C:/ST/STM32CubeIDE_1.14.0/STM32CubeIDE/plugins/com.st.stm32cube.ide.mcu.externaltools.gnu-tools-for-stm32.12.3.rel1.win32_1.0.200.202406191623/tools/bin/../lib/gcc/arm-none-eabi/12.3.1/thumb/v7e-m+fp/hard/crtbegin.o

.rodata         0x0800b958      0x190
                0x0800b958                        . = ALIGN (0x4)
 *(.rodata)
 .rodata        0x0800b958       0xf0 ./Core/Src/freertos.o
 .rodata        0x0800ba48        0x5 ./Middlewares/Third_Party/FreeRTOS/Source/tasks.o
 *(.rodata*)
 *fill*         0x0800ba4d        0x3 
 .rodata.AHBPrescTable
                0x0800ba50       0x10 ./Core/Src/system_stm32f4xx.o
                0x0800ba50                AHBPrescTable
 .rodata.APBPrescTable
                0x0800ba60        0x8 ./Core/Src/system_stm32f4xx.o
                0x0800ba60                APBPrescTable
 .rodata.flagBitshiftOffset.0
                0x0800ba68        0x8 ./Drivers/STM32F4xx_HAL_Driver/Src/stm32f4xx_hal_dma.o
 .rodata.log.str1.1
                0x0800ba70        0x1 C:/ST/STM32CubeIDE_1.14.0/STM32CubeIDE/plugins/com.st.stm32cube.ide.mcu.externaltools.gnu-tools-for-stm32.12.3.rel1.win32_1.0.200.202406191623/tools/bin/../lib/gcc/arm-none-eabi/12.3.1/../../../../arm-none-eabi/lib/thumb/v7e-m+fp/hard\libm.a(libm_a-w_log.o)
 *fill*         0x0800ba71        0x7 
 .rodata.atanlo
                0x0800ba78       0x20 C:/ST/STM32CubeIDE_1.14.0/STM32CubeIDE/plugins/com.st.stm32cube.ide.mcu.externaltools.gnu-tools-for-stm32.12.3.rel1.win32_1.0.200.202406191623/tools/bin/../lib/gcc/arm-none-eabi/12.3.1/../../../../arm-none-eabi/lib/thumb/v7e-m+fp/hard\libm.a(libm_a-s_atan.o)
 .rodata.atanhi
                0x0800ba98       0x20 C:/ST/STM32CubeIDE_1.14.0/STM32CubeIDE/plugins/com.st.stm32cube.ide.mcu.externaltools.gnu-tools-for-stm32.12.3.rel1.win32_1.0.200.202406191623/tools/bin/../lib/gcc/arm-none-eabi/12.3.1/../../../../arm-none-eabi/lib/thumb/v7e-m+fp/hard\libm.a(libm_a-s_atan.o)
 .rodata.CSWTCH.9
                0x0800bab8       0x18 C:/ST/STM32CubeIDE_1.14.0/STM32CubeIDE/plugins/com.st.stm32cube.ide.mcu.externaltools.gnu-tools-for-stm32.12.3.rel1.win32_1.0.200.202406191623/tools/bin/../lib/gcc/arm-none-eabi/12.3.1/../../../../arm-none-eabi/lib/thumb/v7e-m+fp/hard\libm.a(libm_a-e_atan2.o)
 .rodata.CSWTCH.8
                0x0800bad0       0x18 C:/ST/STM32CubeIDE_1.14.0/STM32CubeIDE/plugins/com.st.stm32cube.ide.mcu.externaltools.gnu-tools-for-stm32.12.3.rel1.win32_1.0.200.202406191623/tools/bin/../lib/gcc/arm-none-eabi/12.3.1/../../../../arm-none-eabi/lib/thumb/v7e-m+fp/hard\libm.a(libm_a-e_atan2.o)
                0x0800bae8                        . = ALIGN (0x4)

.ARM.extab      0x0800bae8        0x0
                0x0800bae8                        . = ALIGN (0x4)
 *(.ARM.extab* .gnu.linkonce.armextab.*)
                0x0800bae8                        . = ALIGN (0x4)

.ARM            0x0800bae8        0x8
                0x0800bae8                        . = ALIGN (0x4)
                0x0800bae8                        __exidx_start = .
 *(.ARM.exidx*)
 .ARM.exidx     0x0800bae8        0x8 C:/ST/STM32CubeIDE_1.14.0/STM32CubeIDE/plugins/com.st.stm32cube.ide.mcu.externaltools.gnu-tools-for-stm32.12.3.rel1.win32_1.0.200.202406191623/tools/bin/../lib/gcc/arm-none-eabi/12.3.1/thumb/v7e-m+fp/hard\libgcc.a(_udivmoddi4.o)
                0x0800baf0                        __exidx_end = .
                0x0800baf0                        . = ALIGN (0x4)

.rel.dyn        0x0800baf0        0x0
 .rel.iplt      0x0800baf0        0x0 C:/ST/STM32CubeIDE_1.14.0/STM32CubeIDE/plugins/com.st.stm32cube.ide.mcu.externaltools.gnu-tools-for-stm32.12.3.rel1.win32_1.0.200.202406191623/tools/bin/../lib/gcc/arm-none-eabi/12.3.1/thumb/v7e-m+fp/hard/crtbegin.o

.preinit_array  0x0800baf0        0x0
                0x0800baf0                        . = ALIGN (0x4)
                0x0800baf0                        PROVIDE (__preinit_array_start = .)
 *(.preinit_array*)
                0x0800baf0                        PROVIDE (__preinit_array_end = .)
                0x0800baf0                        . = ALIGN (0x4)

.init_array     0x0800baf0        0x4
                0x0800baf0                        . = ALIGN (0x4)
                0x0800baf0                        PROVIDE (__init_array_start = .)
 *(SORT_BY_NAME(.init_array.*))
 *(.init_array*)
 .init_array    0x0800baf0        0x4 C:/ST/STM32CubeIDE_1.14.0/STM32CubeIDE/plugins/com.st.stm32cube.ide.mcu.externaltools.gnu-tools-for-stm32.12.3.rel1.win32_1.0.200.202406191623/tools/bin/../lib/gcc/arm-none-eabi/12.3.1/thumb/v7e-m+fp/hard/crtbegin.o
                0x0800baf4                        PROVIDE (__init_array_end = .)
                0x0800baf4                        . = ALIGN (0x4)

.fini_array     0x0800baf4        0x4
                0x0800baf4                        . = ALIGN (0x4)
                [!provide]                        PROVIDE (__fini_array_start = .)
 *(SORT_BY_NAME(.fini_array.*))
 *(.fini_array*)
 .fini_array    0x0800baf4        0x4 C:/ST/STM32CubeIDE_1.14.0/STM32CubeIDE/plugins/com.st.stm32cube.ide.mcu.externaltools.gnu-tools-for-stm32.12.3.rel1.win32_1.0.200.202406191623/tools/bin/../lib/gcc/arm-none-eabi/12.3.1/thumb/v7e-m+fp/hard/crtbegin.o
                [!provide]                        PROVIDE (__fini_array_end = .)
                0x0800baf8                        . = ALIGN (0x4)
                0x0800baf8                        _sidata = LOADADDR (.data)

.data           0x20000000      0x108 load address 0x0800baf8
                0x20000000                        . = ALIGN (0x4)
                0x20000000                        _sdata = .
 *(.data)
 *(.data*)
 .data.KalmanX  0x20000000       0x48 ./Core/Src/Modules/INS/attitude.o
                0x20000000                KalmanX
 .data.KalmanY  0x20000048       0x48 ./Core/Src/Modules/INS/attitude.o
                0x20000048                KalmanY
 .data.test     0x20000090        0x2 ./Core/Src/RTOS/RTOS.o
                0x20000090                test
 *fill*         0x20000092        0x2 
 .data.SystemCoreClock
                0x20000094        0x4 ./Core/Src/system_stm32f4xx.o
                0x20000094                SystemCoreClock
 .data.uwTickPrio
                0x20000098        0x4 ./Drivers/STM32F4xx_HAL_Driver/Src/stm32f4xx_hal.o
                0x20000098                uwTickPrio
 .data.uwTickFreq
                0x2000009c        0x1 ./Drivers/STM32F4xx_HAL_Driver/Src/stm32f4xx_hal.o
                0x2000009c                uwTickFreq
 *fill*         0x2000009d        0x3 
 .data.uxCriticalNesting
                0x200000a0        0x4 ./Middlewares/Third_Party/FreeRTOS/Source/portable/GCC/ARM_CM4F/port.o
 .data._impure_ptr
                0x200000a4        0x4 C:/ST/STM32CubeIDE_1.14.0/STM32CubeIDE/plugins/com.st.stm32cube.ide.mcu.externaltools.gnu-tools-for-stm32.12.3.rel1.win32_1.0.200.202406191623/tools/bin/../lib/gcc/arm-none-eabi/12.3.1/../../../../arm-none-eabi/lib/thumb/v7e-m+fp/hard\libc_nano.a(libc_a-impure.o)
                0x200000a4                _impure_ptr
 .data._impure_data
                0x200000a8       0x4c C:/ST/STM32CubeIDE_1.14.0/STM32CubeIDE/plugins/com.st.stm32cube.ide.mcu.externaltools.gnu-tools-for-stm32.12.3.rel1.win32_1.0.200.202406191623/tools/bin/../lib/gcc/arm-none-eabi/12.3.1/../../../../arm-none-eabi/lib/thumb/v7e-m+fp/hard\libc_nano.a(libc_a-impure.o)
                0x200000a8                _impure_data
 *fill*         0x200000f4        0x4 
 .data.tiny     0x200000f8        0x8 C:/ST/STM32CubeIDE_1.14.0/STM32CubeIDE/plugins/com.st.stm32cube.ide.mcu.externaltools.gnu-tools-for-stm32.12.3.rel1.win32_1.0.200.202406191623/tools/bin/../lib/gcc/arm-none-eabi/12.3.1/../../../../arm-none-eabi/lib/thumb/v7e-m+fp/hard\libm.a(libm_a-e_sqrt.o)
 .data.one      0x20000100        0x8 C:/ST/STM32CubeIDE_1.14.0/STM32CubeIDE/plugins/com.st.stm32cube.ide.mcu.externaltools.gnu-tools-for-stm32.12.3.rel1.win32_1.0.200.202406191623/tools/bin/../lib/gcc/arm-none-eabi/12.3.1/../../../../arm-none-eabi/lib/thumb/v7e-m+fp/hard\libm.a(libm_a-e_sqrt.o)
 *(.RamFunc)
 *(.RamFunc*)
                0x20000108                        . = ALIGN (0x4)
                0x20000108                        _edata = .

.igot.plt       0x20000108        0x0 load address 0x0800bc00
 .igot.plt      0x20000108        0x0 C:/ST/STM32CubeIDE_1.14.0/STM32CubeIDE/plugins/com.st.stm32cube.ide.mcu.externaltools.gnu-tools-for-stm32.12.3.rel1.win32_1.0.200.202406191623/tools/bin/../lib/gcc/arm-none-eabi/12.3.1/thumb/v7e-m+fp/hard/crtbegin.o
                0x20000108                        . = ALIGN (0x4)

.bss            0x20000108     0x4878 load address 0x0800bc00
                0x20000108                        _sbss = .
                0x20000108                        __bss_start__ = _sbss
 *(.bss)
 .bss           0x20000108       0x1c C:/ST/STM32CubeIDE_1.14.0/STM32CubeIDE/plugins/com.st.stm32cube.ide.mcu.externaltools.gnu-tools-for-stm32.12.3.rel1.win32_1.0.200.202406191623/tools/bin/../lib/gcc/arm-none-eabi/12.3.1/thumb/v7e-m+fp/hard/crtbegin.o
 *(.bss*)
 .bss.BMP280    0x20000124       0x14 ./Core/Src/Libraries/BMP280.o
                0x20000124                BMP280
 .bss.dig_T1    0x20000138        0x2 ./Core/Src/Libraries/BMP280.o
                0x20000138                dig_T1
 .bss.dig_P1    0x2000013a        0x2 ./Core/Src/Libraries/BMP280.o
                0x2000013a                dig_P1
 .bss.dig_T2    0x2000013c        0x2 ./Core/Src/Libraries/BMP280.o
                0x2000013c                dig_T2
 .bss.dig_T3    0x2000013e        0x2 ./Core/Src/Libraries/BMP280.o
                0x2000013e                dig_T3
 .bss.dig_P2    0x20000140        0x2 ./Core/Src/Libraries/BMP280.o
                0x20000140                dig_P2
 .bss.dig_P3    0x20000142        0x2 ./Core/Src/Libraries/BMP280.o
                0x20000142                dig_P3
 .bss.dig_P4    0x20000144        0x2 ./Core/Src/Libraries/BMP280.o
                0x20000144                dig_P4
 .bss.dig_P5    0x20000146        0x2 ./Core/Src/Libraries/BMP280.o
                0x20000146                dig_P5
 .bss.dig_P6    0x20000148        0x2 ./Core/Src/Libraries/BMP280.o
                0x20000148                dig_P6
 .bss.dig_P7    0x2000014a        0x2 ./Core/Src/Libraries/BMP280.o
                0x2000014a                dig_P7
 .bss.dig_P8    0x2000014c        0x2 ./Core/Src/Libraries/BMP280.o
                0x2000014c                dig_P8
 .bss.dig_P9    0x2000014e        0x2 ./Core/Src/Libraries/BMP280.o
                0x2000014e                dig_P9
 .bss.T_raw     0x20000150        0x4 ./Core/Src/Libraries/BMP280.o
                0x20000150                T_raw
 .bss.P_raw     0x20000154        0x4 ./Core/Src/Libraries/BMP280.o
                0x20000154                P_raw
 .bss.t_fine    0x20000158        0x4 ./Core/Src/Libraries/BMP280.o
                0x20000158                t_fine
 *fill*         0x2000015c        0x4 
 .bss.MPU6050   0x20000160      0x220 ./Core/Src/Libraries/MPU6050.o
                0x20000160                MPU6050
 .bss.eCont1.1  0x20000380        0x1 ./Core/Src/Libraries/MPU6050.o
 .bss.eCont2.0  0x20000381        0x1 ./Core/Src/Libraries/MPU6050.o
 *fill*         0x20000382        0x2 
 .bss.NRF24_Configurations_Struct
                0x20000384       0x98 ./Core/Src/Libraries/NRF24.o
                0x20000384                NRF24_Configurations_Struct
 .bss.NRF24_mode
                0x2000041c        0x1 ./Core/Src/Libraries/NRF24.o
                0x2000041c                NRF24_mode
 *fill*         0x2000041d        0x3 
 .bss.timer     0x20000420        0x4 ./Core/Src/Modules/INS/attitude.o
                0x20000420                timer
 .bss.MEMORY    0x20000424       0x18 ./Core/Src/Modules/Status/memory.o
                0x20000424                MEMORY
 .bss.SYSTEM_STATUS
                0x2000043c        0x1 ./Core/Src/Modules/Status/status.o
                0x2000043c                SYSTEM_STATUS
 *fill*         0x2000043d        0x3 
 .bss.hadc1     0x20000440       0x48 ./Core/Src/adc.o
                0x20000440                hadc1
 .bss.Task_5msHandle
                0x20000488        0x4 ./Core/Src/freertos.o
                0x20000488                Task_5msHandle
 .bss.Task_10msHandle
                0x2000048c        0x4 ./Core/Src/freertos.o
                0x2000048c                Task_10msHandle
 .bss.Task_50msHandle
                0x20000490        0x4 ./Core/Src/freertos.o
                0x20000490                Task_50msHandle
 .bss.Task_100msHandle
                0x20000494        0x4 ./Core/Src/freertos.o
                0x20000494                Task_100msHandle
 .bss.Task_500msHandle
                0x20000498        0x4 ./Core/Src/freertos.o
                0x20000498                Task_500msHandle
 .bss.Task_1msHandle
                0x2000049c        0x4 ./Core/Src/freertos.o
                0x2000049c                Task_1msHandle
 .bss.xIdleTaskTCBBuffer
                0x200004a0       0x54 ./Core/Src/freertos.o
 .bss.xIdleStack
                0x200004f4      0x200 ./Core/Src/freertos.o
 .bss.hi2c1     0x200006f4       0x54 ./Core/Src/i2c.o
                0x200006f4                hi2c1
 .bss.hi2c2     0x20000748       0x54 ./Core/Src/i2c.o
                0x20000748                hi2c2
 .bss.hi2c3     0x2000079c       0x54 ./Core/Src/i2c.o
                0x2000079c                hi2c3
 .bss.hspi1     0x200007f0       0x58 ./Core/Src/spi.o
                0x200007f0                hspi1
 .bss.hspi2     0x20000848       0x58 ./Core/Src/spi.o
                0x20000848                hspi2
 .bss.hspi3     0x200008a0       0x58 ./Core/Src/spi.o
                0x200008a0                hspi3
 .bss.hdma_spi2_rx
                0x200008f8       0x60 ./Core/Src/spi.o
                0x200008f8                hdma_spi2_rx
 .bss.hdma_spi3_rx
                0x20000958       0x60 ./Core/Src/spi.o
                0x20000958                hdma_spi3_rx
 .bss.hdma_spi3_tx
                0x200009b8       0x60 ./Core/Src/spi.o
                0x200009b8                hdma_spi3_tx
 .bss.htim11    0x20000a18       0x48 ./Core/Src/stm32f4xx_hal_timebase_tim.o
                0x20000a18                htim11
 .bss.htim2     0x20000a60       0x48 ./Core/Src/tim.o
                0x20000a60                htim2
 .bss.huart1    0x20000aa8       0x48 ./Core/Src/usart.o
                0x20000aa8                huart1
 .bss.uwTick    0x20000af0        0x4 ./Drivers/STM32F4xx_HAL_Driver/Src/stm32f4xx_hal.o
                0x20000af0                uwTick
 .bss.pxCurrentTCB
                0x20000af4        0x4 ./Middlewares/Third_Party/FreeRTOS/Source/tasks.o
                0x20000af4                pxCurrentTCB
 .bss.pxReadyTasksLists
                0x20000af8       0x8c ./Middlewares/Third_Party/FreeRTOS/Source/tasks.o
 .bss.xDelayedTaskList1
                0x20000b84       0x14 ./Middlewares/Third_Party/FreeRTOS/Source/tasks.o
 .bss.xDelayedTaskList2
                0x20000b98       0x14 ./Middlewares/Third_Party/FreeRTOS/Source/tasks.o
 .bss.pxDelayedTaskList
                0x20000bac        0x4 ./Middlewares/Third_Party/FreeRTOS/Source/tasks.o
 .bss.pxOverflowDelayedTaskList
                0x20000bb0        0x4 ./Middlewares/Third_Party/FreeRTOS/Source/tasks.o
 .bss.xPendingReadyList
                0x20000bb4       0x14 ./Middlewares/Third_Party/FreeRTOS/Source/tasks.o
 .bss.xTasksWaitingTermination
                0x20000bc8       0x14 ./Middlewares/Third_Party/FreeRTOS/Source/tasks.o
 .bss.uxDeletedTasksWaitingCleanUp
                0x20000bdc        0x4 ./Middlewares/Third_Party/FreeRTOS/Source/tasks.o
 .bss.xSuspendedTaskList
                0x20000be0       0x14 ./Middlewares/Third_Party/FreeRTOS/Source/tasks.o
 .bss.uxCurrentNumberOfTasks
                0x20000bf4        0x4 ./Middlewares/Third_Party/FreeRTOS/Source/tasks.o
 .bss.xTickCount
                0x20000bf8        0x4 ./Middlewares/Third_Party/FreeRTOS/Source/tasks.o
 .bss.uxTopReadyPriority
                0x20000bfc        0x4 ./Middlewares/Third_Party/FreeRTOS/Source/tasks.o
 .bss.xSchedulerRunning
                0x20000c00        0x4 ./Middlewares/Third_Party/FreeRTOS/Source/tasks.o
 .bss.xPendedTicks
                0x20000c04        0x4 ./Middlewares/Third_Party/FreeRTOS/Source/tasks.o
 .bss.xYieldPending
                0x20000c08        0x4 ./Middlewares/Third_Party/FreeRTOS/Source/tasks.o
 .bss.xNumOfOverflows
                0x20000c0c        0x4 ./Middlewares/Third_Party/FreeRTOS/Source/tasks.o
 .bss.uxTaskNumber
                0x20000c10        0x4 ./Middlewares/Third_Party/FreeRTOS/Source/tasks.o
 .bss.xNextTaskUnblockTime
                0x20000c14        0x4 ./Middlewares/Third_Party/FreeRTOS/Source/tasks.o
 .bss.xIdleTaskHandle
                0x20000c18        0x4 ./Middlewares/Third_Party/FreeRTOS/Source/tasks.o
 .bss.uxSchedulerSuspended
                0x20000c1c        0x4 ./Middlewares/Third_Party/FreeRTOS/Source/tasks.o
 .bss.ucMaxSysCallPriority
                0x20000c20        0x1 ./Middlewares/Third_Party/FreeRTOS/Source/portable/GCC/ARM_CM4F/port.o
 *fill*         0x20000c21        0x3 
 .bss.ulMaxPRIGROUPValue
                0x20000c24        0x4 ./Middlewares/Third_Party/FreeRTOS/Source/portable/GCC/ARM_CM4F/port.o
 .bss.ucHeap    0x20000c28     0x3c00 ./Middlewares/Third_Party/FreeRTOS/Source/portable/MemMang/heap_4.o
 .bss.xStart    0x20004828        0x8 ./Middlewares/Third_Party/FreeRTOS/Source/portable/MemMang/heap_4.o
 .bss.pxEnd     0x20004830        0x4 ./Middlewares/Third_Party/FreeRTOS/Source/portable/MemMang/heap_4.o
 .bss.xFreeBytesRemaining
                0x20004834        0x4 ./Middlewares/Third_Party/FreeRTOS/Source/portable/MemMang/heap_4.o
 .bss.xMinimumEverFreeBytesRemaining
                0x20004838        0x4 ./Middlewares/Third_Party/FreeRTOS/Source/portable/MemMang/heap_4.o
 .bss.xNumberOfSuccessfulAllocations
                0x2000483c        0x4 ./Middlewares/Third_Party/FreeRTOS/Source/portable/MemMang/heap_4.o
 .bss.xNumberOfSuccessfulFrees
                0x20004840        0x4 ./Middlewares/Third_Party/FreeRTOS/Source/portable/MemMang/heap_4.o
 .bss.xBlockAllocatedBit
                0x20004844        0x4 ./Middlewares/Third_Party/FreeRTOS/Source/portable/MemMang/heap_4.o
 .bss.__sf      0x20004848      0x138 C:/ST/STM32CubeIDE_1.14.0/STM32CubeIDE/plugins/com.st.stm32cube.ide.mcu.externaltools.gnu-tools-for-stm32.12.3.rel1.win32_1.0.200.202406191623/tools/bin/../lib/gcc/arm-none-eabi/12.3.1/../../../../arm-none-eabi/lib/thumb/v7e-m+fp/hard\libc_nano.a(libc_a-findfp.o)
                0x20004848                __sf
 *(COMMON)
                0x20004980                        . = ALIGN (0x4)
                0x20004980                        _ebss = .
                0x20004980                        __bss_end__ = _ebss

._user_heap_stack
                0x20004980      0x600 load address 0x0800bc00
                0x20004980                        . = ALIGN (0x8)
                [!provide]                        PROVIDE (end = .)
                0x20004980                        PROVIDE (_end = .)
                0x20004b80                        . = (. + _Min_Heap_Size)
 *fill*         0x20004980      0x200 
                0x20004f80                        . = (. + _Min_Stack_Size)
 *fill*         0x20004b80      0x400 
                0x20004f80                        . = ALIGN (0x8)

/DISCARD/
 libc.a(*)
 libm.a(*)
 libgcc.a(*)

.ARM.attributes
                0x00000000       0x30
 *(.ARM.attributes)
 .ARM.attributes
                0x00000000       0x22 C:/ST/STM32CubeIDE_1.14.0/STM32CubeIDE/plugins/com.st.stm32cube.ide.mcu.externaltools.gnu-tools-for-stm32.12.3.rel1.win32_1.0.200.202406191623/tools/bin/../lib/gcc/arm-none-eabi/12.3.1/thumb/v7e-m+fp/hard/crti.o
 .ARM.attributes
                0x00000022       0x34 C:/ST/STM32CubeIDE_1.14.0/STM32CubeIDE/plugins/com.st.stm32cube.ide.mcu.externaltools.gnu-tools-for-stm32.12.3.rel1.win32_1.0.200.202406191623/tools/bin/../lib/gcc/arm-none-eabi/12.3.1/thumb/v7e-m+fp/hard/crtbegin.o
 .ARM.attributes
                0x00000056       0x34 ./Core/Src/Libraries/BMP280.o
 .ARM.attributes
                0x0000008a       0x34 ./Core/Src/Libraries/Flash.o
 .ARM.attributes
                0x000000be       0x34 ./Core/Src/Libraries/MPU6050.o
 .ARM.attributes
                0x000000f2       0x34 ./Core/Src/Libraries/NRF24.o
 .ARM.attributes
                0x00000126       0x34 ./Core/Src/Modules/INS/attitude.o
 .ARM.attributes
                0x0000015a       0x34 ./Core/Src/Modules/Status/memory.o
 .ARM.attributes
                0x0000018e       0x34 ./Core/Src/Modules/Status/status.o
 .ARM.attributes
                0x000001c2       0x34 ./Core/Src/Modules/Telemetry/payload.o
 .ARM.attributes
                0x000001f6       0x34 ./Core/Src/RTOS/RTOS.o
 .ARM.attributes
                0x0000022a       0x34 ./Core/Src/adc.o
 .ARM.attributes
                0x0000025e       0x34 ./Core/Src/dma.o
 .ARM.attributes
                0x00000292       0x34 ./Core/Src/freertos.o
 .ARM.attributes
                0x000002c6       0x34 ./Core/Src/gpio.o
 .ARM.attributes
                0x000002fa       0x34 ./Core/Src/i2c.o
 .ARM.attributes
                0x0000032e       0x34 ./Core/Src/main.o
 .ARM.attributes
                0x00000362       0x34 ./Core/Src/spi.o
 .ARM.attributes
                0x00000396       0x34 ./Core/Src/stm32f4xx_hal_msp.o
 .ARM.attributes
                0x000003ca       0x34 ./Core/Src/stm32f4xx_hal_timebase_tim.o
 .ARM.attributes
                0x000003fe       0x34 ./Core/Src/stm32f4xx_it.o
 .ARM.attributes
                0x00000432       0x34 ./Core/Src/system_stm32f4xx.o
 .ARM.attributes
                0x00000466       0x34 ./Core/Src/tim.o
 .ARM.attributes
                0x0000049a       0x34 ./Core/Src/usart.o
 .ARM.attributes
                0x000004ce       0x21 ./Core/Startup/startup_stm32f411ceux.o
 .ARM.attributes
                0x000004ef       0x34 ./Drivers/STM32F4xx_HAL_Driver/Src/stm32f4xx_hal.o
 .ARM.attributes
                0x00000523       0x34 ./Drivers/STM32F4xx_HAL_Driver/Src/stm32f4xx_hal_adc.o
 .ARM.attributes
                0x00000557       0x34 ./Drivers/STM32F4xx_HAL_Driver/Src/stm32f4xx_hal_cortex.o
 .ARM.attributes
                0x0000058b       0x34 ./Drivers/STM32F4xx_HAL_Driver/Src/stm32f4xx_hal_dma.o
 .ARM.attributes
                0x000005bf       0x34 ./Drivers/STM32F4xx_HAL_Driver/Src/stm32f4xx_hal_gpio.o
 .ARM.attributes
                0x000005f3       0x34 ./Drivers/STM32F4xx_HAL_Driver/Src/stm32f4xx_hal_i2c.o
 .ARM.attributes
                0x00000627       0x34 ./Drivers/STM32F4xx_HAL_Driver/Src/stm32f4xx_hal_rcc.o
 .ARM.attributes
                0x0000065b       0x34 ./Drivers/STM32F4xx_HAL_Driver/Src/stm32f4xx_hal_spi.o
 .ARM.attributes
                0x0000068f       0x34 ./Drivers/STM32F4xx_HAL_Driver/Src/stm32f4xx_hal_tim.o
 .ARM.attributes
                0x000006c3       0x34 ./Drivers/STM32F4xx_HAL_Driver/Src/stm32f4xx_hal_tim_ex.o
 .ARM.attributes
                0x000006f7       0x34 ./Drivers/STM32F4xx_HAL_Driver/Src/stm32f4xx_hal_uart.o
 .ARM.attributes
                0x0000072b       0x34 ./Middlewares/Third_Party/FreeRTOS/Source/CMSIS_RTOS/cmsis_os.o
 .ARM.attributes
                0x0000075f       0x34 ./Middlewares/Third_Party/FreeRTOS/Source/list.o
 .ARM.attributes
                0x00000793       0x34 ./Middlewares/Third_Party/FreeRTOS/Source/tasks.o
 .ARM.attributes
                0x000007c7       0x34 ./Middlewares/Third_Party/FreeRTOS/Source/portable/GCC/ARM_CM4F/port.o
 .ARM.attributes
                0x000007fb       0x34 ./Middlewares/Third_Party/FreeRTOS/Source/portable/MemMang/heap_4.o
 .ARM.attributes
                0x0000082f       0x34 C:/ST/STM32CubeIDE_1.14.0/STM32CubeIDE/plugins/com.st.stm32cube.ide.mcu.externaltools.gnu-tools-for-stm32.12.3.rel1.win32_1.0.200.202406191623/tools/bin/../lib/gcc/arm-none-eabi/12.3.1/../../../../arm-none-eabi/lib/thumb/v7e-m+fp/hard\libc_nano.a(libc_a-findfp.o)
 .ARM.attributes
                0x00000863       0x34 C:/ST/STM32CubeIDE_1.14.0/STM32CubeIDE/plugins/com.st.stm32cube.ide.mcu.externaltools.gnu-tools-for-stm32.12.3.rel1.win32_1.0.200.202406191623/tools/bin/../lib/gcc/arm-none-eabi/12.3.1/../../../../arm-none-eabi/lib/thumb/v7e-m+fp/hard\libc_nano.a(libc_a-memset.o)
 .ARM.attributes
                0x00000897       0x34 C:/ST/STM32CubeIDE_1.14.0/STM32CubeIDE/plugins/com.st.stm32cube.ide.mcu.externaltools.gnu-tools-for-stm32.12.3.rel1.win32_1.0.200.202406191623/tools/bin/../lib/gcc/arm-none-eabi/12.3.1/../../../../arm-none-eabi/lib/thumb/v7e-m+fp/hard\libc_nano.a(libc_a-impure.o)
 .ARM.attributes
                0x000008cb       0x34 C:/ST/STM32CubeIDE_1.14.0/STM32CubeIDE/plugins/com.st.stm32cube.ide.mcu.externaltools.gnu-tools-for-stm32.12.3.rel1.win32_1.0.200.202406191623/tools/bin/../lib/gcc/arm-none-eabi/12.3.1/../../../../arm-none-eabi/lib/thumb/v7e-m+fp/hard\libc_nano.a(libc_a-errno.o)
 .ARM.attributes
                0x000008ff       0x34 C:/ST/STM32CubeIDE_1.14.0/STM32CubeIDE/plugins/com.st.stm32cube.ide.mcu.externaltools.gnu-tools-for-stm32.12.3.rel1.win32_1.0.200.202406191623/tools/bin/../lib/gcc/arm-none-eabi/12.3.1/../../../../arm-none-eabi/lib/thumb/v7e-m+fp/hard\libc_nano.a(libc_a-init.o)
 .ARM.attributes
                0x00000933       0x34 C:/ST/STM32CubeIDE_1.14.0/STM32CubeIDE/plugins/com.st.stm32cube.ide.mcu.externaltools.gnu-tools-for-stm32.12.3.rel1.win32_1.0.200.202406191623/tools/bin/../lib/gcc/arm-none-eabi/12.3.1/../../../../arm-none-eabi/lib/thumb/v7e-m+fp/hard\libm.a(libm_a-w_atan2.o)
 .ARM.attributes
                0x00000967       0x34 C:/ST/STM32CubeIDE_1.14.0/STM32CubeIDE/plugins/com.st.stm32cube.ide.mcu.externaltools.gnu-tools-for-stm32.12.3.rel1.win32_1.0.200.202406191623/tools/bin/../lib/gcc/arm-none-eabi/12.3.1/../../../../arm-none-eabi/lib/thumb/v7e-m+fp/hard\libm.a(libm_a-w_log.o)
 .ARM.attributes
                0x0000099b       0x34 C:/ST/STM32CubeIDE_1.14.0/STM32CubeIDE/plugins/com.st.stm32cube.ide.mcu.externaltools.gnu-tools-for-stm32.12.3.rel1.win32_1.0.200.202406191623/tools/bin/../lib/gcc/arm-none-eabi/12.3.1/../../../../arm-none-eabi/lib/thumb/v7e-m+fp/hard\libm.a(libm_a-w_sqrt.o)
 .ARM.attributes
                0x000009cf       0x34 C:/ST/STM32CubeIDE_1.14.0/STM32CubeIDE/plugins/com.st.stm32cube.ide.mcu.externaltools.gnu-tools-for-stm32.12.3.rel1.win32_1.0.200.202406191623/tools/bin/../lib/gcc/arm-none-eabi/12.3.1/../../../../arm-none-eabi/lib/thumb/v7e-m+fp/hard\libm.a(libm_a-s_atan.o)
 .ARM.attributes
                0x00000a03       0x34 C:/ST/STM32CubeIDE_1.14.0/STM32CubeIDE/plugins/com.st.stm32cube.ide.mcu.externaltools.gnu-tools-for-stm32.12.3.rel1.win32_1.0.200.202406191623/tools/bin/../lib/gcc/arm-none-eabi/12.3.1/../../../../arm-none-eabi/lib/thumb/v7e-m+fp/hard\libm.a(libm_a-s_fabs.o)
 .ARM.attributes
                0x00000a37       0x34 C:/ST/STM32CubeIDE_1.14.0/STM32CubeIDE/plugins/com.st.stm32cube.ide.mcu.externaltools.gnu-tools-for-stm32.12.3.rel1.win32_1.0.200.202406191623/tools/bin/../lib/gcc/arm-none-eabi/12.3.1/../../../../arm-none-eabi/lib/thumb/v7e-m+fp/hard\libm.a(libm_a-s_nan.o)
 .ARM.attributes
                0x00000a6b       0x34 C:/ST/STM32CubeIDE_1.14.0/STM32CubeIDE/plugins/com.st.stm32cube.ide.mcu.externaltools.gnu-tools-for-stm32.12.3.rel1.win32_1.0.200.202406191623/tools/bin/../lib/gcc/arm-none-eabi/12.3.1/../../../../arm-none-eabi/lib/thumb/v7e-m+fp/hard\libm.a(libm_a-e_sqrt.o)
 .ARM.attributes
                0x00000a9f       0x34 C:/ST/STM32CubeIDE_1.14.0/STM32CubeIDE/plugins/com.st.stm32cube.ide.mcu.externaltools.gnu-tools-for-stm32.12.3.rel1.win32_1.0.200.202406191623/tools/bin/../lib/gcc/arm-none-eabi/12.3.1/../../../../arm-none-eabi/lib/thumb/v7e-m+fp/hard\libm.a(libm_a-e_atan2.o)
 .ARM.attributes
                0x00000ad3       0x34 C:/ST/STM32CubeIDE_1.14.0/STM32CubeIDE/plugins/com.st.stm32cube.ide.mcu.externaltools.gnu-tools-for-stm32.12.3.rel1.win32_1.0.200.202406191623/tools/bin/../lib/gcc/arm-none-eabi/12.3.1/../../../../arm-none-eabi/lib/thumb/v7e-m+fp/hard\libm.a(libm_a-e_log.o)
 .ARM.attributes
                0x00000b07       0x22 C:/ST/STM32CubeIDE_1.14.0/STM32CubeIDE/plugins/com.st.stm32cube.ide.mcu.externaltools.gnu-tools-for-stm32.12.3.rel1.win32_1.0.200.202406191623/tools/bin/../lib/gcc/arm-none-eabi/12.3.1/thumb/v7e-m+fp/hard\libgcc.a(_arm_addsubdf3.o)
 .ARM.attributes
                0x00000b29       0x22 C:/ST/STM32CubeIDE_1.14.0/STM32CubeIDE/plugins/com.st.stm32cube.ide.mcu.externaltools.gnu-tools-for-stm32.12.3.rel1.win32_1.0.200.202406191623/tools/bin/../lib/gcc/arm-none-eabi/12.3.1/thumb/v7e-m+fp/hard\libgcc.a(_arm_muldivdf3.o)
 .ARM.attributes
                0x00000b4b       0x22 C:/ST/STM32CubeIDE_1.14.0/STM32CubeIDE/plugins/com.st.stm32cube.ide.mcu.externaltools.gnu-tools-for-stm32.12.3.rel1.win32_1.0.200.202406191623/tools/bin/../lib/gcc/arm-none-eabi/12.3.1/thumb/v7e-m+fp/hard\libgcc.a(_arm_cmpdf2.o)
 .ARM.attributes
                0x00000b6d       0x22 C:/ST/STM32CubeIDE_1.14.0/STM32CubeIDE/plugins/com.st.stm32cube.ide.mcu.externaltools.gnu-tools-for-stm32.12.3.rel1.win32_1.0.200.202406191623/tools/bin/../lib/gcc/arm-none-eabi/12.3.1/thumb/v7e-m+fp/hard\libgcc.a(_arm_unorddf2.o)
 .ARM.attributes
                0x00000b8f       0x22 C:/ST/STM32CubeIDE_1.14.0/STM32CubeIDE/plugins/com.st.stm32cube.ide.mcu.externaltools.gnu-tools-for-stm32.12.3.rel1.win32_1.0.200.202406191623/tools/bin/../lib/gcc/arm-none-eabi/12.3.1/thumb/v7e-m+fp/hard\libgcc.a(_arm_fixdfsi.o)
 .ARM.attributes
                0x00000bb1       0x22 C:/ST/STM32CubeIDE_1.14.0/STM32CubeIDE/plugins/com.st.stm32cube.ide.mcu.externaltools.gnu-tools-for-stm32.12.3.rel1.win32_1.0.200.202406191623/tools/bin/../lib/gcc/arm-none-eabi/12.3.1/thumb/v7e-m+fp/hard\libgcc.a(_arm_fixunsdfsi.o)
 .ARM.attributes
                0x00000bd3       0x22 C:/ST/STM32CubeIDE_1.14.0/STM32CubeIDE/plugins/com.st.stm32cube.ide.mcu.externaltools.gnu-tools-for-stm32.12.3.rel1.win32_1.0.200.202406191623/tools/bin/../lib/gcc/arm-none-eabi/12.3.1/thumb/v7e-m+fp/hard\libgcc.a(_aeabi_ldivmod.o)
 .ARM.attributes
                0x00000bf5       0x22 C:/ST/STM32CubeIDE_1.14.0/STM32CubeIDE/plugins/com.st.stm32cube.ide.mcu.externaltools.gnu-tools-for-stm32.12.3.rel1.win32_1.0.200.202406191623/tools/bin/../lib/gcc/arm-none-eabi/12.3.1/thumb/v7e-m+fp/hard\libgcc.a(_aeabi_uldivmod.o)
 .ARM.attributes
                0x00000c17       0x34 C:/ST/STM32CubeIDE_1.14.0/STM32CubeIDE/plugins/com.st.stm32cube.ide.mcu.externaltools.gnu-tools-for-stm32.12.3.rel1.win32_1.0.200.202406191623/tools/bin/../lib/gcc/arm-none-eabi/12.3.1/thumb/v7e-m+fp/hard\libgcc.a(_udivmoddi4.o)
 .ARM.attributes
                0x00000c4b       0x22 C:/ST/STM32CubeIDE_1.14.0/STM32CubeIDE/plugins/com.st.stm32cube.ide.mcu.externaltools.gnu-tools-for-stm32.12.3.rel1.win32_1.0.200.202406191623/tools/bin/../lib/gcc/arm-none-eabi/12.3.1/thumb/v7e-m+fp/hard\libgcc.a(_dvmd_tls.o)
 .ARM.attributes
                0x00000c6d       0x22 C:/ST/STM32CubeIDE_1.14.0/STM32CubeIDE/plugins/com.st.stm32cube.ide.mcu.externaltools.gnu-tools-for-stm32.12.3.rel1.win32_1.0.200.202406191623/tools/bin/../lib/gcc/arm-none-eabi/12.3.1/thumb/v7e-m+fp/hard/crtn.o
OUTPUT(RFC_V1.elf elf32-littlearm)
LOAD linker stubs
LOAD C:/ST/STM32CubeIDE_1.14.0/STM32CubeIDE/plugins/com.st.stm32cube.ide.mcu.externaltools.gnu-tools-for-stm32.12.3.rel1.win32_1.0.200.202406191623/tools/bin/../lib/gcc/arm-none-eabi/12.3.1/../../../../arm-none-eabi/lib/thumb/v7e-m+fp/hard\libc.a
LOAD C:/ST/STM32CubeIDE_1.14.0/STM32CubeIDE/plugins/com.st.stm32cube.ide.mcu.externaltools.gnu-tools-for-stm32.12.3.rel1.win32_1.0.200.202406191623/tools/bin/../lib/gcc/arm-none-eabi/12.3.1/../../../../arm-none-eabi/lib/thumb/v7e-m+fp/hard\libm.a
LOAD C:/ST/STM32CubeIDE_1.14.0/STM32CubeIDE/plugins/com.st.stm32cube.ide.mcu.externaltools.gnu-tools-for-stm32.12.3.rel1.win32_1.0.200.202406191623/tools/bin/../lib/gcc/arm-none-eabi/12.3.1/thumb/v7e-m+fp/hard\libgcc.a

.debug_info     0x00000000    0x1da91
 .debug_info    0x00000000      0xb5f ./Core/Src/Libraries/BMP280.o
 .debug_info    0x00000b5f      0x2c0 ./Core/Src/Libraries/Flash.o
 .debug_info    0x00000e1f      0xbeb ./Core/Src/Libraries/MPU6050.o
 .debug_info    0x00001a0a      0xe96 ./Core/Src/Libraries/NRF24.o
 .debug_info    0x000028a0      0xab4 ./Core/Src/Modules/INS/attitude.o
 .debug_info    0x00003354      0x243 ./Core/Src/Modules/Status/memory.o
 .debug_info    0x00003597      0x104 ./Core/Src/Modules/Status/status.o
 .debug_info    0x0000369b      0x2d1 ./Core/Src/Modules/Telemetry/payload.o
 .debug_info    0x0000396c      0x9f4 ./Core/Src/RTOS/RTOS.o
 .debug_info    0x00004360      0x9cd ./Core/Src/adc.o
 .debug_info    0x00004d2d      0x44c ./Core/Src/dma.o
 .debug_info    0x00005179      0x68c ./Core/Src/freertos.o
 .debug_info    0x00005805      0x43a ./Core/Src/gpio.o
 .debug_info    0x00005c3f      0xa7e ./Core/Src/i2c.o
 .debug_info    0x000066bd      0xbda ./Core/Src/main.o
 .debug_info    0x00007297      0xc80 ./Core/Src/spi.o
 .debug_info    0x00007f17      0x456 ./Core/Src/stm32f4xx_hal_msp.o
 .debug_info    0x0000836d      0xb75 ./Core/Src/stm32f4xx_hal_timebase_tim.o
 .debug_info    0x00008ee2      0x9f4 ./Core/Src/stm32f4xx_it.o
 .debug_info    0x000098d6      0x53e ./Core/Src/system_stm32f4xx.o
 .debug_info    0x00009e14      0xc19 ./Core/Src/tim.o
 .debug_info    0x0000aa2d      0x955 ./Core/Src/usart.o
 .debug_info    0x0000b382       0x30 ./Core/Startup/startup_stm32f411ceux.o
 .debug_info    0x0000b3b2      0x8c4 ./Drivers/STM32F4xx_HAL_Driver/Src/stm32f4xx_hal.o
 .debug_info    0x0000bc76      0xcd1 ./Drivers/STM32F4xx_HAL_Driver/Src/stm32f4xx_hal_adc.o
 .debug_info    0x0000c947      0xcfc ./Drivers/STM32F4xx_HAL_Driver/Src/stm32f4xx_hal_cortex.o
 .debug_info    0x0000d643      0x8e6 ./Drivers/STM32F4xx_HAL_Driver/Src/stm32f4xx_hal_dma.o
 .debug_info    0x0000df29      0x6f9 ./Drivers/STM32F4xx_HAL_Driver/Src/stm32f4xx_hal_gpio.o
 .debug_info    0x0000e622     0x2426 ./Drivers/STM32F4xx_HAL_Driver/Src/stm32f4xx_hal_i2c.o
 .debug_info    0x00010a48      0x8f0 ./Drivers/STM32F4xx_HAL_Driver/Src/stm32f4xx_hal_rcc.o
 .debug_info    0x00011338     0x1530 ./Drivers/STM32F4xx_HAL_Driver/Src/stm32f4xx_hal_spi.o
 .debug_info    0x00012868     0x2996 ./Drivers/STM32F4xx_HAL_Driver/Src/stm32f4xx_hal_tim.o
 .debug_info    0x000151fe     0x14d4 ./Drivers/STM32F4xx_HAL_Driver/Src/stm32f4xx_hal_tim_ex.o
 .debug_info    0x000166d2     0x2f56 ./Drivers/STM32F4xx_HAL_Driver/Src/stm32f4xx_hal_uart.o
 .debug_info    0x00019628     0x1b60 ./Middlewares/Third_Party/FreeRTOS/Source/CMSIS_RTOS/cmsis_os.o
 .debug_info    0x0001b188      0x2af ./Middlewares/Third_Party/FreeRTOS/Source/list.o
 .debug_info    0x0001b437     0x1ca7 ./Middlewares/Third_Party/FreeRTOS/Source/tasks.o
 .debug_info    0x0001d0de      0x4de ./Middlewares/Third_Party/FreeRTOS/Source/portable/GCC/ARM_CM4F/port.o
 .debug_info    0x0001d5bc      0x4d5 ./Middlewares/Third_Party/FreeRTOS/Source/portable/MemMang/heap_4.o

.debug_abbrev   0x00000000     0x4e7e
 .debug_abbrev  0x00000000      0x273 ./Core/Src/Libraries/BMP280.o
 .debug_abbrev  0x00000273      0x12d ./Core/Src/Libraries/Flash.o
 .debug_abbrev  0x000003a0      0x297 ./Core/Src/Libraries/MPU6050.o
 .debug_abbrev  0x00000637      0x2e2 ./Core/Src/Libraries/NRF24.o
 .debug_abbrev  0x00000919      0x245 ./Core/Src/Modules/INS/attitude.o
 .debug_abbrev  0x00000b5e      0x119 ./Core/Src/Modules/Status/memory.o
 .debug_abbrev  0x00000c77       0xad ./Core/Src/Modules/Status/status.o
 .debug_abbrev  0x00000d24       0xe1 ./Core/Src/Modules/Telemetry/payload.o
 .debug_abbrev  0x00000e05      0x1f2 ./Core/Src/RTOS/RTOS.o
 .debug_abbrev  0x00000ff7      0x1f2 ./Core/Src/adc.o
 .debug_abbrev  0x000011e9      0x10e ./Core/Src/dma.o
 .debug_abbrev  0x000012f7      0x181 ./Core/Src/freertos.o
 .debug_abbrev  0x00001478      0x151 ./Core/Src/gpio.o
 .debug_abbrev  0x000015c9      0x1f6 ./Core/Src/i2c.o
 .debug_abbrev  0x000017bf      0x24e ./Core/Src/main.o
 .debug_abbrev  0x00001a0d      0x25c ./Core/Src/spi.o
 .debug_abbrev  0x00001c69      0x119 ./Core/Src/stm32f4xx_hal_msp.o
 .debug_abbrev  0x00001d82      0x207 ./Core/Src/stm32f4xx_hal_timebase_tim.o
 .debug_abbrev  0x00001f89      0x19a ./Core/Src/stm32f4xx_it.o
 .debug_abbrev  0x00002123      0x11a ./Core/Src/system_stm32f4xx.o
 .debug_abbrev  0x0000223d      0x219 ./Core/Src/tim.o
 .debug_abbrev  0x00002456      0x1f8 ./Core/Src/usart.o
 .debug_abbrev  0x0000264e       0x24 ./Core/Startup/startup_stm32f411ceux.o
 .debug_abbrev  0x00002672      0x24b ./Drivers/STM32F4xx_HAL_Driver/Src/stm32f4xx_hal.o
 .debug_abbrev  0x000028bd      0x20e ./Drivers/STM32F4xx_HAL_Driver/Src/stm32f4xx_hal_adc.o
 .debug_abbrev  0x00002acb      0x31d ./Drivers/STM32F4xx_HAL_Driver/Src/stm32f4xx_hal_cortex.o
 .debug_abbrev  0x00002de8      0x221 ./Drivers/STM32F4xx_HAL_Driver/Src/stm32f4xx_hal_dma.o
 .debug_abbrev  0x00003009      0x1d3 ./Drivers/STM32F4xx_HAL_Driver/Src/stm32f4xx_hal_gpio.o
 .debug_abbrev  0x000031dc      0x2bc ./Drivers/STM32F4xx_HAL_Driver/Src/stm32f4xx_hal_i2c.o
 .debug_abbrev  0x00003498      0x2b6 ./Drivers/STM32F4xx_HAL_Driver/Src/stm32f4xx_hal_rcc.o