../Core/Src/Libraries/BMP280.c:24:6:BMP280_write	16	static
../Core/Src/Libraries/BMP280.c:33:9:BMP280_read	24	static
../Core/Src/Libraries/BMP280.c:43:6:BMP280_config	8	static
../Core/Src/Libraries/BMP280.c:48:6:BMP280_reset	8	static
../Core/Src/Libraries/BMP280.c:52:6:BMP280_flags	16	static
../Core/Src/Libraries/BMP280.c:58:6:BMP280_calibrationData	40	static
../Core/Src/Libraries/BMP280.c:81:6:BMP280_readRawValues	16	static
../Core/Src/Libraries/BMP280.c:93:9:BMP280_measureT	32	static
../Core/Src/Libraries/BMP280.c:102:10:BMP280_measureP	328	static
../Core/Src/Libraries/BMP280.c:122:9:BMP280_measureH	40	static
../Core/Src/Libraries/BMP280.c:134:6:BMP280_init	8	static
../Core/Src/Libraries/BMP280.c:141:6:BMP280_calculate	8	static
